F                                                                        [100%]
================================== FAILURES ===================================
___ test_inventory_concurrent_reservations_against_final_available_quantity ___

db_session = <sqlalchemy.orm.session.AsyncSession object at 0x000001B6D7FBD010>
db_engine = <sqlalchemy.ext.asyncio.engine.AsyncEngine object at 0x000001B6D7B3C890>

    @pytest.mark.asyncio
    async def test_inventory_concurrent_reservations_against_final_available_quantity(db_session, db_engine):
        from app.services.inventory_availability import InventoryAvailabilityService
    
        comp, br = await _make_tenant(db_session, "con1")
        tenant_ctx = TenantContext(company_id=comp.id, branch_id=br.id)
    
        product = Product(
            id="prod-con-1",
            code="PROD-CON-1",
            name="Concurrent Reservation Product",
            price=130.0,
            stock=10,
            category="General",
            barcode="CON-0001",
            company_id=comp.id,
            branch_id=br.id,
        )
        db_session.add(product)
        await db_session.commit()
    
        row_lock_statements: list[str] = []
    
        def _capture_for_update(conn, cursor, statement, parameters, context, executemany):
            if "FOR UPDATE" in statement.upper():
                row_lock_statements.append(statement)
    
        event.listen(db_engine.sync_engine, "before_cursor_execute", _capture_for_update)
        try:
            results = await _run_concurrent_reservations(
                db_engine,
                tenant_ctx,
                product.id,
                qty=10,
                reservation_ids=["SO-CON-001", "SO-CON-002"],
            )
        finally:
            event.remove(db_engine.sync_engine, "before_cursor_execute", _capture_for_update)
    
        successes = [r for r in results if isinstance(r, dict) and r.get("status") == "reserved"]
        failures = [r for r in results if isinstance(r, HTTPException)]
    
>       assert len(successes) == 1
E       AssertionError: assert 2 == 1
E        +  where 2 = len([{'product_id': 'prod-con-1', 'reservation_type': 'SO', 'reservation_id': 'SO-CON-001', 'reserved_qty': 10.0, ...}, {'product_id': 'prod-con-1', 'reservation_type': 'SO', 'reservation_id': 'SO-CON-002', 'reserved_qty': 20.0, ...}])

backend\app\tests\test_inventory.py:1022: AssertionError
---------------------------- Captured stdout setup ----------------------------
2026-08-02 15:02:20,972 INFO sqlalchemy.engine.Engine select pg_catalog.version()
2026-08-02 15:02:20,972 INFO sqlalchemy.engine.Engine [raw sql] ()
2026-08-02 15:02:20,976 INFO sqlalchemy.engine.Engine select current_schema()
2026-08-02 15:02:20,977 INFO sqlalchemy.engine.Engine [raw sql] ()
2026-08-02 15:02:20,981 INFO sqlalchemy.engine.Engine show standard_conforming_strings
2026-08-02 15:02:20,981 INFO sqlalchemy.engine.Engine [raw sql] ()
2026-08-02 15:02:20,985 INFO sqlalchemy.engine.Engine BEGIN (implicit)
2026-08-02 15:02:20,986 INFO sqlalchemy.engine.Engine SELECT tablename FROM pg_tables WHERE schemaname = 'public'
2026-08-02 15:02:20,987 INFO sqlalchemy.engine.Engine [generated in 0.00052s] ()
2026-08-02 15:02:21,001 INFO sqlalchemy.engine.Engine TRUNCATE TABLE stores, barcode_layouts, size_conversions, smriti_approval_requests, stock_movements, supplier_contacts, suppliers, master_values, customers, customer_contacts, customer_groups, smriti_api_key_permission_sets, supplier_bank_details, identity_rules, system_configs, smriti_identity_rules, smriti_approval_conditions, gstr_filing_records, gst_reconciliation_records, system_bootstrap_states, sales_quotations, variant_templates, smriti_permission_set_permissions, product_identities, smriti_approval_histories, smriti_universal_identities, sales_quotation_items, product_inventory_policies, barcode_providers, refresh_token_blacklist, tally_configs, customer_tax_profiles, smriti_roles, branches, approval_workflow_logs, size_values, purchase_receipt_items, smriti_approval_comments, terms_clauses, workflow_events, sales_invoices, purchase_jurisdiction_configs, smriti_approval_assignments, sales_invoice_items, smriti_approval_policies, shifts, cash_registers, attribute_groups, user_store_assignments, user_branch_assignments, customer_addresses, size_scales, terms_snapshots, psv_sku_tracking, supplier_tax_profiles, product_tax_profiles, numbering_audit_logs, data_exchange_tasks, supplier_addresses, gstr_outbox_logs, smriti_approval_escalations, smriti_approval_delegations, report_schedules, smriti_api_keys, sales_order_items, terms_defaults, warehouses, customer_credit_profiles, psv_parties, roles, document_series, stock_transfer_order_items, user_company_assignments, master_types, smriti_approval_actions, purchase_receipts, smriti_approval_steps, purchase_order_items, stock_rebalancing_recommendations, data_exchange_field_mappings, sales_orders, smriti_identity_outbox, products, smriti_approval_matrices, pricing_groups, product_vendors, stock_transfer_orders, supplier_credit_profiles, purchase_orders, screen_layout_templates, smriti_permissions, sales_returns, supplier_compliance_profiles, print_profiles, smriti_menus, users, purchase_reorder_configs, smriti_permission_sets, supplier_payments, category_attribute_group_mappings, smriti_service_accounts, sales_return_items, companies, smriti_user_roles, smriti_security_audits, print_histories, attribute_definitions, supplier_payment_profiles, smriti_approval_outbox, smriti_api_key_logs, smriti_identity_rule_versions, customer_channel_preferences, smriti_role_permission_sets, print_templates RESTART IDENTITY CASCADE
2026-08-02 15:02:21,001 INFO sqlalchemy.engine.Engine [generated in 0.00024s] ()
2026-08-02 15:02:25,023 INFO sqlalchemy.engine.Engine COMMIT
2026-08-02 15:02:25,201 INFO sqlalchemy.engine.Engine BEGIN (implicit)
2026-08-02 15:02:25,201 INFO sqlalchemy.engine.Engine INSERT INTO companies (id, uuid, name, gst_number, is_active, is_deleted, created_at, modified_at) VALUES ('comp-default', $1, 'Default Company', '27ABCDE1234F1Z5', true, false, now(), now()) ON CONFLICT (id) DO NOTHING
2026-08-02 15:02:25,201 INFO sqlalchemy.engine.Engine [generated in 0.00020s] ('5d1b3e8c-ddb5-412b-abb6-5854ce114bbe',)
2026-08-02 15:02:25,210 INFO sqlalchemy.engine.Engine INSERT INTO branches (id, uuid, company_id, name, code, is_active, is_deleted, created_at, modified_at) VALUES ('br-default', $1, 'comp-default', 'Default Branch', 'BR-DFT', true, false, now(), now()) ON CONFLICT (id) DO NOTHING
2026-08-02 15:02:25,210 INFO sqlalchemy.engine.Engine [generated in 0.00021s] ('56853bde-6ddc-49de-8755-7af39d09c25e',)
2026-08-02 15:02:25,218 INFO sqlalchemy.engine.Engine INSERT INTO smriti_roles (id, uuid, code, name, description, is_system_role, is_active, is_deleted, created_at, modified_at) VALUES ($1, $2, $3, $4, 'SMRITI default system role.', true, true, false, now(), now()) ON CONFLICT (id) DO NOTHING
2026-08-02 15:02:25,218 INFO sqlalchemy.engine.Engine [generated in 0.00027s] [('role-sysadmin', '99de37a8-46e2-432d-9168-b83b23255837', 'SYSADMIN', 'System Administrator'), ('role-administrator', 'abd7bf52-060f-44f4-92b6-c31139896e2d', 'ADMINISTRATOR', 'Platform Administrator'), ('role-owner', '5502a04e-eafb-43ec-88fe-218dbb6db74b', 'OWNER', 'Company Owner'), ('role-company-admin', '6b7e8659-c95c-4e9b-80a6-c925b36c4f2e', 'COMPANY_ADMIN', 'Company Administrator'), ('role-branch-admin', '14795cf9-c9f3-4924-b739-8705f96ddb12', 'BRANCH_ADMIN', 'Branch Administrator'), ('role-manager', '019abbcb-9b69-423d-90af-732a973fd86c', 'MANAGER', 'Branch Manager'), ('role-supervisor', '5aa8b943-bac5-4825-a23d-de5a0ece3762', 'SUPERVISOR', 'Supervisor'), ('role-staff', '2eadde68-9544-437d-b43c-d50fb465f2d5', 'STAFF', 'Staff User')  ... displaying 10 of 11 total bound parameter sets ...  ('role-reporter', 'beea7633-5319-479f-9138-0d765324e65c', 'REPORT_USER', 'Reports Portal User'), ('role-viewer', '39028aee-c4ff-4857-a29f-c256fada856e', 'VIEWER', 'Read Only Viewer')]
2026-08-02 15:02:25,226 INFO sqlalchemy.engine.Engine INSERT INTO smriti_permissions (id, uuid, code, resource, action, scope, module, description, is_active, is_deleted, created_at, modified_at) VALUES ($1, $2, $3, $4, $5, $6, $7, $8, true, false, now(), now()) ON CONFLICT (id) DO NOTHING
2026-08-02 15:02:25,226 INFO sqlalchemy.engine.Engine [generated in 0.00091s] [('perm-system-config', '234ab40e-3155-4f00-9f69-87e66e2b9fcd', 'SYSTEM.CONFIG', 'Configuration', 'Manage', 'GLOBAL', 'System', 'Allows editing global system parameters and configurations'), ('perm-license-manage', '363fff07-f96b-4e26-9721-32d465120209', 'LICENSE.MANAGE', 'License', 'Manage', 'GLOBAL', 'System', 'Allows managing product licensing and activation keys'), ('perm-developer-debug', '72fef014-6cbc-4e8d-aa82-4e494e230b00', 'DEVELOPER.DEBUG', 'DeveloperTools', 'Access', 'GLOBAL', 'System', 'Allows access to developer/debugging tools'), ('perm-api-manage', '4da39359-e075-4857-a6a7-aac54a8f81ce', 'API.MANAGE', 'APIKey', 'Manage', 'GLOBAL', 'System', 'Allows managing external API access credentials'), ('perm-security-manage_roles', 'a65611b1-0eeb-4925-a5b3-fb62a2fa0e9a', 'SECURITY.MANAGE_ROLES', 'Role', 'Manage', 'GLOBAL', 'Security', 'Allows creating, modifying, and deleting system roles'), ('perm-security-manage_policies', 'd24300ad-7426-4a8a-b6c4-b1341d0e8f84', 'SECURITY.MANAGE_POLICIES', 'Policy', 'Manage', 'GLOBAL', 'Security', 'Allows creating, modifying, and deleting access policies'), ('perm-security-view_settings', 'a4b9d501-0d8d-4864-88da-d8a3c53ad813', 'SECURITY.VIEW_SETTINGS', 'Settings', 'View', 'OWN_BRANCH', 'Security', 'Allows viewing security settings and auditing logs'), ('perm-sales-create', '6c4c684f-a2b4-4eac-9af7-9fdcbb3be018', 'SALES.CREATE', 'Invoice', 'Create', 'OWN_BRANCH', 'Sales', 'Allows creating sales invoices')  ... displaying 10 of 60 total bound parameter sets ...  ('perm-settings-view', 'e0b6eef0-ee75-41ff-b5e8-ef733775dea5', 'SETTINGS.VIEW', 'Settings', 'View', 'OWN_BRANCH', 'Core', 'Allows viewing general application settings'), ('perm-audit-view', '40175678-03f0-4102-8efd-f6fd73ef0759', 'AUDIT.VIEW', 'AuditLog', 'View', 'COMPANY', 'Security', 'Allows viewing immutable audit trail logs')]
2026-08-02 15:02:25,236 INFO sqlalchemy.engine.Engine INSERT INTO smriti_permission_sets (id, uuid, code, name, description, is_active, is_deleted, created_at, modified_at) VALUES ($1, $2, $3, $4, $5, true, false, now(), now()) ON CONFLICT (id) DO NOTHING
2026-08-02 15:02:25,236 INFO sqlalchemy.engine.Engine [generated in 0.00027s] [('pol-sales-mgmt', '5d04500b-ea1b-48ee-b559-967eeda7cfe7', 'POL-SALES-MGMT', 'Sales Management Policy', 'Sales Management Policy'), ('pol-sales-ops', '8df2c8bf-ff12-4d43-a680-fb226f410ecd', 'POL-SALES-OPS', 'Sales Operations Policy', 'Sales Operations Policy'), ('pol-inventory-mgmt', '0d0ef714-4e63-41e6-86c7-ab83ca87c5a0', 'POL-INVENTORY-MGMT', 'Inventory Management Policy', 'Inventory Management Policy'), ('pol-crm-mgmt', '746ef571-0404-47ac-b1f4-7ab09890cb79', 'POL-CRM-MGMT', 'CRM Management Policy', 'CRM Management Policy'), ('pol-purchase-mgmt', 'd84f2328-cf89-41e2-9157-ff465cd2e592', 'POL-PURCHASE-MGMT', 'Purchase Management Policy', 'Purchase Management Policy'), ('pol-reporting', 'b8b8754f-524e-4cac-8ec2-148963ac4a20', 'POL-REPORTING', 'Reporting Policy', 'Reporting Policy'), ('pol-security-admin', '752a73b0-91fb-4e8f-9ae3-d7ea8ebb7e38', 'POL-SECURITY-ADMIN', 'Security Administration Policy', 'Security Administration Policy'), ('pol-core-view', '0db1952d-195f-4796-9268-e48d11a58381', 'POL-CORE-VIEW', 'Core View Policy', 'Core View Policy')]
2026-08-02 15:02:25,240 INFO sqlalchemy.engine.Engine SELECT id, code FROM smriti_permission_sets
2026-08-02 15:02:25,240 INFO sqlalchemy.engine.Engine [generated in 0.00020s] ()
2026-08-02 15:02:25,243 INFO sqlalchemy.engine.Engine SELECT id, code FROM smriti_permissions
2026-08-02 15:02:25,243 INFO sqlalchemy.engine.Engine [generated in 0.00018s] ()
2026-08-02 15:02:25,247 INFO sqlalchemy.engine.Engine INSERT INTO smriti_permission_set_permissions (id, uuid, permission_set_id, permission_id, permission_type, created_at, modified_at) VALUES ($1, $2, $3, $4, 'ALLOW', now(), now()) ON CONFLICT DO NOTHING
2026-08-02 15:02:25,247 INFO sqlalchemy.engine.Engine [generated in 0.00029s] [('5fc62d4b-3d84-411e-8068-60a7b0b7651e', 'e91fd7af-34e2-4a9e-b815-7ee1cf0d3314', 'pol-sales-mgmt', 'perm-sales-create'), ('47cffdcf-7dd0-46a3-88f8-0d87eb9311f8', 'b936c0d4-157b-4001-a147-1c4ec8bade1b', 'pol-sales-mgmt', 'perm-sales-update'), ('c77f6494-5fcb-4559-bdfb-52494a2a0b3c', 'db7e999f-c7d3-4b72-83aa-bad4457acd8f', 'pol-sales-mgmt', 'perm-sales-approve'), ('c546d954-cb67-40a8-aa4a-8e15e0c18074', '9ab97d7e-aad5-409f-8910-3c79d2e80f4b', 'pol-sales-mgmt', 'perm-sales-view'), ('b2f71182-0e9d-4cd2-aa7d-63b4cc2cb64a', '4146db98-cd4f-4566-95db-a89c31e386cb', 'pol-sales-mgmt', 'perm-sales-delete'), ('30985721-df4e-4ed5-963d-c3b8b5616c06', '0aad4207-9b6f-4d0a-abfc-2a64d6fd5a90', 'pol-sales-mgmt', 'perm-pos-checkout'), ('10800998-4497-48fe-af88-82ad4f77e013', 'bb841f81-8664-40fc-beef-4e72508ad7e1', 'pol-sales-mgmt', 'perm-pos-open_shift'), ('f667442a-ae09-434e-9e10-f60b175561d7', '9fa0a5b5-cee9-41ba-b664-039ffbdeb6af', 'pol-sales-mgmt', 'perm-pos-close_shift')  ... displaying 10 of 34 total bound parameter sets ...  ('5124e206-a124-440d-8899-33cb77523a32', '396f507e-3567-4e2a-bc30-bcecc326e174', 'pol-core-view', 'perm-item-view'), ('0d0ec360-d520-4453-afdf-fa9be7c1e385', 'dfffeb55-b362-4c53-8d05-f35940e11804', 'pol-core-view', 'perm-report-view')]
2026-08-02 15:02:25,259 INFO sqlalchemy.engine.Engine SELECT id, code FROM smriti_roles
2026-08-02 15:02:25,259 INFO sqlalchemy.engine.Engine [generated in 0.00022s] ()
2026-08-02 15:02:25,262 INFO sqlalchemy.engine.Engine INSERT INTO smriti_role_permission_sets (id, uuid, role_id, permission_set_id, created_at, modified_at) VALUES ($1, $2, $3, $4, now(), now()) ON CONFLICT DO NOTHING
2026-08-02 15:02:25,262 INFO sqlalchemy.engine.Engine [generated in 0.00031s] [('7748a719-3483-4c89-b0fa-42f317b0d8eb', 'e9dcf035-4c95-42e6-b2ce-41ee516c5cc7', 'role-sysadmin', 'pol-sales-mgmt'), ('074d3463-2d15-48d8-b4f4-3d9964e83b6e', '63ff90e7-c6ed-45f1-9bbc-cd743904e0d1', 'role-sysadmin', 'pol-inventory-mgmt'), ('08c2efee-0a7c-4819-a191-c2b8b4243037', '26cfb90d-a55f-41e8-a1c8-de0e86610a8c', 'role-sysadmin', 'pol-crm-mgmt'), ('56d76e4c-fc80-4d1f-8ca2-fa132eeb1cd8', 'd17874ae-7bf2-4dd0-8cbc-a77560619582', 'role-sysadmin', 'pol-purchase-mgmt'), ('3b516533-28e1-428f-9709-92f238c2ff8e', 'ec448117-9b49-4e3e-aab4-941ac6bf8c7a', 'role-sysadmin', 'pol-reporting'), ('1e6e06ab-4e68-45e3-8a34-437136dcbd0b', '25c320ff-f822-402a-918d-226ebacd0ef0', 'role-sysadmin', 'pol-security-admin'), ('618e29d3-1dd9-4cf7-9dbb-7baf94998e16', '980c5721-a67f-4ecc-a272-0324ce236f58', 'role-administrator', 'pol-sales-mgmt'), ('b44b5882-cd61-40b3-ba41-119888b45d4a', '261d306a-be1c-4f50-98d8-269e3ce84ada', 'role-administrator', 'pol-inventory-mgmt')  ... displaying 10 of 39 total bound parameter sets ...  ('b7854377-e554-4c53-86bb-79ad2bb9f5fc', '57e6c60e-124e-4c5a-9093-905d6aa331f6', 'role-reporter', 'pol-reporting'), ('821821ad-be35-4961-9641-119997477968', '79c152e6-d98b-4aa6-b928-0458b989d35c', 'role-viewer', 'pol-core-view')]
2026-08-02 15:02:25,274 INFO sqlalchemy.engine.Engine COMMIT
----------------------------- Captured log setup ------------------------------
INFO     sqlalchemy.engine.Engine:base.py:1848 select pg_catalog.version()
INFO     sqlalchemy.engine.Engine:base.py:1848 [raw sql] ()
INFO     sqlalchemy.engine.Engine:base.py:1848 select current_schema()
INFO     sqlalchemy.engine.Engine:base.py:1848 [raw sql] ()
INFO     sqlalchemy.engine.Engine:base.py:1848 show standard_conforming_strings
INFO     sqlalchemy.engine.Engine:base.py:1848 [raw sql] ()
INFO     sqlalchemy.engine.Engine:base.py:2712 BEGIN (implicit)
INFO     sqlalchemy.engine.Engine:base.py:1848 SELECT tablename FROM pg_tables WHERE schemaname = 'public'
INFO     sqlalchemy.engine.Engine:base.py:1848 [generated in 0.00052s] ()
INFO     sqlalchemy.engine.Engine:base.py:1848 TRUNCATE TABLE stores, barcode_layouts, size_conversions, smriti_approval_requests, stock_movements, supplier_contacts, suppliers, master_values, customers, customer_contacts, customer_groups, smriti_api_key_permission_sets, supplier_bank_details, identity_rules, system_configs, smriti_identity_rules, smriti_approval_conditions, gstr_filing_records, gst_reconciliation_records, system_bootstrap_states, sales_quotations, variant_templates, smriti_permission_set_permissions, product_identities, smriti_approval_histories, smriti_universal_identities, sales_quotation_items, product_inventory_policies, barcode_providers, refresh_token_blacklist, tally_configs, customer_tax_profiles, smriti_roles, branches, approval_workflow_logs, size_values, purchase_receipt_items, smriti_approval_comments, terms_clauses, workflow_events, sales_invoices, purchase_jurisdiction_configs, smriti_approval_assignments, sales_invoice_items, smriti_approval_policies, shifts, cash_registers, attribute_groups, user_store_assignments, user_branch_assignments, customer_addresses, size_scales, terms_snapshots, psv_sku_tracking, supplier_tax_profiles, product_tax_profiles, numbering_audit_logs, data_exchange_tasks, supplier_addresses, gstr_outbox_logs, smriti_approval_escalations, smriti_approval_delegations, report_schedules, smriti_api_keys, sales_order_items, terms_defaults, warehouses, customer_credit_profiles, psv_parties, roles, document_series, stock_transfer_order_items, user_company_assignments, master_types, smriti_approval_actions, purchase_receipts, smriti_approval_steps, purchase_order_items, stock_rebalancing_recommendations, data_exchange_field_mappings, sales_orders, smriti_identity_outbox, products, smriti_approval_matrices, pricing_groups, product_vendors, stock_transfer_orders, supplier_credit_profiles, purchase_orders, screen_layout_templates, smriti_permissions, sales_returns, supplier_compliance_profiles, print_profiles, smriti_menus, users, purchase_reorder_configs, smriti_permission_sets, supplier_payments, category_attribute_group_mappings, smriti_service_accounts, sales_return_items, companies, smriti_user_roles, smriti_security_audits, print_histories, attribute_definitions, supplier_payment_profiles, smriti_approval_outbox, smriti_api_key_logs, smriti_identity_rule_versions, customer_channel_preferences, smriti_role_permission_sets, print_templates RESTART IDENTITY CASCADE
INFO     sqlalchemy.engine.Engine:base.py:1848 [generated in 0.00024s] ()
INFO     sqlalchemy.engine.Engine:base.py:2718 COMMIT
INFO     sqlalchemy.engine.Engine:base.py:2712 BEGIN (implicit)
INFO     sqlalchemy.engine.Engine:base.py:1848 INSERT INTO companies (id, uuid, name, gst_number, is_active, is_deleted, created_at, modified_at) VALUES ('comp-default', $1, 'Default Company', '27ABCDE1234F1Z5', true, false, now(), now()) ON CONFLICT (id) DO NOTHING
INFO     sqlalchemy.engine.Engine:base.py:1848 [generated in 0.00020s] ('5d1b3e8c-ddb5-412b-abb6-5854ce114bbe',)
INFO     sqlalchemy.engine.Engine:base.py:1848 INSERT INTO branches (id, uuid, company_id, name, code, is_active, is_deleted, created_at, modified_at) VALUES ('br-default', $1, 'comp-default', 'Default Branch', 'BR-DFT', true, false, now(), now()) ON CONFLICT (id) DO NOTHING
INFO     sqlalchemy.engine.Engine:base.py:1848 [generated in 0.00021s] ('56853bde-6ddc-49de-8755-7af39d09c25e',)
INFO     sqlalchemy.engine.Engine:base.py:1848 INSERT INTO smriti_roles (id, uuid, code, name, description, is_system_role, is_active, is_deleted, created_at, modified_at) VALUES ($1, $2, $3, $4, 'SMRITI default system role.', true, true, false, now(), now()) ON CONFLICT (id) DO NOTHING
INFO     sqlalchemy.engine.Engine:base.py:1848 [generated in 0.00027s] [('role-sysadmin', '99de37a8-46e2-432d-9168-b83b23255837', 'SYSADMIN', 'System Administrator'), ('role-administrator', 'abd7bf52-060f-44f4-92b6-c31139896e2d', 'ADMINISTRATOR', 'Platform Administrator'), ('role-owner', '5502a04e-eafb-43ec-88fe-218dbb6db74b', 'OWNER', 'Company Owner'), ('role-company-admin', '6b7e8659-c95c-4e9b-80a6-c925b36c4f2e', 'COMPANY_ADMIN', 'Company Administrator'), ('role-branch-admin', '14795cf9-c9f3-4924-b739-8705f96ddb12', 'BRANCH_ADMIN', 'Branch Administrator'), ('role-manager', '019abbcb-9b69-423d-90af-732a973fd86c', 'MANAGER', 'Branch Manager'), ('role-supervisor', '5aa8b943-bac5-4825-a23d-de5a0ece3762', 'SUPERVISOR', 'Supervisor'), ('role-staff', '2eadde68-9544-437d-b43c-d50fb465f2d5', 'STAFF', 'Staff User')  ... displaying 10 of 11 total bound parameter sets ...  ('role-reporter', 'beea7633-5319-479f-9138-0d765324e65c', 'REPORT_USER', 'Reports Portal User'), ('role-viewer', '39028aee-c4ff-4857-a29f-c256fada856e', 'VIEWER', 'Read Only Viewer')]
INFO     sqlalchemy.engine.Engine:base.py:1848 INSERT INTO smriti_permissions (id, uuid, code, resource, action, scope, module, description, is_active, is_deleted, created_at, modified_at) VALUES ($1, $2, $3, $4, $5, $6, $7, $8, true, false, now(), now()) ON CONFLICT (id) DO NOTHING
INFO     sqlalchemy.engine.Engine:base.py:1848 [generated in 0.00091s] [('perm-system-config', '234ab40e-3155-4f00-9f69-87e66e2b9fcd', 'SYSTEM.CONFIG', 'Configuration', 'Manage', 'GLOBAL', 'System', 'Allows editing global system parameters and configurations'), ('perm-license-manage', '363fff07-f96b-4e26-9721-32d465120209', 'LICENSE.MANAGE', 'License', 'Manage', 'GLOBAL', 'System', 'Allows managing product licensing and activation keys'), ('perm-developer-debug', '72fef014-6cbc-4e8d-aa82-4e494e230b00', 'DEVELOPER.DEBUG', 'DeveloperTools', 'Access', 'GLOBAL', 'System', 'Allows access to developer/debugging tools'), ('perm-api-manage', '4da39359-e075-4857-a6a7-aac54a8f81ce', 'API.MANAGE', 'APIKey', 'Manage', 'GLOBAL', 'System', 'Allows managing external API access credentials'), ('perm-security-manage_roles', 'a65611b1-0eeb-4925-a5b3-fb62a2fa0e9a', 'SECURITY.MANAGE_ROLES', 'Role', 'Manage', 'GLOBAL', 'Security', 'Allows creating, modifying, and deleting system roles'), ('perm-security-manage_policies', 'd24300ad-7426-4a8a-b6c4-b1341d0e8f84', 'SECURITY.MANAGE_POLICIES', 'Policy', 'Manage', 'GLOBAL', 'Security', 'Allows creating, modifying, and deleting access policies'), ('perm-security-view_settings', 'a4b9d501-0d8d-4864-88da-d8a3c53ad813', 'SECURITY.VIEW_SETTINGS', 'Settings', 'View', 'OWN_BRANCH', 'Security', 'Allows viewing security settings and auditing logs'), ('perm-sales-create', '6c4c684f-a2b4-4eac-9af7-9fdcbb3be018', 'SALES.CREATE', 'Invoice', 'Create', 'OWN_BRANCH', 'Sales', 'Allows creating sales invoices')  ... displaying 10 of 60 total bound parameter sets ...  ('perm-settings-view', 'e0b6eef0-ee75-41ff-b5e8-ef733775dea5', 'SETTINGS.VIEW', 'Settings', 'View', 'OWN_BRANCH', 'Core', 'Allows viewing general application settings'), ('perm-audit-view', '40175678-03f0-4102-8efd-f6fd73ef0759', 'AUDIT.VIEW', 'AuditLog', 'View', 'COMPANY', 'Security', 'Allows viewing immutable audit trail logs')]
INFO     sqlalchemy.engine.Engine:base.py:1848 INSERT INTO smriti_permission_sets (id, uuid, code, name, description, is_active, is_deleted, created_at, modified_at) VALUES ($1, $2, $3, $4, $5, true, false, now(), now()) ON CONFLICT (id) DO NOTHING
INFO     sqlalchemy.engine.Engine:base.py:1848 [generated in 0.00027s] [('pol-sales-mgmt', '5d04500b-ea1b-48ee-b559-967eeda7cfe7', 'POL-SALES-MGMT', 'Sales Management Policy', 'Sales Management Policy'), ('pol-sales-ops', '8df2c8bf-ff12-4d43-a680-fb226f410ecd', 'POL-SALES-OPS', 'Sales Operations Policy', 'Sales Operations Policy'), ('pol-inventory-mgmt', '0d0ef714-4e63-41e6-86c7-ab83ca87c5a0', 'POL-INVENTORY-MGMT', 'Inventory Management Policy', 'Inventory Management Policy'), ('pol-crm-mgmt', '746ef571-0404-47ac-b1f4-7ab09890cb79', 'POL-CRM-MGMT', 'CRM Management Policy', 'CRM Management Policy'), ('pol-purchase-mgmt', 'd84f2328-cf89-41e2-9157-ff465cd2e592', 'POL-PURCHASE-MGMT', 'Purchase Management Policy', 'Purchase Management Policy'), ('pol-reporting', 'b8b8754f-524e-4cac-8ec2-148963ac4a20', 'POL-REPORTING', 'Reporting Policy', 'Reporting Policy'), ('pol-security-admin', '752a73b0-91fb-4e8f-9ae3-d7ea8ebb7e38', 'POL-SECURITY-ADMIN', 'Security Administration Policy', 'Security Administration Policy'), ('pol-core-view', '0db1952d-195f-4796-9268-e48d11a58381', 'POL-CORE-VIEW', 'Core View Policy', 'Core View Policy')]
INFO     sqlalchemy.engine.Engine:base.py:1848 SELECT id, code FROM smriti_permission_sets
INFO     sqlalchemy.engine.Engine:base.py:1848 [generated in 0.00020s] ()
INFO     sqlalchemy.engine.Engine:base.py:1848 SELECT id, code FROM smriti_permissions
INFO     sqlalchemy.engine.Engine:base.py:1848 [generated in 0.00018s] ()
INFO     sqlalchemy.engine.Engine:base.py:1848 INSERT INTO smriti_permission_set_permissions (id, uuid, permission_set_id, permission_id, permission_type, created_at, modified_at) VALUES ($1, $2, $3, $4, 'ALLOW', now(), now()) ON CONFLICT DO NOTHING
INFO     sqlalchemy.engine.Engine:base.py:1848 [generated in 0.00029s] [('5fc62d4b-3d84-411e-8068-60a7b0b7651e', 'e91fd7af-34e2-4a9e-b815-7ee1cf0d3314', 'pol-sales-mgmt', 'perm-sales-create'), ('47cffdcf-7dd0-46a3-88f8-0d87eb9311f8', 'b936c0d4-157b-4001-a147-1c4ec8bade1b', 'pol-sales-mgmt', 'perm-sales-update'), ('c77f6494-5fcb-4559-bdfb-52494a2a0b3c', 'db7e999f-c7d3-4b72-83aa-bad4457acd8f', 'pol-sales-mgmt', 'perm-sales-approve'), ('c546d954-cb67-40a8-aa4a-8e15e0c18074', '9ab97d7e-aad5-409f-8910-3c79d2e80f4b', 'pol-sales-mgmt', 'perm-sales-view'), ('b2f71182-0e9d-4cd2-aa7d-63b4cc2cb64a', '4146db98-cd4f-4566-95db-a89c31e386cb', 'pol-sales-mgmt', 'perm-sales-delete'), ('30985721-df4e-4ed5-963d-c3b8b5616c06', '0aad4207-9b6f-4d0a-abfc-2a64d6fd5a90', 'pol-sales-mgmt', 'perm-pos-checkout'), ('10800998-4497-48fe-af88-82ad4f77e013', 'bb841f81-8664-40fc-beef-4e72508ad7e1', 'pol-sales-mgmt', 'perm-pos-open_shift'), ('f667442a-ae09-434e-9e10-f60b175561d7', '9fa0a5b5-cee9-41ba-b664-039ffbdeb6af', 'pol-sales-mgmt', 'perm-pos-close_shift')  ... displaying 10 of 34 total bound parameter sets ...  ('5124e206-a124-440d-8899-33cb77523a32', '396f507e-3567-4e2a-bc30-bcecc326e174', 'pol-core-view', 'perm-item-view'), ('0d0ec360-d520-4453-afdf-fa9be7c1e385', 'dfffeb55-b362-4c53-8d05-f35940e11804', 'pol-core-view', 'perm-report-view')]
INFO     sqlalchemy.engine.Engine:base.py:1848 SELECT id, code FROM smriti_roles
INFO     sqlalchemy.engine.Engine:base.py:1848 [generated in 0.00022s] ()
INFO     sqlalchemy.engine.Engine:base.py:1848 INSERT INTO smriti_role_permission_sets (id, uuid, role_id, permission_set_id, created_at, modified_at) VALUES ($1, $2, $3, $4, now(), now()) ON CONFLICT DO NOTHING
INFO     sqlalchemy.engine.Engine:base.py:1848 [generated in 0.00031s] [('7748a719-3483-4c89-b0fa-42f317b0d8eb', 'e9dcf035-4c95-42e6-b2ce-41ee516c5cc7', 'role-sysadmin', 'pol-sales-mgmt'), ('074d3463-2d15-48d8-b4f4-3d9964e83b6e', '63ff90e7-c6ed-45f1-9bbc-cd743904e0d1', 'role-sysadmin', 'pol-inventory-mgmt'), ('08c2efee-0a7c-4819-a191-c2b8b4243037', '26cfb90d-a55f-41e8-a1c8-de0e86610a8c', 'role-sysadmin', 'pol-crm-mgmt'), ('56d76e4c-fc80-4d1f-8ca2-fa132eeb1cd8', 'd17874ae-7bf2-4dd0-8cbc-a77560619582', 'role-sysadmin', 'pol-purchase-mgmt'), ('3b516533-28e1-428f-9709-92f238c2ff8e', 'ec448117-9b49-4e3e-aab4-941ac6bf8c7a', 'role-sysadmin', 'pol-reporting'), ('1e6e06ab-4e68-45e3-8a34-437136dcbd0b', '25c320ff-f822-402a-918d-226ebacd0ef0', 'role-sysadmin', 'pol-security-admin'), ('618e29d3-1dd9-4cf7-9dbb-7baf94998e16', '980c5721-a67f-4ecc-a272-0324ce236f58', 'role-administrator', 'pol-sales-mgmt'), ('b44b5882-cd61-40b3-ba41-119888b45d4a', '261d306a-be1c-4f50-98d8-269e3ce84ada', 'role-administrator', 'pol-inventory-mgmt')  ... displaying 10 of 39 total bound parameter sets ...  ('b7854377-e554-4c53-86bb-79ad2bb9f5fc', '57e6c60e-124e-4c5a-9093-905d6aa331f6', 'role-reporter', 'pol-reporting'), ('821821ad-be35-4961-9641-119997477968', '79c152e6-d98b-4aa6-b928-0458b989d35c', 'role-viewer', 'pol-core-view')]
INFO     sqlalchemy.engine.Engine:base.py:2718 COMMIT
---------------------------- Captured stdout call -----------------------------
2026-08-02 15:02:25,926 INFO sqlalchemy.engine.Engine BEGIN (implicit)
2026-08-02 15:02:25,929 INFO sqlalchemy.engine.Engine INSERT INTO companies (id, uuid, tenant_id, name, gst_number, is_active, is_deleted, created_at, modified_at, organization_id, company_code, legal_name, short_name, company_type, industry_type, is_default, is_gst_registered, incorporation_date, fiscal_year_start_month, currency_code, country_code, timezone, language_code, description) VALUES ($1::VARCHAR, $2::VARCHAR, $3::VARCHAR, $4::VARCHAR, $5::VARCHAR, $6::BOOLEAN, $7::BOOLEAN, $8::TIMESTAMP WITH TIME ZONE, $9::TIMESTAMP WITH TIME ZONE, $10::VARCHAR, $11::VARCHAR, $12::VARCHAR, $13::VARCHAR, $14::VARCHAR, $15::VARCHAR, $16::BOOLEAN, $17::BOOLEAN, $18::DATE, $19::SMALLINT, $20::VARCHAR, $21::VARCHAR, $22::VARCHAR, $23::VARCHAR, $24::VARCHAR)
2026-08-02 15:02:25,929 INFO sqlalchemy.engine.Engine [generated in 0.00040s] ('comp-inv-con1', 'f0c2e466-e3c5-4724-8c38-5fb50c14ecda', None, 'Inv Co con1', '27ABCDE1234F1Z5', True, False, datetime.datetime(2026, 8, 2, 9, 32, 25, 928957), datetime.datetime(2026, 8, 2, 9, 32, 25, 928963), None, None, None, None, 'PRIVATE_LTD', 'RETAIL', False, False, None, 4, 'INR', 'IN', 'Asia/Kolkata', 'en-IN', None)
2026-08-02 15:02:25,934 INFO sqlalchemy.engine.Engine INSERT INTO branches (id, uuid, tenant_id, company_id, name, code, is_active, is_deleted, created_at, modified_at, branch_type, gstin, phone, email, manager_user_id) VALUES ($1::VARCHAR, $2::VARCHAR, $3::VARCHAR, $4::VARCHAR, $5::VARCHAR, $6::VARCHAR, $7::BOOLEAN, $8::BOOLEAN, $9::TIMESTAMP WITH TIME ZONE, $10::TIMESTAMP WITH TIME ZONE, $11::VARCHAR, $12::VARCHAR, $13::VARCHAR, $14::VARCHAR, $15::VARCHAR)
2026-08-02 15:02:25,934 INFO sqlalchemy.engine.Engine [generated in 0.00039s] ('br-inv-con1', '330d6389-c372-4ffa-80a8-55d0dee5855d', None, 'comp-inv-con1', 'Inv Br con1', 'BRINV-con1', True, False, datetime.datetime(2026, 8, 2, 9, 32, 25, 934478), datetime.datetime(2026, 8, 2, 9, 32, 25, 934482), 'RETAIL', None, None, None, None)
2026-08-02 15:02:25,937 INFO sqlalchemy.engine.Engine COMMIT
2026-08-02 15:02:25,940 INFO sqlalchemy.engine.Engine BEGIN (implicit)
2026-08-02 15:02:25,943 INFO sqlalchemy.engine.Engine INSERT INTO products (code, name, price, stock, reserved_stock, category, is_favorite, barcode, brand, color, size, mrp, gst_percentage, style_code, cost_price, sku, hsn_code, pricing_mode, tracking_mode, variant_template_id, size_scale_id, sourcing_mode_override, weight_grams, attributes, primary_image_url, id, uuid, tenant_id, company_id, branch_id, created_at, modified_at, created_by, updated_by, is_active, is_deleted, deleted_at, deleted_by, version, workflow_status, document_number) VALUES ($1::VARCHAR, $2::VARCHAR, $3::NUMERIC(15, 2), $4::INTEGER, $5::NUMERIC(12, 4), $6::VARCHAR, $7::BOOLEAN, $8::VARCHAR, $9::VARCHAR, $10::VARCHAR, $11::VARCHAR, $12::NUMERIC(15, 2), $13::NUMERIC(5, 2), $14::VARCHAR, $15::NUMERIC(15, 2), $16::VARCHAR, $17::VARCHAR, $18::VARCHAR, $19::VARCHAR, $20::VARCHAR, $21::VARCHAR, $22::VARCHAR, $23::NUMERIC(10, 2), $24::JSONB, $25::VARCHAR, $26::VARCHAR, $27::VARCHAR, $28::VARCHAR, $29::VARCHAR, $30::VARCHAR, $31::TIMESTAMP WITH TIME ZONE, $32::TIMESTAMP WITH TIME ZONE, $33::VARCHAR, $34::VARCHAR, $35::BOOLEAN, $36::BOOLEAN, $37::TIMESTAMP WITH TIME ZONE, $38::VARCHAR, $39::INTEGER, $40::VARCHAR, $41::VARCHAR) RETURNING products.gallery_images
2026-08-02 15:02:25,943 INFO sqlalchemy.engine.Engine [generated in 0.00045s] ('PROD-CON-1', 'Concurrent Reservation Product', 130.0, 10, 0.0, 'General', False, 'CON-0001', None, None, None, None, None, None, None, None, None, 'Fixed', 'Standard', None, None, None, 0.0, '{}', None, 'prod-con-1', 'c81093fa-a254-4b9a-8e10-dd90fe2cd1a8', None, 'comp-inv-con1', 'br-inv-con1', datetime.datetime(2026, 8, 2, 9, 32, 25, 943044, tzinfo=datetime.timezone.utc), datetime.datetime(2026, 8, 2, 9, 32, 25, 943047, tzinfo=datetime.timezone.utc), None, None, True, False, None, None, 1, None, None)
2026-08-02 15:02:25,975 INFO sqlalchemy.engine.Engine COMMIT
DEBUG RLS INTERCEPTOR: ctx=None
2026-08-02 15:02:25,978 INFO sqlalchemy.engine.Engine BEGIN (implicit)
2026-08-02 15:02:25,981 INFO sqlalchemy.engine.Engine SELECT stock_movements.product_id, stock_movements.product_name, stock_movements.sku, stock_movements.quantity, stock_movements.movement_type, stock_movements.reference_doc_type, stock_movements.reference_doc_id, stock_movements.warehouse, stock_movements.bin, stock_movements.batch, stock_movements.serial, stock_movements.unit_cost, stock_movements.remarks, stock_movements."user", stock_movements.device, stock_movements.branch, stock_movements.source_module, stock_movements.approval, stock_movements.id, stock_movements.uuid, stock_movements.tenant_id, stock_movements.company_id, stock_movements.branch_id, stock_movements.created_at, stock_movements.modified_at, stock_movements.created_by, stock_movements.updated_by, stock_movements.is_active, stock_movements.is_deleted, stock_movements.deleted_at, stock_movements.deleted_by, stock_movements.version, stock_movements.workflow_status, stock_movements.document_number 
FROM stock_movements 
WHERE stock_movements.product_id = $1::VARCHAR AND stock_movements.reference_doc_id = $2::VARCHAR AND stock_movements.reference_doc_type = $3::VARCHAR AND stock_movements.is_deleted IS false
2026-08-02 15:02:25,982 INFO sqlalchemy.engine.Engine [generated in 0.00024s] ('prod-con-1', 'SO-CON-001', 'SO')
DEBUG RLS INTERCEPTOR: ctx=None
DEBUG RLS INTERCEPTOR: ctx=None
2026-08-02 15:02:25,995 INFO sqlalchemy.engine.Engine SELECT products.code, products.name, products.price, products.stock, products.reserved_stock, products.category, products.is_favorite, products.barcode, products.brand, products.color, products.size, products.mrp, products.gst_percentage, products.style_code, products.cost_price, products.sku, products.hsn_code, products.pricing_mode, products.tracking_mode, products.variant_template_id, products.size_scale_id, products.sourcing_mode_override, products.weight_grams, products.attributes, products.primary_image_url, products.gallery_images, products.id, products.uuid, products.tenant_id, products.company_id, products.branch_id, products.created_at, products.modified_at, products.created_by, products.updated_by, products.is_active, products.is_deleted, products.deleted_at, products.deleted_by, products.version, products.workflow_status, products.document_number 
FROM products 
WHERE products.id = $1::VARCHAR AND products.is_deleted IS false AND products.company_id = $2::VARCHAR AND products.branch_id = $3::VARCHAR FOR UPDATE
2026-08-02 15:02:25,995 INFO sqlalchemy.engine.Engine [generated in 0.00032s] ('prod-con-1', 'comp-inv-con1', 'br-inv-con1')
DEBUG RLS INTERCEPTOR: ctx=None
2026-08-02 15:02:26,045 INFO sqlalchemy.engine.Engine SELECT product_barcodes.product_id AS product_barcodes_product_id, product_barcodes.barcode AS product_barcodes_barcode, product_barcodes.is_primary AS product_barcodes_is_primary, product_barcodes.id AS product_barcodes_id, product_barcodes.uuid AS product_barcodes_uuid, product_barcodes.tenant_id AS product_barcodes_tenant_id, product_barcodes.company_id AS product_barcodes_company_id, product_barcodes.branch_id AS product_barcodes_branch_id, product_barcodes.created_at AS product_barcodes_created_at, product_barcodes.modified_at AS product_barcodes_modified_at, product_barcodes.created_by AS product_barcodes_created_by, product_barcodes.updated_by AS product_barcodes_updated_by, product_barcodes.is_active AS product_barcodes_is_active, product_barcodes.is_deleted AS product_barcodes_is_deleted, product_barcodes.deleted_at AS product_barcodes_deleted_at, product_barcodes.deleted_by AS product_barcodes_deleted_by, product_barcodes.version AS product_barcodes_version, product_barcodes.workflow_status AS product_barcodes_workflow_status, product_barcodes.document_number AS product_barcodes_document_number 
FROM product_barcodes 
WHERE product_barcodes.product_id IN ($1::VARCHAR)
2026-08-02 15:02:26,045 INFO sqlalchemy.engine.Engine [generated in 0.00034s] ('prod-con-1',)
2026-08-02 15:02:26,046 INFO sqlalchemy.engine.Engine BEGIN (implicit)
2026-08-02 15:02:26,046 INFO sqlalchemy.engine.Engine SELECT stock_movements.product_id, stock_movements.product_name, stock_movements.sku, stock_movements.quantity, stock_movements.movement_type, stock_movements.reference_doc_type, stock_movements.reference_doc_id, stock_movements.warehouse, stock_movements.bin, stock_movements.batch, stock_movements.serial, stock_movements.unit_cost, stock_movements.remarks, stock_movements."user", stock_movements.device, stock_movements.branch, stock_movements.source_module, stock_movements.approval, stock_movements.id, stock_movements.uuid, stock_movements.tenant_id, stock_movements.company_id, stock_movements.branch_id, stock_movements.created_at, stock_movements.modified_at, stock_movements.created_by, stock_movements.updated_by, stock_movements.is_active, stock_movements.is_deleted, stock_movements.deleted_at, stock_movements.deleted_by, stock_movements.version, stock_movements.workflow_status, stock_movements.document_number 
FROM stock_movements 
WHERE stock_movements.product_id = $1::VARCHAR AND stock_movements.reference_doc_id = $2::VARCHAR AND stock_movements.reference_doc_type = $3::VARCHAR AND stock_movements.is_deleted IS false
2026-08-02 15:02:26,047 INFO sqlalchemy.engine.Engine [cached since 0.06523s ago] ('prod-con-1', 'SO-CON-002', 'SO')
DEBUG RLS INTERCEPTOR: ctx=None
2026-08-02 15:02:26,054 INFO sqlalchemy.engine.Engine SELECT product_vendors.product_id AS product_vendors_product_id, product_vendors.supplier_id AS product_vendors_supplier_id, product_vendors.supplier_product_code AS product_vendors_supplier_product_code, product_vendors.supplier_barcode AS product_vendors_supplier_barcode, product_vendors.purchase_uom_id AS product_vendors_purchase_uom_id, product_vendors.currency_id AS product_vendors_currency_id, product_vendors.cost_price AS product_vendors_cost_price, product_vendors.last_purchase_price AS product_vendors_last_purchase_price, product_vendors.last_purchase_date AS product_vendors_last_purchase_date, product_vendors.discount_percentage AS product_vendors_discount_percentage, product_vendors.tax_inclusive AS product_vendors_tax_inclusive, product_vendors.minimum_order_qty AS product_vendors_minimum_order_qty, product_vendors.maximum_order_qty AS product_vendors_maximum_order_qty, product_vendors.lead_time_days AS product_vendors_lead_time_days, product_vendors.supplier_warranty_days AS product_vendors_supplier_warranty_days, product_vendors.priority AS product_vendors_priority, product_vendors.is_preferred AS product_vendors_is_preferred, product_vendors.approval_status AS product_vendors_approval_status, product_vendors.id AS product_vendors_id, product_vendors.uuid AS product_vendors_uuid, product_vendors.tenant_id AS product_vendors_tenant_id, product_vendors.company_id AS product_vendors_company_id, product_vendors.branch_id AS product_vendors_branch_id, product_vendors.created_at AS product_vendors_created_at, product_vendors.modified_at AS product_vendors_modified_at, product_vendors.created_by AS product_vendors_created_by, product_vendors.updated_by AS product_vendors_updated_by, product_vendors.is_active AS product_vendors_is_active, product_vendors.is_deleted AS product_vendors_is_deleted, product_vendors.deleted_at AS product_vendors_deleted_at, product_vendors.deleted_by AS product_vendors_deleted_by, product_vendors.version AS product_vendors_version, product_vendors.workflow_status AS product_vendors_workflow_status, product_vendors.document_number AS product_vendors_document_number 
FROM product_vendors 
WHERE product_vendors.product_id IN ($1::VARCHAR)
2026-08-02 15:02:26,054 INFO sqlalchemy.engine.Engine [generated in 0.00035s] ('prod-con-1',)
DEBUG RLS INTERCEPTOR: ctx=None
2026-08-02 15:02:26,059 INFO sqlalchemy.engine.Engine SELECT products.code, products.name, products.price, products.stock, products.reserved_stock, products.category, products.is_favorite, products.barcode, products.brand, products.color, products.size, products.mrp, products.gst_percentage, products.style_code, products.cost_price, products.sku, products.hsn_code, products.pricing_mode, products.tracking_mode, products.variant_template_id, products.size_scale_id, products.sourcing_mode_override, products.weight_grams, products.attributes, products.primary_image_url, products.gallery_images, products.id, products.uuid, products.tenant_id, products.company_id, products.branch_id, products.created_at, products.modified_at, products.created_by, products.updated_by, products.is_active, products.is_deleted, products.deleted_at, products.deleted_by, products.version, products.workflow_status, products.document_number 
FROM products 
WHERE products.id = $1::VARCHAR AND products.is_deleted IS false AND products.company_id = $2::VARCHAR AND products.branch_id = $3::VARCHAR FOR UPDATE
2026-08-02 15:02:26,059 INFO sqlalchemy.engine.Engine [cached since 0.06392s ago] ('prod-con-1', 'comp-inv-con1', 'br-inv-con1')
DEBUG RLS INTERCEPTOR: ctx=None
2026-08-02 15:02:26,062 INFO sqlalchemy.engine.Engine SELECT product_tax_profiles.product_id AS product_tax_profiles_product_id, product_tax_profiles.hsn_code AS product_tax_profiles_hsn_code, product_tax_profiles.gst_rate AS product_tax_profiles_gst_rate, product_tax_profiles.cess_rate AS product_tax_profiles_cess_rate, product_tax_profiles.is_inclusive_tax AS product_tax_profiles_is_inclusive_tax, product_tax_profiles.tax_group_id AS product_tax_profiles_tax_group_id, product_tax_profiles.effective_from AS product_tax_profiles_effective_from, product_tax_profiles.effective_to AS product_tax_profiles_effective_to, product_tax_profiles.id AS product_tax_profiles_id, product_tax_profiles.uuid AS product_tax_profiles_uuid, product_tax_profiles.tenant_id AS product_tax_profiles_tenant_id, product_tax_profiles.company_id AS product_tax_profiles_company_id, product_tax_profiles.branch_id AS product_tax_profiles_branch_id, product_tax_profiles.created_at AS product_tax_profiles_created_at, product_tax_profiles.modified_at AS product_tax_profiles_modified_at, product_tax_profiles.created_by AS product_tax_profiles_created_by, product_tax_profiles.updated_by AS product_tax_profiles_updated_by, product_tax_profiles.is_active AS product_tax_profiles_is_active, product_tax_profiles.is_deleted AS product_tax_profiles_is_deleted, product_tax_profiles.deleted_at AS product_tax_profiles_deleted_at, product_tax_profiles.deleted_by AS product_tax_profiles_deleted_by, product_tax_profiles.version AS product_tax_profiles_version, product_tax_profiles.workflow_status AS product_tax_profiles_workflow_status, product_tax_profiles.document_number AS product_tax_profiles_document_number 
FROM product_tax_profiles 
WHERE product_tax_profiles.product_id IN ($1::VARCHAR) ORDER BY product_tax_profiles.effective_from DESC
2026-08-02 15:02:26,062 INFO sqlalchemy.engine.Engine [generated in 0.00027s] ('prod-con-1',)
DEBUG RLS INTERCEPTOR: ctx=None
2026-08-02 15:02:26,070 INFO sqlalchemy.engine.Engine SELECT product_inventory_policies.product_id AS product_inventory_policies_product_id, product_inventory_policies.is_batch_tracked AS product_inventory_policies_is_batch_tracked, product_inventory_policies.is_serial_tracked AS product_inventory_policies_is_serial_tracked, product_inventory_policies.is_expiry_required AS product_inventory_policies_is_expiry_required, product_inventory_policies.is_qc_required AS product_inventory_policies_is_qc_required, product_inventory_policies.allow_negative_stock AS product_inventory_policies_allow_negative_stock, product_inventory_policies.id AS product_inventory_policies_id, product_inventory_policies.uuid AS product_inventory_policies_uuid, product_inventory_policies.tenant_id AS product_inventory_policies_tenant_id, product_inventory_policies.company_id AS product_inventory_policies_company_id, product_inventory_policies.branch_id AS product_inventory_policies_branch_id, product_inventory_policies.created_at AS product_inventory_policies_created_at, product_inventory_policies.modified_at AS product_inventory_policies_modified_at, product_inventory_policies.created_by AS product_inventory_policies_created_by, product_inventory_policies.updated_by AS product_inventory_policies_updated_by, product_inventory_policies.is_active AS product_inventory_policies_is_active, product_inventory_policies.is_deleted AS product_inventory_policies_is_deleted, product_inventory_policies.deleted_at AS product_inventory_policies_deleted_at, product_inventory_policies.deleted_by AS product_inventory_policies_deleted_by, product_inventory_policies.version AS product_inventory_policies_version, product_inventory_policies.workflow_status AS product_inventory_policies_workflow_status, product_inventory_policies.document_number AS product_inventory_policies_document_number 
FROM product_inventory_policies 
WHERE product_inventory_policies.product_id IN ($1::VARCHAR)
2026-08-02 15:02:26,071 INFO sqlalchemy.engine.Engine [generated in 0.00040s] ('prod-con-1',)
DEBUG RLS INTERCEPTOR: ctx=None
2026-08-02 15:02:26,076 INFO sqlalchemy.engine.Engine SELECT products.code, products.name, products.price, products.stock, products.reserved_stock, products.category, products.is_favorite, products.barcode, products.brand, products.color, products.size, products.mrp, products.gst_percentage, products.style_code, products.cost_price, products.sku, products.hsn_code, products.pricing_mode, products.tracking_mode, products.variant_template_id, products.size_scale_id, products.sourcing_mode_override, products.weight_grams, products.attributes, products.primary_image_url, products.gallery_images, products.id, products.uuid, products.tenant_id, products.company_id, products.branch_id, products.created_at, products.modified_at, products.created_by, products.updated_by, products.is_active, products.is_deleted, products.deleted_at, products.deleted_by, products.version, products.workflow_status, products.document_number 
FROM products 
WHERE products.id = $1::VARCHAR AND products.is_deleted IS false AND products.company_id = $2::VARCHAR AND products.branch_id = $3::VARCHAR
2026-08-02 15:02:26,077 INFO sqlalchemy.engine.Engine [generated in 0.00023s] ('prod-con-1', 'comp-inv-con1', 'br-inv-con1')
DEBUG RLS INTERCEPTOR: ctx=None
2026-08-02 15:02:26,080 INFO sqlalchemy.engine.Engine SELECT product_barcodes.product_id AS product_barcodes_product_id, product_barcodes.barcode AS product_barcodes_barcode, product_barcodes.is_primary AS product_barcodes_is_primary, product_barcodes.id AS product_barcodes_id, product_barcodes.uuid AS product_barcodes_uuid, product_barcodes.tenant_id AS product_barcodes_tenant_id, product_barcodes.company_id AS product_barcodes_company_id, product_barcodes.branch_id AS product_barcodes_branch_id, product_barcodes.created_at AS product_barcodes_created_at, product_barcodes.modified_at AS product_barcodes_modified_at, product_barcodes.created_by AS product_barcodes_created_by, product_barcodes.updated_by AS product_barcodes_updated_by, product_barcodes.is_active AS product_barcodes_is_active, product_barcodes.is_deleted AS product_barcodes_is_deleted, product_barcodes.deleted_at AS product_barcodes_deleted_at, product_barcodes.deleted_by AS product_barcodes_deleted_by, product_barcodes.version AS product_barcodes_version, product_barcodes.workflow_status AS product_barcodes_workflow_status, product_barcodes.document_number AS product_barcodes_document_number 
FROM product_barcodes 
WHERE product_barcodes.product_id IN ($1::VARCHAR)
2026-08-02 15:02:26,080 INFO sqlalchemy.engine.Engine [cached since 0.03501s ago] ('prod-con-1',)
DEBUG RLS INTERCEPTOR: ctx=None
2026-08-02 15:02:26,082 INFO sqlalchemy.engine.Engine SELECT product_vendors.product_id AS product_vendors_product_id, product_vendors.supplier_id AS product_vendors_supplier_id, product_vendors.supplier_product_code AS product_vendors_supplier_product_code, product_vendors.supplier_barcode AS product_vendors_supplier_barcode, product_vendors.purchase_uom_id AS product_vendors_purchase_uom_id, product_vendors.currency_id AS product_vendors_currency_id, product_vendors.cost_price AS product_vendors_cost_price, product_vendors.last_purchase_price AS product_vendors_last_purchase_price, product_vendors.last_purchase_date AS product_vendors_last_purchase_date, product_vendors.discount_percentage AS product_vendors_discount_percentage, product_vendors.tax_inclusive AS product_vendors_tax_inclusive, product_vendors.minimum_order_qty AS product_vendors_minimum_order_qty, product_vendors.maximum_order_qty AS product_vendors_maximum_order_qty, product_vendors.lead_time_days AS product_vendors_lead_time_days, product_vendors.supplier_warranty_days AS product_vendors_supplier_warranty_days, product_vendors.priority AS product_vendors_priority, product_vendors.is_preferred AS product_vendors_is_preferred, product_vendors.approval_status AS product_vendors_approval_status, product_vendors.id AS product_vendors_id, product_vendors.uuid AS product_vendors_uuid, product_vendors.tenant_id AS product_vendors_tenant_id, product_vendors.company_id AS product_vendors_company_id, product_vendors.branch_id AS product_vendors_branch_id, product_vendors.created_at AS product_vendors_created_at, product_vendors.modified_at AS product_vendors_modified_at, product_vendors.created_by AS product_vendors_created_by, product_vendors.updated_by AS product_vendors_updated_by, product_vendors.is_active AS product_vendors_is_active, product_vendors.is_deleted AS product_vendors_is_deleted, product_vendors.deleted_at AS product_vendors_deleted_at, product_vendors.deleted_by AS product_vendors_deleted_by, product_vendors.version AS product_vendors_version, product_vendors.workflow_status AS product_vendors_workflow_status, product_vendors.document_number AS product_vendors_document_number 
FROM product_vendors 
WHERE product_vendors.product_id IN ($1::VARCHAR)
2026-08-02 15:02:26,082 INFO sqlalchemy.engine.Engine [cached since 0.02815s ago] ('prod-con-1',)
DEBUG RLS INTERCEPTOR: ctx=None
2026-08-02 15:02:26,085 INFO sqlalchemy.engine.Engine SELECT product_tax_profiles.product_id AS product_tax_profiles_product_id, product_tax_profiles.hsn_code AS product_tax_profiles_hsn_code, product_tax_profiles.gst_rate AS product_tax_profiles_gst_rate, product_tax_profiles.cess_rate AS product_tax_profiles_cess_rate, product_tax_profiles.is_inclusive_tax AS product_tax_profiles_is_inclusive_tax, product_tax_profiles.tax_group_id AS product_tax_profiles_tax_group_id, product_tax_profiles.effective_from AS product_tax_profiles_effective_from, product_tax_profiles.effective_to AS product_tax_profiles_effective_to, product_tax_profiles.id AS product_tax_profiles_id, product_tax_profiles.uuid AS product_tax_profiles_uuid, product_tax_profiles.tenant_id AS product_tax_profiles_tenant_id, product_tax_profiles.company_id AS product_tax_profiles_company_id, product_tax_profiles.branch_id AS product_tax_profiles_branch_id, product_tax_profiles.created_at AS product_tax_profiles_created_at, product_tax_profiles.modified_at AS product_tax_profiles_modified_at, product_tax_profiles.created_by AS product_tax_profiles_created_by, product_tax_profiles.updated_by AS product_tax_profiles_updated_by, product_tax_profiles.is_active AS product_tax_profiles_is_active, product_tax_profiles.is_deleted AS product_tax_profiles_is_deleted, product_tax_profiles.deleted_at AS product_tax_profiles_deleted_at, product_tax_profiles.deleted_by AS product_tax_profiles_deleted_by, product_tax_profiles.version AS product_tax_profiles_version, product_tax_profiles.workflow_status AS product_tax_profiles_workflow_status, product_tax_profiles.document_number AS product_tax_profiles_document_number 
FROM product_tax_profiles 
WHERE product_tax_profiles.product_id IN ($1::VARCHAR) ORDER BY product_tax_profiles.effective_from DESC
2026-08-02 15:02:26,085 INFO sqlalchemy.engine.Engine [cached since 0.02277s ago] ('prod-con-1',)
DEBUG RLS INTERCEPTOR: ctx=None
2026-08-02 15:02:26,088 INFO sqlalchemy.engine.Engine SELECT product_inventory_policies.product_id AS product_inventory_policies_product_id, product_inventory_policies.is_batch_tracked AS product_inventory_policies_is_batch_tracked, product_inventory_policies.is_serial_tracked AS product_inventory_policies_is_serial_tracked, product_inventory_policies.is_expiry_required AS product_inventory_policies_is_expiry_required, product_inventory_policies.is_qc_required AS product_inventory_policies_is_qc_required, product_inventory_policies.allow_negative_stock AS product_inventory_policies_allow_negative_stock, product_inventory_policies.id AS product_inventory_policies_id, product_inventory_policies.uuid AS product_inventory_policies_uuid, product_inventory_policies.tenant_id AS product_inventory_policies_tenant_id, product_inventory_policies.company_id AS product_inventory_policies_company_id, product_inventory_policies.branch_id AS product_inventory_policies_branch_id, product_inventory_policies.created_at AS product_inventory_policies_created_at, product_inventory_policies.modified_at AS product_inventory_policies_modified_at, product_inventory_policies.created_by AS product_inventory_policies_created_by, product_inventory_policies.updated_by AS product_inventory_policies_updated_by, product_inventory_policies.is_active AS product_inventory_policies_is_active, product_inventory_policies.is_deleted AS product_inventory_policies_is_deleted, product_inventory_policies.deleted_at AS product_inventory_policies_deleted_at, product_inventory_policies.deleted_by AS product_inventory_policies_deleted_by, product_inventory_policies.version AS product_inventory_policies_version, product_inventory_policies.workflow_status AS product_inventory_policies_workflow_status, product_inventory_policies.document_number AS product_inventory_policies_document_number 
FROM product_inventory_policies 
WHERE product_inventory_policies.product_id IN ($1::VARCHAR)
2026-08-02 15:02:26,088 INFO sqlalchemy.engine.Engine [cached since 0.01754s ago] ('prod-con-1',)
DEBUG RLS INTERCEPTOR: ctx=None
2026-08-02 15:02:26,090 INFO sqlalchemy.engine.Engine SELECT stock_movements.product_id, stock_movements.product_name, stock_movements.sku, stock_movements.quantity, stock_movements.movement_type, stock_movements.reference_doc_type, stock_movements.reference_doc_id, stock_movements.warehouse, stock_movements.bin, stock_movements.batch, stock_movements.serial, stock_movements.unit_cost, stock_movements.remarks, stock_movements."user", stock_movements.device, stock_movements.branch, stock_movements.source_module, stock_movements.approval, stock_movements.id, stock_movements.uuid, stock_movements.tenant_id, stock_movements.company_id, stock_movements.branch_id, stock_movements.created_at, stock_movements.modified_at, stock_movements.created_by, stock_movements.updated_by, stock_movements.is_active, stock_movements.is_deleted, stock_movements.deleted_at, stock_movements.deleted_by, stock_movements.version, stock_movements.workflow_status, stock_movements.document_number 
FROM stock_movements 
WHERE stock_movements.product_id = $1::VARCHAR AND stock_movements.company_id = $2::VARCHAR AND stock_movements.branch_id = $3::VARCHAR ORDER BY stock_movements.created_at DESC
2026-08-02 15:02:26,091 INFO sqlalchemy.engine.Engine [generated in 0.00022s] ('prod-con-1', 'comp-inv-con1', 'br-inv-con1')
2026-08-02 15:02:26,095 INFO sqlalchemy.engine.Engine INSERT INTO stock_movements (product_id, product_name, sku, quantity, movement_type, reference_doc_type, reference_doc_id, warehouse, bin, batch, serial, unit_cost, remarks, "user", device, branch, source_module, approval, id, uuid, tenant_id, company_id, branch_id, created_at, modified_at, created_by, updated_by, is_active, is_deleted, deleted_at, deleted_by, version, workflow_status, document_number) VALUES ($1::VARCHAR, $2::VARCHAR, $3::VARCHAR, $4::NUMERIC(10, 2), $5::VARCHAR, $6::VARCHAR, $7::VARCHAR, $8::VARCHAR, $9::VARCHAR, $10::VARCHAR, $11::VARCHAR, $12::NUMERIC(15, 2), $13::VARCHAR, $14::VARCHAR, $15::VARCHAR, $16::VARCHAR, $17::VARCHAR, $18::VARCHAR, $19::VARCHAR, $20::VARCHAR, $21::VARCHAR, $22::VARCHAR, $23::VARCHAR, $24::TIMESTAMP WITH TIME ZONE, $25::TIMESTAMP WITH TIME ZONE, $26::VARCHAR, $27::VARCHAR, $28::BOOLEAN, $29::BOOLEAN, $30::TIMESTAMP WITH TIME ZONE, $31::VARCHAR, $32::INTEGER, $33::VARCHAR, $34::VARCHAR)
2026-08-02 15:02:26,096 INFO sqlalchemy.engine.Engine [generated in 0.00041s] ('prod-con-1', 'Concurrent Reservation Product', 'PROD-CON-1', Decimal('10'), 'RESERVE', 'SO', 'SO-CON-001', None, None, None, None, None, None, None, None, None, 'reservation', None, '8aee97ab-3e26-4eee-a9b8-ea2a2ade9000', 'ea9a795c-0849-4242-b24c-81cfb58794e9', None, 'comp-inv-con1', 'br-inv-con1', datetime.datetime(2026, 8, 2, 9, 32, 26, 95721, tzinfo=datetime.timezone.utc), datetime.datetime(2026, 8, 2, 9, 32, 26, 95724, tzinfo=datetime.timezone.utc), None, None, True, False, None, None, 1, None, None)
2026-08-02 15:02:26,105 INFO sqlalchemy.engine.Engine UPDATE products SET reserved_stock=$1::NUMERIC(12, 4), modified_at=$2::TIMESTAMP WITH TIME ZONE WHERE products.id = $3::VARCHAR
2026-08-02 15:02:26,105 INFO sqlalchemy.engine.Engine [generated in 0.00028s] (Decimal('10'), datetime.datetime(2026, 8, 2, 9, 32, 26, 105529, tzinfo=datetime.timezone.utc), 'prod-con-1')
2026-08-02 15:02:26,108 INFO sqlalchemy.engine.Engine COMMIT
DEBUG RLS INTERCEPTOR: ctx=None
2026-08-02 15:02:26,111 INFO sqlalchemy.engine.Engine BEGIN (implicit)
2026-08-02 15:02:26,113 INFO sqlalchemy.engine.Engine SELECT products.code, products.name, products.price, products.stock, products.reserved_stock, products.category, products.is_favorite, products.barcode, products.brand, products.color, products.size, products.mrp, products.gst_percentage, products.style_code, products.cost_price, products.sku, products.hsn_code, products.pricing_mode, products.tracking_mode, products.variant_template_id, products.size_scale_id, products.sourcing_mode_override, products.weight_grams, products.attributes, products.primary_image_url, products.gallery_images, products.id, products.uuid, products.tenant_id, products.company_id, products.branch_id, products.created_at, products.modified_at, products.created_by, products.updated_by, products.is_active, products.is_deleted, products.deleted_at, products.deleted_by, products.version, products.workflow_status, products.document_number 
FROM products 
WHERE products.id = $1::VARCHAR
2026-08-02 15:02:26,113 INFO sqlalchemy.engine.Engine [generated in 0.00021s] ('prod-con-1',)
DEBUG RLS INTERCEPTOR: ctx=None
2026-08-02 15:02:26,114 INFO sqlalchemy.engine.Engine SELECT product_barcodes.product_id AS product_barcodes_product_id, product_barcodes.barcode AS product_barcodes_barcode, product_barcodes.is_primary AS product_barcodes_is_primary, product_barcodes.id AS product_barcodes_id, product_barcodes.uuid AS product_barcodes_uuid, product_barcodes.tenant_id AS product_barcodes_tenant_id, product_barcodes.company_id AS product_barcodes_company_id, product_barcodes.branch_id AS product_barcodes_branch_id, product_barcodes.created_at AS product_barcodes_created_at, product_barcodes.modified_at AS product_barcodes_modified_at, product_barcodes.created_by AS product_barcodes_created_by, product_barcodes.updated_by AS product_barcodes_updated_by, product_barcodes.is_active AS product_barcodes_is_active, product_barcodes.is_deleted AS product_barcodes_is_deleted, product_barcodes.deleted_at AS product_barcodes_deleted_at, product_barcodes.deleted_by AS product_barcodes_deleted_by, product_barcodes.version AS product_barcodes_version, product_barcodes.workflow_status AS product_barcodes_workflow_status, product_barcodes.document_number AS product_barcodes_document_number 
FROM product_barcodes 
WHERE product_barcodes.product_id IN ($1::VARCHAR)
2026-08-02 15:02:26,114 INFO sqlalchemy.engine.Engine [cached since 0.06936s ago] ('prod-con-1',)
DEBUG RLS INTERCEPTOR: ctx=None
2026-08-02 15:02:26,120 INFO sqlalchemy.engine.Engine SELECT product_barcodes.product_id AS product_barcodes_product_id, product_barcodes.barcode AS product_barcodes_barcode, product_barcodes.is_primary AS product_barcodes_is_primary, product_barcodes.id AS product_barcodes_id, product_barcodes.uuid AS product_barcodes_uuid, product_barcodes.tenant_id AS product_barcodes_tenant_id, product_barcodes.company_id AS product_barcodes_company_id, product_barcodes.branch_id AS product_barcodes_branch_id, product_barcodes.created_at AS product_barcodes_created_at, product_barcodes.modified_at AS product_barcodes_modified_at, product_barcodes.created_by AS product_barcodes_created_by, product_barcodes.updated_by AS product_barcodes_updated_by, product_barcodes.is_active AS product_barcodes_is_active, product_barcodes.is_deleted AS product_barcodes_is_deleted, product_barcodes.deleted_at AS product_barcodes_deleted_at, product_barcodes.deleted_by AS product_barcodes_deleted_by, product_barcodes.version AS product_barcodes_version, product_barcodes.workflow_status AS product_barcodes_workflow_status, product_barcodes.document_number AS product_barcodes_document_number 
FROM product_barcodes 
WHERE $1::VARCHAR = product_barcodes.product_id
2026-08-02 15:02:26,120 INFO sqlalchemy.engine.Engine [generated in 0.00026s] ('prod-con-1',)
DEBUG RLS INTERCEPTOR: ctx=None
2026-08-02 15:02:26,121 INFO sqlalchemy.engine.Engine SELECT product_vendors.product_id AS product_vendors_product_id, product_vendors.supplier_id AS product_vendors_supplier_id, product_vendors.supplier_product_code AS product_vendors_supplier_product_code, product_vendors.supplier_barcode AS product_vendors_supplier_barcode, product_vendors.purchase_uom_id AS product_vendors_purchase_uom_id, product_vendors.currency_id AS product_vendors_currency_id, product_vendors.cost_price AS product_vendors_cost_price, product_vendors.last_purchase_price AS product_vendors_last_purchase_price, product_vendors.last_purchase_date AS product_vendors_last_purchase_date, product_vendors.discount_percentage AS product_vendors_discount_percentage, product_vendors.tax_inclusive AS product_vendors_tax_inclusive, product_vendors.minimum_order_qty AS product_vendors_minimum_order_qty, product_vendors.maximum_order_qty AS product_vendors_maximum_order_qty, product_vendors.lead_time_days AS product_vendors_lead_time_days, product_vendors.supplier_warranty_days AS product_vendors_supplier_warranty_days, product_vendors.priority AS product_vendors_priority, product_vendors.is_preferred AS product_vendors_is_preferred, product_vendors.approval_status AS product_vendors_approval_status, product_vendors.id AS product_vendors_id, product_vendors.uuid AS product_vendors_uuid, product_vendors.tenant_id AS product_vendors_tenant_id, product_vendors.company_id AS product_vendors_company_id, product_vendors.branch_id AS product_vendors_branch_id, product_vendors.created_at AS product_vendors_created_at, product_vendors.modified_at AS product_vendors_modified_at, product_vendors.created_by AS product_vendors_created_by, product_vendors.updated_by AS product_vendors_updated_by, product_vendors.is_active AS product_vendors_is_active, product_vendors.is_deleted AS product_vendors_is_deleted, product_vendors.deleted_at AS product_vendors_deleted_at, product_vendors.deleted_by AS product_vendors_deleted_by, product_vendors.version AS product_vendors_version, product_vendors.workflow_status AS product_vendors_workflow_status, product_vendors.document_number AS product_vendors_document_number 
FROM product_vendors 
WHERE product_vendors.product_id IN ($1::VARCHAR)
2026-08-02 15:02:26,122 INFO sqlalchemy.engine.Engine [cached since 0.0678s ago] ('prod-con-1',)
DEBUG RLS INTERCEPTOR: ctx=None
2026-08-02 15:02:26,125 INFO sqlalchemy.engine.Engine SELECT product_vendors.product_id AS product_vendors_product_id, product_vendors.supplier_id AS product_vendors_supplier_id, product_vendors.supplier_product_code AS product_vendors_supplier_product_code, product_vendors.supplier_barcode AS product_vendors_supplier_barcode, product_vendors.purchase_uom_id AS product_vendors_purchase_uom_id, product_vendors.currency_id AS product_vendors_currency_id, product_vendors.cost_price AS product_vendors_cost_price, product_vendors.last_purchase_price AS product_vendors_last_purchase_price, product_vendors.last_purchase_date AS product_vendors_last_purchase_date, product_vendors.discount_percentage AS product_vendors_discount_percentage, product_vendors.tax_inclusive AS product_vendors_tax_inclusive, product_vendors.minimum_order_qty AS product_vendors_minimum_order_qty, product_vendors.maximum_order_qty AS product_vendors_maximum_order_qty, product_vendors.lead_time_days AS product_vendors_lead_time_days, product_vendors.supplier_warranty_days AS product_vendors_supplier_warranty_days, product_vendors.priority AS product_vendors_priority, product_vendors.is_preferred AS product_vendors_is_preferred, product_vendors.approval_status AS product_vendors_approval_status, product_vendors.id AS product_vendors_id, product_vendors.uuid AS product_vendors_uuid, product_vendors.tenant_id AS product_vendors_tenant_id, product_vendors.company_id AS product_vendors_company_id, product_vendors.branch_id AS product_vendors_branch_id, product_vendors.created_at AS product_vendors_created_at, product_vendors.modified_at AS product_vendors_modified_at, product_vendors.created_by AS product_vendors_created_by, product_vendors.updated_by AS product_vendors_updated_by, product_vendors.is_active AS product_vendors_is_active, product_vendors.is_deleted AS product_vendors_is_deleted, product_vendors.deleted_at AS product_vendors_deleted_at, product_vendors.deleted_by AS product_vendors_deleted_by, product_vendors.version AS product_vendors_version, product_vendors.workflow_status AS product_vendors_workflow_status, product_vendors.document_number AS product_vendors_document_number 
FROM product_vendors 
WHERE $1::VARCHAR = product_vendors.product_id
2026-08-02 15:02:26,125 INFO sqlalchemy.engine.Engine [generated in 0.00024s] ('prod-con-1',)
DEBUG RLS INTERCEPTOR: ctx=None
2026-08-02 15:02:26,126 INFO sqlalchemy.engine.Engine SELECT product_tax_profiles.product_id AS product_tax_profiles_product_id, product_tax_profiles.hsn_code AS product_tax_profiles_hsn_code, product_tax_profiles.gst_rate AS product_tax_profiles_gst_rate, product_tax_profiles.cess_rate AS product_tax_profiles_cess_rate, product_tax_profiles.is_inclusive_tax AS product_tax_profiles_is_inclusive_tax, product_tax_profiles.tax_group_id AS product_tax_profiles_tax_group_id, product_tax_profiles.effective_from AS product_tax_profiles_effective_from, product_tax_profiles.effective_to AS product_tax_profiles_effective_to, product_tax_profiles.id AS product_tax_profiles_id, product_tax_profiles.uuid AS product_tax_profiles_uuid, product_tax_profiles.tenant_id AS product_tax_profiles_tenant_id, product_tax_profiles.company_id AS product_tax_profiles_company_id, product_tax_profiles.branch_id AS product_tax_profiles_branch_id, product_tax_profiles.created_at AS product_tax_profiles_created_at, product_tax_profiles.modified_at AS product_tax_profiles_modified_at, product_tax_profiles.created_by AS product_tax_profiles_created_by, product_tax_profiles.updated_by AS product_tax_profiles_updated_by, product_tax_profiles.is_active AS product_tax_profiles_is_active, product_tax_profiles.is_deleted AS product_tax_profiles_is_deleted, product_tax_profiles.deleted_at AS product_tax_profiles_deleted_at, product_tax_profiles.deleted_by AS product_tax_profiles_deleted_by, product_tax_profiles.version AS product_tax_profiles_version, product_tax_profiles.workflow_status AS product_tax_profiles_workflow_status, product_tax_profiles.document_number AS product_tax_profiles_document_number 
FROM product_tax_profiles 
WHERE product_tax_profiles.product_id IN ($1::VARCHAR) ORDER BY product_tax_profiles.effective_from DESC
2026-08-02 15:02:26,127 INFO sqlalchemy.engine.Engine [cached since 0.06456s ago] ('prod-con-1',)
DEBUG RLS INTERCEPTOR: ctx=None
2026-08-02 15:02:26,130 INFO sqlalchemy.engine.Engine SELECT product_tax_profiles.product_id AS product_tax_profiles_product_id, product_tax_profiles.hsn_code AS product_tax_profiles_hsn_code, product_tax_profiles.gst_rate AS product_tax_profiles_gst_rate, product_tax_profiles.cess_rate AS product_tax_profiles_cess_rate, product_tax_profiles.is_inclusive_tax AS product_tax_profiles_is_inclusive_tax, product_tax_profiles.tax_group_id AS product_tax_profiles_tax_group_id, product_tax_profiles.effective_from AS product_tax_profiles_effective_from, product_tax_profiles.effective_to AS product_tax_profiles_effective_to, product_tax_profiles.id AS product_tax_profiles_id, product_tax_profiles.uuid AS product_tax_profiles_uuid, product_tax_profiles.tenant_id AS product_tax_profiles_tenant_id, product_tax_profiles.company_id AS product_tax_profiles_company_id, product_tax_profiles.branch_id AS product_tax_profiles_branch_id, product_tax_profiles.created_at AS product_tax_profiles_created_at, product_tax_profiles.modified_at AS product_tax_profiles_modified_at, product_tax_profiles.created_by AS product_tax_profiles_created_by, product_tax_profiles.updated_by AS product_tax_profiles_updated_by, product_tax_profiles.is_active AS product_tax_profiles_is_active, product_tax_profiles.is_deleted AS product_tax_profiles_is_deleted, product_tax_profiles.deleted_at AS product_tax_profiles_deleted_at, product_tax_profiles.deleted_by AS product_tax_profiles_deleted_by, product_tax_profiles.version AS product_tax_profiles_version, product_tax_profiles.workflow_status AS product_tax_profiles_workflow_status, product_tax_profiles.document_number AS product_tax_profiles_document_number 
FROM product_tax_profiles 
WHERE $1::VARCHAR = product_tax_profiles.product_id ORDER BY product_tax_profiles.effective_from DESC
2026-08-02 15:02:26,130 INFO sqlalchemy.engine.Engine [generated in 0.00024s] ('prod-con-1',)
DEBUG RLS INTERCEPTOR: ctx=None
2026-08-02 15:02:26,134 INFO sqlalchemy.engine.Engine SELECT product_inventory_policies.product_id AS product_inventory_policies_product_id, product_inventory_policies.is_batch_tracked AS product_inventory_policies_is_batch_tracked, product_inventory_policies.is_serial_tracked AS product_inventory_policies_is_serial_tracked, product_inventory_policies.is_expiry_required AS product_inventory_policies_is_expiry_required, product_inventory_policies.is_qc_required AS product_inventory_policies_is_qc_required, product_inventory_policies.allow_negative_stock AS product_inventory_policies_allow_negative_stock, product_inventory_policies.id AS product_inventory_policies_id, product_inventory_policies.uuid AS product_inventory_policies_uuid, product_inventory_policies.tenant_id AS product_inventory_policies_tenant_id, product_inventory_policies.company_id AS product_inventory_policies_company_id, product_inventory_policies.branch_id AS product_inventory_policies_branch_id, product_inventory_policies.created_at AS product_inventory_policies_created_at, product_inventory_policies.modified_at AS product_inventory_policies_modified_at, product_inventory_policies.created_by AS product_inventory_policies_created_by, product_inventory_policies.updated_by AS product_inventory_policies_updated_by, product_inventory_policies.is_active AS product_inventory_policies_is_active, product_inventory_policies.is_deleted AS product_inventory_policies_is_deleted, product_inventory_policies.deleted_at AS product_inventory_policies_deleted_at, product_inventory_policies.deleted_by AS product_inventory_policies_deleted_by, product_inventory_policies.version AS product_inventory_policies_version, product_inventory_policies.workflow_status AS product_inventory_policies_workflow_status, product_inventory_policies.document_number AS product_inventory_policies_document_number 
FROM product_inventory_policies 
WHERE $1::VARCHAR = product_inventory_policies.product_id
2026-08-02 15:02:26,135 INFO sqlalchemy.engine.Engine [generated in 0.00027s] ('prod-con-1',)
DEBUG RLS INTERCEPTOR: ctx=None
2026-08-02 15:02:26,136 INFO sqlalchemy.engine.Engine SELECT product_inventory_policies.product_id AS product_inventory_policies_product_id, product_inventory_policies.is_batch_tracked AS product_inventory_policies_is_batch_tracked, product_inventory_policies.is_serial_tracked AS product_inventory_policies_is_serial_tracked, product_inventory_policies.is_expiry_required AS product_inventory_policies_is_expiry_required, product_inventory_policies.is_qc_required AS product_inventory_policies_is_qc_required, product_inventory_policies.allow_negative_stock AS product_inventory_policies_allow_negative_stock, product_inventory_policies.id AS product_inventory_policies_id, product_inventory_policies.uuid AS product_inventory_policies_uuid, product_inventory_policies.tenant_id AS product_inventory_policies_tenant_id, product_inventory_policies.company_id AS product_inventory_policies_company_id, product_inventory_policies.branch_id AS product_inventory_policies_branch_id, product_inventory_policies.created_at AS product_inventory_policies_created_at, product_inventory_policies.modified_at AS product_inventory_policies_modified_at, product_inventory_policies.created_by AS product_inventory_policies_created_by, product_inventory_policies.updated_by AS product_inventory_policies_updated_by, product_inventory_policies.is_active AS product_inventory_policies_is_active, product_inventory_policies.is_deleted AS product_inventory_policies_is_deleted, product_inventory_policies.deleted_at AS product_inventory_policies_deleted_at, product_inventory_policies.deleted_by AS product_inventory_policies_deleted_by, product_inventory_policies.version AS product_inventory_policies_version, product_inventory_policies.workflow_status AS product_inventory_policies_workflow_status, product_inventory_policies.document_number AS product_inventory_policies_document_number 
FROM product_inventory_policies 
WHERE product_inventory_policies.product_id IN ($1::VARCHAR)
2026-08-02 15:02:26,137 INFO sqlalchemy.engine.Engine [cached since 0.06639s ago] ('prod-con-1',)
DEBUG RLS INTERCEPTOR: ctx=None
2026-08-02 15:02:26,139 INFO sqlalchemy.engine.Engine SELECT products.code, products.name, products.price, products.stock, products.reserved_stock, products.category, products.is_favorite, products.barcode, products.brand, products.color, products.size, products.mrp, products.gst_percentage, products.style_code, products.cost_price, products.sku, products.hsn_code, products.pricing_mode, products.tracking_mode, products.variant_template_id, products.size_scale_id, products.sourcing_mode_override, products.weight_grams, products.attributes, products.primary_image_url, products.gallery_images, products.id, products.uuid, products.tenant_id, products.company_id, products.branch_id, products.created_at, products.modified_at, products.created_by, products.updated_by, products.is_active, products.is_deleted, products.deleted_at, products.deleted_by, products.version, products.workflow_status, products.document_number 
FROM products 
WHERE products.id = $1::VARCHAR AND products.is_deleted IS false AND products.company_id = $2::VARCHAR AND products.branch_id = $3::VARCHAR
2026-08-02 15:02:26,139 INFO sqlalchemy.engine.Engine [cached since 0.0626s ago] ('prod-con-1', 'comp-inv-con1', 'br-inv-con1')
DEBUG RLS INTERCEPTOR: ctx=None
2026-08-02 15:02:26,141 INFO sqlalchemy.engine.Engine SELECT product_barcodes.product_id AS product_barcodes_product_id, product_barcodes.barcode AS product_barcodes_barcode, product_barcodes.is_primary AS product_barcodes_is_primary, product_barcodes.id AS product_barcodes_id, product_barcodes.uuid AS product_barcodes_uuid, product_barcodes.tenant_id AS product_barcodes_tenant_id, product_barcodes.company_id AS product_barcodes_company_id, product_barcodes.branch_id AS product_barcodes_branch_id, product_barcodes.created_at AS product_barcodes_created_at, product_barcodes.modified_at AS product_barcodes_modified_at, product_barcodes.created_by AS product_barcodes_created_by, product_barcodes.updated_by AS product_barcodes_updated_by, product_barcodes.is_active AS product_barcodes_is_active, product_barcodes.is_deleted AS product_barcodes_is_deleted, product_barcodes.deleted_at AS product_barcodes_deleted_at, product_barcodes.deleted_by AS product_barcodes_deleted_by, product_barcodes.version AS product_barcodes_version, product_barcodes.workflow_status AS product_barcodes_workflow_status, product_barcodes.document_number AS product_barcodes_document_number 
FROM product_barcodes 
WHERE product_barcodes.product_id IN ($1::VARCHAR)
2026-08-02 15:02:26,141 INFO sqlalchemy.engine.Engine [cached since 0.09598s ago] ('prod-con-1',)
DEBUG RLS INTERCEPTOR: ctx=None
2026-08-02 15:02:26,142 INFO sqlalchemy.engine.Engine SELECT products.code, products.name, products.price, products.stock, products.reserved_stock, products.category, products.is_favorite, products.barcode, products.brand, products.color, products.size, products.mrp, products.gst_percentage, products.style_code, products.cost_price, products.sku, products.hsn_code, products.pricing_mode, products.tracking_mode, products.variant_template_id, products.size_scale_id, products.sourcing_mode_override, products.weight_grams, products.attributes, products.primary_image_url, products.gallery_images, products.id, products.uuid, products.tenant_id, products.company_id, products.branch_id, products.created_at, products.modified_at, products.created_by, products.updated_by, products.is_active, products.is_deleted, products.deleted_at, products.deleted_by, products.version, products.workflow_status, products.document_number 
FROM products 
WHERE products.id = $1::VARCHAR AND products.is_deleted IS false AND products.company_id = $2::VARCHAR AND products.branch_id = $3::VARCHAR
2026-08-02 15:02:26,142 INFO sqlalchemy.engine.Engine [cached since 0.06599s ago] ('prod-con-1', 'comp-inv-con1', 'br-inv-con1')
DEBUG RLS INTERCEPTOR: ctx=None
2026-08-02 15:02:26,143 INFO sqlalchemy.engine.Engine SELECT product_vendors.product_id AS product_vendors_product_id, product_vendors.supplier_id AS product_vendors_supplier_id, product_vendors.supplier_product_code AS product_vendors_supplier_product_code, product_vendors.supplier_barcode AS product_vendors_supplier_barcode, product_vendors.purchase_uom_id AS product_vendors_purchase_uom_id, product_vendors.currency_id AS product_vendors_currency_id, product_vendors.cost_price AS product_vendors_cost_price, product_vendors.last_purchase_price AS product_vendors_last_purchase_price, product_vendors.last_purchase_date AS product_vendors_last_purchase_date, product_vendors.discount_percentage AS product_vendors_discount_percentage, product_vendors.tax_inclusive AS product_vendors_tax_inclusive, product_vendors.minimum_order_qty AS product_vendors_minimum_order_qty, product_vendors.maximum_order_qty AS product_vendors_maximum_order_qty, product_vendors.lead_time_days AS product_vendors_lead_time_days, product_vendors.supplier_warranty_days AS product_vendors_supplier_warranty_days, product_vendors.priority AS product_vendors_priority, product_vendors.is_preferred AS product_vendors_is_preferred, product_vendors.approval_status AS product_vendors_approval_status, product_vendors.id AS product_vendors_id, product_vendors.uuid AS product_vendors_uuid, product_vendors.tenant_id AS product_vendors_tenant_id, product_vendors.company_id AS product_vendors_company_id, product_vendors.branch_id AS product_vendors_branch_id, product_vendors.created_at AS product_vendors_created_at, product_vendors.modified_at AS product_vendors_modified_at, product_vendors.created_by AS product_vendors_created_by, product_vendors.updated_by AS product_vendors_updated_by, product_vendors.is_active AS product_vendors_is_active, product_vendors.is_deleted AS product_vendors_is_deleted, product_vendors.deleted_at AS product_vendors_deleted_at, product_vendors.deleted_by AS product_vendors_deleted_by, product_vendors.version AS product_vendors_version, product_vendors.workflow_status AS product_vendors_workflow_status, product_vendors.document_number AS product_vendors_document_number 
FROM product_vendors 
WHERE product_vendors.product_id IN ($1::VARCHAR)
2026-08-02 15:02:26,143 INFO sqlalchemy.engine.Engine [cached since 0.08974s ago] ('prod-con-1',)
DEBUG RLS INTERCEPTOR: ctx=None
2026-08-02 15:02:26,145 INFO sqlalchemy.engine.Engine SELECT product_tax_profiles.product_id AS product_tax_profiles_product_id, product_tax_profiles.hsn_code AS product_tax_profiles_hsn_code, product_tax_profiles.gst_rate AS product_tax_profiles_gst_rate, product_tax_profiles.cess_rate AS product_tax_profiles_cess_rate, product_tax_profiles.is_inclusive_tax AS product_tax_profiles_is_inclusive_tax, product_tax_profiles.tax_group_id AS product_tax_profiles_tax_group_id, product_tax_profiles.effective_from AS product_tax_profiles_effective_from, product_tax_profiles.effective_to AS product_tax_profiles_effective_to, product_tax_profiles.id AS product_tax_profiles_id, product_tax_profiles.uuid AS product_tax_profiles_uuid, product_tax_profiles.tenant_id AS product_tax_profiles_tenant_id, product_tax_profiles.company_id AS product_tax_profiles_company_id, product_tax_profiles.branch_id AS product_tax_profiles_branch_id, product_tax_profiles.created_at AS product_tax_profiles_created_at, product_tax_profiles.modified_at AS product_tax_profiles_modified_at, product_tax_profiles.created_by AS product_tax_profiles_created_by, product_tax_profiles.updated_by AS product_tax_profiles_updated_by, product_tax_profiles.is_active AS product_tax_profiles_is_active, product_tax_profiles.is_deleted AS product_tax_profiles_is_deleted, product_tax_profiles.deleted_at AS product_tax_profiles_deleted_at, product_tax_profiles.deleted_by AS product_tax_profiles_deleted_by, product_tax_profiles.version AS product_tax_profiles_version, product_tax_profiles.workflow_status AS product_tax_profiles_workflow_status, product_tax_profiles.document_number AS product_tax_profiles_document_number 
FROM product_tax_profiles 
WHERE product_tax_profiles.product_id IN ($1::VARCHAR) ORDER BY product_tax_profiles.effective_from DESC
2026-08-02 15:02:26,145 INFO sqlalchemy.engine.Engine [cached since 0.0832s ago] ('prod-con-1',)
DEBUG RLS INTERCEPTOR: ctx=None
2026-08-02 15:02:26,146 INFO sqlalchemy.engine.Engine SELECT product_barcodes.product_id AS product_barcodes_product_id, product_barcodes.barcode AS product_barcodes_barcode, product_barcodes.is_primary AS product_barcodes_is_primary, product_barcodes.id AS product_barcodes_id, product_barcodes.uuid AS product_barcodes_uuid, product_barcodes.tenant_id AS product_barcodes_tenant_id, product_barcodes.company_id AS product_barcodes_company_id, product_barcodes.branch_id AS product_barcodes_branch_id, product_barcodes.created_at AS product_barcodes_created_at, product_barcodes.modified_at AS product_barcodes_modified_at, product_barcodes.created_by AS product_barcodes_created_by, product_barcodes.updated_by AS product_barcodes_updated_by, product_barcodes.is_active AS product_barcodes_is_active, product_barcodes.is_deleted AS product_barcodes_is_deleted, product_barcodes.deleted_at AS product_barcodes_deleted_at, product_barcodes.deleted_by AS product_barcodes_deleted_by, product_barcodes.version AS product_barcodes_version, product_barcodes.workflow_status AS product_barcodes_workflow_status, product_barcodes.document_number AS product_barcodes_document_number 
FROM product_barcodes 
WHERE product_barcodes.product_id IN ($1::VARCHAR)
2026-08-02 15:02:26,146 INFO sqlalchemy.engine.Engine [cached since 0.1013s ago] ('prod-con-1',)
DEBUG RLS INTERCEPTOR: ctx=None
2026-08-02 15:02:26,147 INFO sqlalchemy.engine.Engine SELECT product_inventory_policies.product_id AS product_inventory_policies_product_id, product_inventory_policies.is_batch_tracked AS product_inventory_policies_is_batch_tracked, product_inventory_policies.is_serial_tracked AS product_inventory_policies_is_serial_tracked, product_inventory_policies.is_expiry_required AS product_inventory_policies_is_expiry_required, product_inventory_policies.is_qc_required AS product_inventory_policies_is_qc_required, product_inventory_policies.allow_negative_stock AS product_inventory_policies_allow_negative_stock, product_inventory_policies.id AS product_inventory_policies_id, product_inventory_policies.uuid AS product_inventory_policies_uuid, product_inventory_policies.tenant_id AS product_inventory_policies_tenant_id, product_inventory_policies.company_id AS product_inventory_policies_company_id, product_inventory_policies.branch_id AS product_inventory_policies_branch_id, product_inventory_policies.created_at AS product_inventory_policies_created_at, product_inventory_policies.modified_at AS product_inventory_policies_modified_at, product_inventory_policies.created_by AS product_inventory_policies_created_by, product_inventory_policies.updated_by AS product_inventory_policies_updated_by, product_inventory_policies.is_active AS product_inventory_policies_is_active, product_inventory_policies.is_deleted AS product_inventory_policies_is_deleted, product_inventory_policies.deleted_at AS product_inventory_policies_deleted_at, product_inventory_policies.deleted_by AS product_inventory_policies_deleted_by, product_inventory_policies.version AS product_inventory_policies_version, product_inventory_policies.workflow_status AS product_inventory_policies_workflow_status, product_inventory_policies.document_number AS product_inventory_policies_document_number 
FROM product_inventory_policies 
WHERE product_inventory_policies.product_id IN ($1::VARCHAR)
2026-08-02 15:02:26,147 INFO sqlalchemy.engine.Engine [cached since 0.07732s ago] ('prod-con-1',)
DEBUG RLS INTERCEPTOR: ctx=None
2026-08-02 15:02:26,148 INFO sqlalchemy.engine.Engine SELECT product_vendors.product_id AS product_vendors_product_id, product_vendors.supplier_id AS product_vendors_supplier_id, product_vendors.supplier_product_code AS product_vendors_supplier_product_code, product_vendors.supplier_barcode AS product_vendors_supplier_barcode, product_vendors.purchase_uom_id AS product_vendors_purchase_uom_id, product_vendors.currency_id AS product_vendors_currency_id, product_vendors.cost_price AS product_vendors_cost_price, product_vendors.last_purchase_price AS product_vendors_last_purchase_price, product_vendors.last_purchase_date AS product_vendors_last_purchase_date, product_vendors.discount_percentage AS product_vendors_discount_percentage, product_vendors.tax_inclusive AS product_vendors_tax_inclusive, product_vendors.minimum_order_qty AS product_vendors_minimum_order_qty, product_vendors.maximum_order_qty AS product_vendors_maximum_order_qty, product_vendors.lead_time_days AS product_vendors_lead_time_days, product_vendors.supplier_warranty_days AS product_vendors_supplier_warranty_days, product_vendors.priority AS product_vendors_priority, product_vendors.is_preferred AS product_vendors_is_preferred, product_vendors.approval_status AS product_vendors_approval_status, product_vendors.id AS product_vendors_id, product_vendors.uuid AS product_vendors_uuid, product_vendors.tenant_id AS product_vendors_tenant_id, product_vendors.company_id AS product_vendors_company_id, product_vendors.branch_id AS product_vendors_branch_id, product_vendors.created_at AS product_vendors_created_at, product_vendors.modified_at AS product_vendors_modified_at, product_vendors.created_by AS product_vendors_created_by, product_vendors.updated_by AS product_vendors_updated_by, product_vendors.is_active AS product_vendors_is_active, product_vendors.is_deleted AS product_vendors_is_deleted, product_vendors.deleted_at AS product_vendors_deleted_at, product_vendors.deleted_by AS product_vendors_deleted_by, product_vendors.version AS product_vendors_version, product_vendors.workflow_status AS product_vendors_workflow_status, product_vendors.document_number AS product_vendors_document_number 
FROM product_vendors 
WHERE product_vendors.product_id IN ($1::VARCHAR)
2026-08-02 15:02:26,148 INFO sqlalchemy.engine.Engine [cached since 0.09474s ago] ('prod-con-1',)
DEBUG RLS INTERCEPTOR: ctx=None
2026-08-02 15:02:26,151 INFO sqlalchemy.engine.Engine SELECT stock_movements.product_id, stock_movements.product_name, stock_movements.sku, stock_movements.quantity, stock_movements.movement_type, stock_movements.reference_doc_type, stock_movements.reference_doc_id, stock_movements.warehouse, stock_movements.bin, stock_movements.batch, stock_movements.serial, stock_movements.unit_cost, stock_movements.remarks, stock_movements."user", stock_movements.device, stock_movements.branch, stock_movements.source_module, stock_movements.approval, stock_movements.id, stock_movements.uuid, stock_movements.tenant_id, stock_movements.company_id, stock_movements.branch_id, stock_movements.created_at, stock_movements.modified_at, stock_movements.created_by, stock_movements.updated_by, stock_movements.is_active, stock_movements.is_deleted, stock_movements.deleted_at, stock_movements.deleted_by, stock_movements.version, stock_movements.workflow_status, stock_movements.document_number 
FROM stock_movements 
WHERE stock_movements.product_id = $1::VARCHAR AND stock_movements.company_id = $2::VARCHAR AND stock_movements.branch_id = $3::VARCHAR ORDER BY stock_movements.created_at DESC
2026-08-02 15:02:26,151 INFO sqlalchemy.engine.Engine [cached since 0.06085s ago] ('prod-con-1', 'comp-inv-con1', 'br-inv-con1')
DEBUG RLS INTERCEPTOR: ctx=None
2026-08-02 15:02:26,153 INFO sqlalchemy.engine.Engine SELECT product_tax_profiles.product_id AS product_tax_profiles_product_id, product_tax_profiles.hsn_code AS product_tax_profiles_hsn_code, product_tax_profiles.gst_rate AS product_tax_profiles_gst_rate, product_tax_profiles.cess_rate AS product_tax_profiles_cess_rate, product_tax_profiles.is_inclusive_tax AS product_tax_profiles_is_inclusive_tax, product_tax_profiles.tax_group_id AS product_tax_profiles_tax_group_id, product_tax_profiles.effective_from AS product_tax_profiles_effective_from, product_tax_profiles.effective_to AS product_tax_profiles_effective_to, product_tax_profiles.id AS product_tax_profiles_id, product_tax_profiles.uuid AS product_tax_profiles_uuid, product_tax_profiles.tenant_id AS product_tax_profiles_tenant_id, product_tax_profiles.company_id AS product_tax_profiles_company_id, product_tax_profiles.branch_id AS product_tax_profiles_branch_id, product_tax_profiles.created_at AS product_tax_profiles_created_at, product_tax_profiles.modified_at AS product_tax_profiles_modified_at, product_tax_profiles.created_by AS product_tax_profiles_created_by, product_tax_profiles.updated_by AS product_tax_profiles_updated_by, product_tax_profiles.is_active AS product_tax_profiles_is_active, product_tax_profiles.is_deleted AS product_tax_profiles_is_deleted, product_tax_profiles.deleted_at AS product_tax_profiles_deleted_at, product_tax_profiles.deleted_by AS product_tax_profiles_deleted_by, product_tax_profiles.version AS product_tax_profiles_version, product_tax_profiles.workflow_status AS product_tax_profiles_workflow_status, product_tax_profiles.document_number AS product_tax_profiles_document_number 
FROM product_tax_profiles 
WHERE product_tax_profiles.product_id IN ($1::VARCHAR) ORDER BY product_tax_profiles.effective_from DESC
2026-08-02 15:02:26,154 INFO sqlalchemy.engine.Engine [cached since 0.09156s ago] ('prod-con-1',)
2026-08-02 15:02:26,155 INFO sqlalchemy.engine.Engine ROLLBACK
DEBUG RLS INTERCEPTOR: ctx=None
2026-08-02 15:02:26,156 INFO sqlalchemy.engine.Engine SELECT product_inventory_policies.product_id AS product_inventory_policies_product_id, product_inventory_policies.is_batch_tracked AS product_inventory_policies_is_batch_tracked, product_inventory_policies.is_serial_tracked AS product_inventory_policies_is_serial_tracked, product_inventory_policies.is_expiry_required AS product_inventory_policies_is_expiry_required, product_inventory_policies.is_qc_required AS product_inventory_policies_is_qc_required, product_inventory_policies.allow_negative_stock AS product_inventory_policies_allow_negative_stock, product_inventory_policies.id AS product_inventory_policies_id, product_inventory_policies.uuid AS product_inventory_policies_uuid, product_inventory_policies.tenant_id AS product_inventory_policies_tenant_id, product_inventory_policies.company_id AS product_inventory_policies_company_id, product_inventory_policies.branch_id AS product_inventory_policies_branch_id, product_inventory_policies.created_at AS product_inventory_policies_created_at, product_inventory_policies.modified_at AS product_inventory_policies_modified_at, product_inventory_policies.created_by AS product_inventory_policies_created_by, product_inventory_policies.updated_by AS product_inventory_policies_updated_by, product_inventory_policies.is_active AS product_inventory_policies_is_active, product_inventory_policies.is_deleted AS product_inventory_policies_is_deleted, product_inventory_policies.deleted_at AS product_inventory_policies_deleted_at, product_inventory_policies.deleted_by AS product_inventory_policies_deleted_by, product_inventory_policies.version AS product_inventory_policies_version, product_inventory_policies.workflow_status AS product_inventory_policies_workflow_status, product_inventory_policies.document_number AS product_inventory_policies_document_number 
FROM product_inventory_policies 
WHERE product_inventory_policies.product_id IN ($1::VARCHAR)
2026-08-02 15:02:26,156 INFO sqlalchemy.engine.Engine [cached since 0.08617s ago] ('prod-con-1',)
DEBUG RLS INTERCEPTOR: ctx=None
2026-08-02 15:02:26,158 INFO sqlalchemy.engine.Engine SELECT stock_movements.product_id, stock_movements.product_name, stock_movements.sku, stock_movements.quantity, stock_movements.movement_type, stock_movements.reference_doc_type, stock_movements.reference_doc_id, stock_movements.warehouse, stock_movements.bin, stock_movements.batch, stock_movements.serial, stock_movements.unit_cost, stock_movements.remarks, stock_movements."user", stock_movements.device, stock_movements.branch, stock_movements.source_module, stock_movements.approval, stock_movements.id, stock_movements.uuid, stock_movements.tenant_id, stock_movements.company_id, stock_movements.branch_id, stock_movements.created_at, stock_movements.modified_at, stock_movements.created_by, stock_movements.updated_by, stock_movements.is_active, stock_movements.is_deleted, stock_movements.deleted_at, stock_movements.deleted_by, stock_movements.version, stock_movements.workflow_status, stock_movements.document_number 
FROM stock_movements 
WHERE stock_movements.product_id = $1::VARCHAR AND stock_movements.company_id = $2::VARCHAR AND stock_movements.branch_id = $3::VARCHAR ORDER BY stock_movements.created_at DESC
2026-08-02 15:02:26,159 INFO sqlalchemy.engine.Engine [cached since 0.06817s ago] ('prod-con-1', 'comp-inv-con1', 'br-inv-con1')
2026-08-02 15:02:26,162 INFO sqlalchemy.engine.Engine INSERT INTO stock_movements (product_id, product_name, sku, quantity, movement_type, reference_doc_type, reference_doc_id, warehouse, bin, batch, serial, unit_cost, remarks, "user", device, branch, source_module, approval, id, uuid, tenant_id, company_id, branch_id, created_at, modified_at, created_by, updated_by, is_active, is_deleted, deleted_at, deleted_by, version, workflow_status, document_number) VALUES ($1::VARCHAR, $2::VARCHAR, $3::VARCHAR, $4::NUMERIC(10, 2), $5::VARCHAR, $6::VARCHAR, $7::VARCHAR, $8::VARCHAR, $9::VARCHAR, $10::VARCHAR, $11::VARCHAR, $12::NUMERIC(15, 2), $13::VARCHAR, $14::VARCHAR, $15::VARCHAR, $16::VARCHAR, $17::VARCHAR, $18::VARCHAR, $19::VARCHAR, $20::VARCHAR, $21::VARCHAR, $22::VARCHAR, $23::VARCHAR, $24::TIMESTAMP WITH TIME ZONE, $25::TIMESTAMP WITH TIME ZONE, $26::VARCHAR, $27::VARCHAR, $28::BOOLEAN, $29::BOOLEAN, $30::TIMESTAMP WITH TIME ZONE, $31::VARCHAR, $32::INTEGER, $33::VARCHAR, $34::VARCHAR)
2026-08-02 15:02:26,162 INFO sqlalchemy.engine.Engine [cached since 0.06708s ago] ('prod-con-1', 'Concurrent Reservation Product', 'PROD-CON-1', Decimal('10'), 'RESERVE', 'SO', 'SO-CON-002', None, None, None, None, None, None, None, None, None, 'reservation', None, 'ff85ec21-cbc4-4759-9e03-5fe95b20f659', '823d0d5c-f59a-4edd-97e9-55e781321309', None, 'comp-inv-con1', 'br-inv-con1', datetime.datetime(2026, 8, 2, 9, 32, 26, 162464, tzinfo=datetime.timezone.utc), datetime.datetime(2026, 8, 2, 9, 32, 26, 162467, tzinfo=datetime.timezone.utc), None, None, True, False, None, None, 1, None, None)
2026-08-02 15:02:26,173 INFO sqlalchemy.engine.Engine UPDATE products SET reserved_stock=$1::NUMERIC(12, 4), modified_at=$2::TIMESTAMP WITH TIME ZONE WHERE products.id = $3::VARCHAR
2026-08-02 15:02:26,173 INFO sqlalchemy.engine.Engine [cached since 0.06774s ago] (Decimal('20.0000'), datetime.datetime(2026, 8, 2, 9, 32, 26, 173003, tzinfo=datetime.timezone.utc), 'prod-con-1')
2026-08-02 15:02:26,175 INFO sqlalchemy.engine.Engine COMMIT
DEBUG RLS INTERCEPTOR: ctx=None
2026-08-02 15:02:26,178 INFO sqlalchemy.engine.Engine BEGIN (implicit)
2026-08-02 15:02:26,178 INFO sqlalchemy.engine.Engine SELECT products.code, products.name, products.price, products.stock, products.reserved_stock, products.category, products.is_favorite, products.barcode, products.brand, products.color, products.size, products.mrp, products.gst_percentage, products.style_code, products.cost_price, products.sku, products.hsn_code, products.pricing_mode, products.tracking_mode, products.variant_template_id, products.size_scale_id, products.sourcing_mode_override, products.weight_grams, products.attributes, products.primary_image_url, products.gallery_images, products.id, products.uuid, products.tenant_id, products.company_id, products.branch_id, products.created_at, products.modified_at, products.created_by, products.updated_by, products.is_active, products.is_deleted, products.deleted_at, products.deleted_by, products.version, products.workflow_status, products.document_number 
FROM products 
WHERE products.id = $1::VARCHAR
2026-08-02 15:02:26,178 INFO sqlalchemy.engine.Engine [cached since 0.06546s ago] ('prod-con-1',)
DEBUG RLS INTERCEPTOR: ctx=None
2026-08-02 15:02:26,181 INFO sqlalchemy.engine.Engine SELECT product_barcodes.product_id AS product_barcodes_product_id, product_barcodes.barcode AS product_barcodes_barcode, product_barcodes.is_primary AS product_barcodes_is_primary, product_barcodes.id AS product_barcodes_id, product_barcodes.uuid AS product_barcodes_uuid, product_barcodes.tenant_id AS product_barcodes_tenant_id, product_barcodes.company_id AS product_barcodes_company_id, product_barcodes.branch_id AS product_barcodes_branch_id, product_barcodes.created_at AS product_barcodes_created_at, product_barcodes.modified_at AS product_barcodes_modified_at, product_barcodes.created_by AS product_barcodes_created_by, product_barcodes.updated_by AS product_barcodes_updated_by, product_barcodes.is_active AS product_barcodes_is_active, product_barcodes.is_deleted AS product_barcodes_is_deleted, product_barcodes.deleted_at AS product_barcodes_deleted_at, product_barcodes.deleted_by AS product_barcodes_deleted_by, product_barcodes.version AS product_barcodes_version, product_barcodes.workflow_status AS product_barcodes_workflow_status, product_barcodes.document_number AS product_barcodes_document_number 
FROM product_barcodes 
WHERE $1::VARCHAR = product_barcodes.product_id
2026-08-02 15:02:26,181 INFO sqlalchemy.engine.Engine [cached since 0.06081s ago] ('prod-con-1',)
DEBUG RLS INTERCEPTOR: ctx=None
2026-08-02 15:02:26,182 INFO sqlalchemy.engine.Engine SELECT product_vendors.product_id AS product_vendors_product_id, product_vendors.supplier_id AS product_vendors_supplier_id, product_vendors.supplier_product_code AS product_vendors_supplier_product_code, product_vendors.supplier_barcode AS product_vendors_supplier_barcode, product_vendors.purchase_uom_id AS product_vendors_purchase_uom_id, product_vendors.currency_id AS product_vendors_currency_id, product_vendors.cost_price AS product_vendors_cost_price, product_vendors.last_purchase_price AS product_vendors_last_purchase_price, product_vendors.last_purchase_date AS product_vendors_last_purchase_date, product_vendors.discount_percentage AS product_vendors_discount_percentage, product_vendors.tax_inclusive AS product_vendors_tax_inclusive, product_vendors.minimum_order_qty AS product_vendors_minimum_order_qty, product_vendors.maximum_order_qty AS product_vendors_maximum_order_qty, product_vendors.lead_time_days AS product_vendors_lead_time_days, product_vendors.supplier_warranty_days AS product_vendors_supplier_warranty_days, product_vendors.priority AS product_vendors_priority, product_vendors.is_preferred AS product_vendors_is_preferred, product_vendors.approval_status AS product_vendors_approval_status, product_vendors.id AS product_vendors_id, product_vendors.uuid AS product_vendors_uuid, product_vendors.tenant_id AS product_vendors_tenant_id, product_vendors.company_id AS product_vendors_company_id, product_vendors.branch_id AS product_vendors_branch_id, product_vendors.created_at AS product_vendors_created_at, product_vendors.modified_at AS product_vendors_modified_at, product_vendors.created_by AS product_vendors_created_by, product_vendors.updated_by AS product_vendors_updated_by, product_vendors.is_active AS product_vendors_is_active, product_vendors.is_deleted AS product_vendors_is_deleted, product_vendors.deleted_at AS product_vendors_deleted_at, product_vendors.deleted_by AS product_vendors_deleted_by, product_vendors.version AS product_vendors_version, product_vendors.workflow_status AS product_vendors_workflow_status, product_vendors.document_number AS product_vendors_document_number 
FROM product_vendors 
WHERE $1::VARCHAR = product_vendors.product_id
2026-08-02 15:02:26,183 INFO sqlalchemy.engine.Engine [cached since 0.05802s ago] ('prod-con-1',)
DEBUG RLS INTERCEPTOR: ctx=None
2026-08-02 15:02:26,185 INFO sqlalchemy.engine.Engine SELECT product_tax_profiles.product_id AS product_tax_profiles_product_id, product_tax_profiles.hsn_code AS product_tax_profiles_hsn_code, product_tax_profiles.gst_rate AS product_tax_profiles_gst_rate, product_tax_profiles.cess_rate AS product_tax_profiles_cess_rate, product_tax_profiles.is_inclusive_tax AS product_tax_profiles_is_inclusive_tax, product_tax_profiles.tax_group_id AS product_tax_profiles_tax_group_id, product_tax_profiles.effective_from AS product_tax_profiles_effective_from, product_tax_profiles.effective_to AS product_tax_profiles_effective_to, product_tax_profiles.id AS product_tax_profiles_id, product_tax_profiles.uuid AS product_tax_profiles_uuid, product_tax_profiles.tenant_id AS product_tax_profiles_tenant_id, product_tax_profiles.company_id AS product_tax_profiles_company_id, product_tax_profiles.branch_id AS product_tax_profiles_branch_id, product_tax_profiles.created_at AS product_tax_profiles_created_at, product_tax_profiles.modified_at AS product_tax_profiles_modified_at, product_tax_profiles.created_by AS product_tax_profiles_created_by, product_tax_profiles.updated_by AS product_tax_profiles_updated_by, product_tax_profiles.is_active AS product_tax_profiles_is_active, product_tax_profiles.is_deleted AS product_tax_profiles_is_deleted, product_tax_profiles.deleted_at AS product_tax_profiles_deleted_at, product_tax_profiles.deleted_by AS product_tax_profiles_deleted_by, product_tax_profiles.version AS product_tax_profiles_version, product_tax_profiles.workflow_status AS product_tax_profiles_workflow_status, product_tax_profiles.document_number AS product_tax_profiles_document_number 
FROM product_tax_profiles 
WHERE $1::VARCHAR = product_tax_profiles.product_id ORDER BY product_tax_profiles.effective_from DESC
2026-08-02 15:02:26,185 INFO sqlalchemy.engine.Engine [cached since 0.05563s ago] ('prod-con-1',)
DEBUG RLS INTERCEPTOR: ctx=None
2026-08-02 15:02:26,187 INFO sqlalchemy.engine.Engine SELECT product_inventory_policies.product_id AS product_inventory_policies_product_id, product_inventory_policies.is_batch_tracked AS product_inventory_policies_is_batch_tracked, product_inventory_policies.is_serial_tracked AS product_inventory_policies_is_serial_tracked, product_inventory_policies.is_expiry_required AS product_inventory_policies_is_expiry_required, product_inventory_policies.is_qc_required AS product_inventory_policies_is_qc_required, product_inventory_policies.allow_negative_stock AS product_inventory_policies_allow_negative_stock, product_inventory_policies.id AS product_inventory_policies_id, product_inventory_policies.uuid AS product_inventory_policies_uuid, product_inventory_policies.tenant_id AS product_inventory_policies_tenant_id, product_inventory_policies.company_id AS product_inventory_policies_company_id, product_inventory_policies.branch_id AS product_inventory_policies_branch_id, product_inventory_policies.created_at AS product_inventory_policies_created_at, product_inventory_policies.modified_at AS product_inventory_policies_modified_at, product_inventory_policies.created_by AS product_inventory_policies_created_by, product_inventory_policies.updated_by AS product_inventory_policies_updated_by, product_inventory_policies.is_active AS product_inventory_policies_is_active, product_inventory_policies.is_deleted AS product_inventory_policies_is_deleted, product_inventory_policies.deleted_at AS product_inventory_policies_deleted_at, product_inventory_policies.deleted_by AS product_inventory_policies_deleted_by, product_inventory_policies.version AS product_inventory_policies_version, product_inventory_policies.workflow_status AS product_inventory_policies_workflow_status, product_inventory_policies.document_number AS product_inventory_policies_document_number 
FROM product_inventory_policies 
WHERE $1::VARCHAR = product_inventory_policies.product_id
2026-08-02 15:02:26,187 INFO sqlalchemy.engine.Engine [cached since 0.053s ago] ('prod-con-1',)
DEBUG RLS INTERCEPTOR: ctx=None
2026-08-02 15:02:26,189 INFO sqlalchemy.engine.Engine SELECT products.code, products.name, products.price, products.stock, products.reserved_stock, products.category, products.is_favorite, products.barcode, products.brand, products.color, products.size, products.mrp, products.gst_percentage, products.style_code, products.cost_price, products.sku, products.hsn_code, products.pricing_mode, products.tracking_mode, products.variant_template_id, products.size_scale_id, products.sourcing_mode_override, products.weight_grams, products.attributes, products.primary_image_url, products.gallery_images, products.id, products.uuid, products.tenant_id, products.company_id, products.branch_id, products.created_at, products.modified_at, products.created_by, products.updated_by, products.is_active, products.is_deleted, products.deleted_at, products.deleted_by, products.version, products.workflow_status, products.document_number 
FROM products 
WHERE products.id = $1::VARCHAR AND products.is_deleted IS false AND products.company_id = $2::VARCHAR AND products.branch_id = $3::VARCHAR
2026-08-02 15:02:26,189 INFO sqlalchemy.engine.Engine [cached since 0.1128s ago] ('prod-con-1', 'comp-inv-con1', 'br-inv-con1')
DEBUG RLS INTERCEPTOR: ctx=None
2026-08-02 15:02:26,191 INFO sqlalchemy.engine.Engine SELECT product_barcodes.product_id AS product_barcodes_product_id, product_barcodes.barcode AS product_barcodes_barcode, product_barcodes.is_primary AS product_barcodes_is_primary, product_barcodes.id AS product_barcodes_id, product_barcodes.uuid AS product_barcodes_uuid, product_barcodes.tenant_id AS product_barcodes_tenant_id, product_barcodes.company_id AS product_barcodes_company_id, product_barcodes.branch_id AS product_barcodes_branch_id, product_barcodes.created_at AS product_barcodes_created_at, product_barcodes.modified_at AS product_barcodes_modified_at, product_barcodes.created_by AS product_barcodes_created_by, product_barcodes.updated_by AS product_barcodes_updated_by, product_barcodes.is_active AS product_barcodes_is_active, product_barcodes.is_deleted AS product_barcodes_is_deleted, product_barcodes.deleted_at AS product_barcodes_deleted_at, product_barcodes.deleted_by AS product_barcodes_deleted_by, product_barcodes.version AS product_barcodes_version, product_barcodes.workflow_status AS product_barcodes_workflow_status, product_barcodes.document_number AS product_barcodes_document_number 
FROM product_barcodes 
WHERE product_barcodes.product_id IN ($1::VARCHAR)
2026-08-02 15:02:26,191 INFO sqlalchemy.engine.Engine [cached since 0.1461s ago] ('prod-con-1',)
DEBUG RLS INTERCEPTOR: ctx=None
2026-08-02 15:02:26,193 INFO sqlalchemy.engine.Engine SELECT product_vendors.product_id AS product_vendors_product_id, product_vendors.supplier_id AS product_vendors_supplier_id, product_vendors.supplier_product_code AS product_vendors_supplier_product_code, product_vendors.supplier_barcode AS product_vendors_supplier_barcode, product_vendors.purchase_uom_id AS product_vendors_purchase_uom_id, product_vendors.currency_id AS product_vendors_currency_id, product_vendors.cost_price AS product_vendors_cost_price, product_vendors.last_purchase_price AS product_vendors_last_purchase_price, product_vendors.last_purchase_date AS product_vendors_last_purchase_date, product_vendors.discount_percentage AS product_vendors_discount_percentage, product_vendors.tax_inclusive AS product_vendors_tax_inclusive, product_vendors.minimum_order_qty AS product_vendors_minimum_order_qty, product_vendors.maximum_order_qty AS product_vendors_maximum_order_qty, product_vendors.lead_time_days AS product_vendors_lead_time_days, product_vendors.supplier_warranty_days AS product_vendors_supplier_warranty_days, product_vendors.priority AS product_vendors_priority, product_vendors.is_preferred AS product_vendors_is_preferred, product_vendors.approval_status AS product_vendors_approval_status, product_vendors.id AS product_vendors_id, product_vendors.uuid AS product_vendors_uuid, product_vendors.tenant_id AS product_vendors_tenant_id, product_vendors.company_id AS product_vendors_company_id, product_vendors.branch_id AS product_vendors_branch_id, product_vendors.created_at AS product_vendors_created_at, product_vendors.modified_at AS product_vendors_modified_at, product_vendors.created_by AS product_vendors_created_by, product_vendors.updated_by AS product_vendors_updated_by, product_vendors.is_active AS product_vendors_is_active, product_vendors.is_deleted AS product_vendors_is_deleted, product_vendors.deleted_at AS product_vendors_deleted_at, product_vendors.deleted_by AS product_vendors_deleted_by, product_vendors.version AS product_vendors_version, product_vendors.workflow_status AS product_vendors_workflow_status, product_vendors.document_number AS product_vendors_document_number 
FROM product_vendors 
WHERE product_vendors.product_id IN ($1::VARCHAR)
2026-08-02 15:02:26,193 INFO sqlalchemy.engine.Engine [cached since 0.1391s ago] ('prod-con-1',)
DEBUG RLS INTERCEPTOR: ctx=None
2026-08-02 15:02:26,194 INFO sqlalchemy.engine.Engine SELECT product_tax_profiles.product_id AS product_tax_profiles_product_id, product_tax_profiles.hsn_code AS product_tax_profiles_hsn_code, product_tax_profiles.gst_rate AS product_tax_profiles_gst_rate, product_tax_profiles.cess_rate AS product_tax_profiles_cess_rate, product_tax_profiles.is_inclusive_tax AS product_tax_profiles_is_inclusive_tax, product_tax_profiles.tax_group_id AS product_tax_profiles_tax_group_id, product_tax_profiles.effective_from AS product_tax_profiles_effective_from, product_tax_profiles.effective_to AS product_tax_profiles_effective_to, product_tax_profiles.id AS product_tax_profiles_id, product_tax_profiles.uuid AS product_tax_profiles_uuid, product_tax_profiles.tenant_id AS product_tax_profiles_tenant_id, product_tax_profiles.company_id AS product_tax_profiles_company_id, product_tax_profiles.branch_id AS product_tax_profiles_branch_id, product_tax_profiles.created_at AS product_tax_profiles_created_at, product_tax_profiles.modified_at AS product_tax_profiles_modified_at, product_tax_profiles.created_by AS product_tax_profiles_created_by, product_tax_profiles.updated_by AS product_tax_profiles_updated_by, product_tax_profiles.is_active AS product_tax_profiles_is_active, product_tax_profiles.is_deleted AS product_tax_profiles_is_deleted, product_tax_profiles.deleted_at AS product_tax_profiles_deleted_at, product_tax_profiles.deleted_by AS product_tax_profiles_deleted_by, product_tax_profiles.version AS product_tax_profiles_version, product_tax_profiles.workflow_status AS product_tax_profiles_workflow_status, product_tax_profiles.document_number AS product_tax_profiles_document_number 
FROM product_tax_profiles 
WHERE product_tax_profiles.product_id IN ($1::VARCHAR) ORDER BY product_tax_profiles.effective_from DESC
2026-08-02 15:02:26,195 INFO sqlalchemy.engine.Engine [cached since 0.1325s ago] ('prod-con-1',)
DEBUG RLS INTERCEPTOR: ctx=None
2026-08-02 15:02:26,196 INFO sqlalchemy.engine.Engine SELECT product_inventory_policies.product_id AS product_inventory_policies_product_id, product_inventory_policies.is_batch_tracked AS product_inventory_policies_is_batch_tracked, product_inventory_policies.is_serial_tracked AS product_inventory_policies_is_serial_tracked, product_inventory_policies.is_expiry_required AS product_inventory_policies_is_expiry_required, product_inventory_policies.is_qc_required AS product_inventory_policies_is_qc_required, product_inventory_policies.allow_negative_stock AS product_inventory_policies_allow_negative_stock, product_inventory_policies.id AS product_inventory_policies_id, product_inventory_policies.uuid AS product_inventory_policies_uuid, product_inventory_policies.tenant_id AS product_inventory_policies_tenant_id, product_inventory_policies.company_id AS product_inventory_policies_company_id, product_inventory_policies.branch_id AS product_inventory_policies_branch_id, product_inventory_policies.created_at AS product_inventory_policies_created_at, product_inventory_policies.modified_at AS product_inventory_policies_modified_at, product_inventory_policies.created_by AS product_inventory_policies_created_by, product_inventory_policies.updated_by AS product_inventory_policies_updated_by, product_inventory_policies.is_active AS product_inventory_policies_is_active, product_inventory_policies.is_deleted AS product_inventory_policies_is_deleted, product_inventory_policies.deleted_at AS product_inventory_policies_deleted_at, product_inventory_policies.deleted_by AS product_inventory_policies_deleted_by, product_inventory_policies.version AS product_inventory_policies_version, product_inventory_policies.workflow_status AS product_inventory_policies_workflow_status, product_inventory_policies.document_number AS product_inventory_policies_document_number 
FROM product_inventory_policies 
WHERE product_inventory_policies.product_id IN ($1::VARCHAR)
2026-08-02 15:02:26,196 INFO sqlalchemy.engine.Engine [cached since 0.1262s ago] ('prod-con-1',)
DEBUG RLS INTERCEPTOR: ctx=None
2026-08-02 15:02:26,198 INFO sqlalchemy.engine.Engine SELECT stock_movements.product_id, stock_movements.product_name, stock_movements.sku, stock_movements.quantity, stock_movements.movement_type, stock_movements.reference_doc_type, stock_movements.reference_doc_id, stock_movements.warehouse, stock_movements.bin, stock_movements.batch, stock_movements.serial, stock_movements.unit_cost, stock_movements.remarks, stock_movements."user", stock_movements.device, stock_movements.branch, stock_movements.source_module, stock_movements.approval, stock_movements.id, stock_movements.uuid, stock_movements.tenant_id, stock_movements.company_id, stock_movements.branch_id, stock_movements.created_at, stock_movements.modified_at, stock_movements.created_by, stock_movements.updated_by, stock_movements.is_active, stock_movements.is_deleted, stock_movements.deleted_at, stock_movements.deleted_by, stock_movements.version, stock_movements.workflow_status, stock_movements.document_number 
FROM stock_movements 
WHERE stock_movements.product_id = $1::VARCHAR AND stock_movements.company_id = $2::VARCHAR AND stock_movements.branch_id = $3::VARCHAR ORDER BY stock_movements.created_at DESC
2026-08-02 15:02:26,198 INFO sqlalchemy.engine.Engine [cached since 0.1078s ago] ('prod-con-1', 'comp-inv-con1', 'br-inv-con1')
2026-08-02 15:02:26,200 INFO sqlalchemy.engine.Engine ROLLBACK
------------------------------ Captured log call ------------------------------
INFO     sqlalchemy.engine.Engine:base.py:2712 BEGIN (implicit)
INFO     sqlalchemy.engine.Engine:base.py:1848 INSERT INTO companies (id, uuid, tenant_id, name, gst_number, is_active, is_deleted, created_at, modified_at, organization_id, company_code, legal_name, short_name, company_type, industry_type, is_default, is_gst_registered, incorporation_date, fiscal_year_start_month, currency_code, country_code, timezone, language_code, description) VALUES ($1::VARCHAR, $2::VARCHAR, $3::VARCHAR, $4::VARCHAR, $5::VARCHAR, $6::BOOLEAN, $7::BOOLEAN, $8::TIMESTAMP WITH TIME ZONE, $9::TIMESTAMP WITH TIME ZONE, $10::VARCHAR, $11::VARCHAR, $12::VARCHAR, $13::VARCHAR, $14::VARCHAR, $15::VARCHAR, $16::BOOLEAN, $17::BOOLEAN, $18::DATE, $19::SMALLINT, $20::VARCHAR, $21::VARCHAR, $22::VARCHAR, $23::VARCHAR, $24::VARCHAR)
INFO     sqlalchemy.engine.Engine:base.py:1848 [generated in 0.00040s] ('comp-inv-con1', 'f0c2e466-e3c5-4724-8c38-5fb50c14ecda', None, 'Inv Co con1', '27ABCDE1234F1Z5', True, False, datetime.datetime(2026, 8, 2, 9, 32, 25, 928957), datetime.datetime(2026, 8, 2, 9, 32, 25, 928963), None, None, None, None, 'PRIVATE_LTD', 'RETAIL', False, False, None, 4, 'INR', 'IN', 'Asia/Kolkata', 'en-IN', None)
INFO     sqlalchemy.engine.Engine:base.py:1848 INSERT INTO branches (id, uuid, tenant_id, company_id, name, code, is_active, is_deleted, created_at, modified_at, branch_type, gstin, phone, email, manager_user_id) VALUES ($1::VARCHAR, $2::VARCHAR, $3::VARCHAR, $4::VARCHAR, $5::VARCHAR, $6::VARCHAR, $7::BOOLEAN, $8::BOOLEAN, $9::TIMESTAMP WITH TIME ZONE, $10::TIMESTAMP WITH TIME ZONE, $11::VARCHAR, $12::VARCHAR, $13::VARCHAR, $14::VARCHAR, $15::VARCHAR)
INFO     sqlalchemy.engine.Engine:base.py:1848 [generated in 0.00039s] ('br-inv-con1', '330d6389-c372-4ffa-80a8-55d0dee5855d', None, 'comp-inv-con1', 'Inv Br con1', 'BRINV-con1', True, False, datetime.datetime(2026, 8, 2, 9, 32, 25, 934478), datetime.datetime(2026, 8, 2, 9, 32, 25, 934482), 'RETAIL', None, None, None, None)
INFO     sqlalchemy.engine.Engine:base.py:2718 COMMIT
INFO     sqlalchemy.engine.Engine:base.py:2712 BEGIN (implicit)
INFO     sqlalchemy.engine.Engine:base.py:1848 INSERT INTO products (code, name, price, stock, reserved_stock, category, is_favorite, barcode, brand, color, size, mrp, gst_percentage, style_code, cost_price, sku, hsn_code, pricing_mode, tracking_mode, variant_template_id, size_scale_id, sourcing_mode_override, weight_grams, attributes, primary_image_url, id, uuid, tenant_id, company_id, branch_id, created_at, modified_at, created_by, updated_by, is_active, is_deleted, deleted_at, deleted_by, version, workflow_status, document_number) VALUES ($1::VARCHAR, $2::VARCHAR, $3::NUMERIC(15, 2), $4::INTEGER, $5::NUMERIC(12, 4), $6::VARCHAR, $7::BOOLEAN, $8::VARCHAR, $9::VARCHAR, $10::VARCHAR, $11::VARCHAR, $12::NUMERIC(15, 2), $13::NUMERIC(5, 2), $14::VARCHAR, $15::NUMERIC(15, 2), $16::VARCHAR, $17::VARCHAR, $18::VARCHAR, $19::VARCHAR, $20::VARCHAR, $21::VARCHAR, $22::VARCHAR, $23::NUMERIC(10, 2), $24::JSONB, $25::VARCHAR, $26::VARCHAR, $27::VARCHAR, $28::VARCHAR, $29::VARCHAR, $30::VARCHAR, $31::TIMESTAMP WITH TIME ZONE, $32::TIMESTAMP WITH TIME ZONE, $33::VARCHAR, $34::VARCHAR, $35::BOOLEAN, $36::BOOLEAN, $37::TIMESTAMP WITH TIME ZONE, $38::VARCHAR, $39::INTEGER, $40::VARCHAR, $41::VARCHAR) RETURNING products.gallery_images
INFO     sqlalchemy.engine.Engine:base.py:1848 [generated in 0.00045s] ('PROD-CON-1', 'Concurrent Reservation Product', 130.0, 10, 0.0, 'General', False, 'CON-0001', None, None, None, None, None, None, None, None, None, 'Fixed', 'Standard', None, None, None, 0.0, '{}', None, 'prod-con-1', 'c81093fa-a254-4b9a-8e10-dd90fe2cd1a8', None, 'comp-inv-con1', 'br-inv-con1', datetime.datetime(2026, 8, 2, 9, 32, 25, 943044, tzinfo=datetime.timezone.utc), datetime.datetime(2026, 8, 2, 9, 32, 25, 943047, tzinfo=datetime.timezone.utc), None, None, True, False, None, None, 1, None, None)
INFO     sqlalchemy.engine.Engine:base.py:2718 COMMIT
INFO     sqlalchemy.engine.Engine:base.py:2712 BEGIN (implicit)
INFO     sqlalchemy.engine.Engine:base.py:1848 SELECT stock_movements.product_id, stock_movements.product_name, stock_movements.sku, stock_movements.quantity, stock_movements.movement_type, stock_movements.reference_doc_type, stock_movements.reference_doc_id, stock_movements.warehouse, stock_movements.bin, stock_movements.batch, stock_movements.serial, stock_movements.unit_cost, stock_movements.remarks, stock_movements."user", stock_movements.device, stock_movements.branch, stock_movements.source_module, stock_movements.approval, stock_movements.id, stock_movements.uuid, stock_movements.tenant_id, stock_movements.company_id, stock_movements.branch_id, stock_movements.created_at, stock_movements.modified_at, stock_movements.created_by, stock_movements.updated_by, stock_movements.is_active, stock_movements.is_deleted, stock_movements.deleted_at, stock_movements.deleted_by, stock_movements.version, stock_movements.workflow_status, stock_movements.document_number 
FROM stock_movements 
WHERE stock_movements.product_id = $1::VARCHAR AND stock_movements.reference_doc_id = $2::VARCHAR AND stock_movements.reference_doc_type = $3::VARCHAR AND stock_movements.is_deleted IS false
INFO     sqlalchemy.engine.Engine:base.py:1848 [generated in 0.00024s] ('prod-con-1', 'SO-CON-001', 'SO')
INFO     sqlalchemy.engine.Engine:base.py:1848 SELECT products.code, products.name, products.price, products.stock, products.reserved_stock, products.category, products.is_favorite, products.barcode, products.brand, products.color, products.size, products.mrp, products.gst_percentage, products.style_code, products.cost_price, products.sku, products.hsn_code, products.pricing_mode, products.tracking_mode, products.variant_template_id, products.size_scale_id, products.sourcing_mode_override, products.weight_grams, products.attributes, products.primary_image_url, products.gallery_images, products.id, products.uuid, products.tenant_id, products.company_id, products.branch_id, products.created_at, products.modified_at, products.created_by, products.updated_by, products.is_active, products.is_deleted, products.deleted_at, products.deleted_by, products.version, products.workflow_status, products.document_number 
FROM products 
WHERE products.id = $1::VARCHAR AND products.is_deleted IS false AND products.company_id = $2::VARCHAR AND products.branch_id = $3::VARCHAR FOR UPDATE
INFO     sqlalchemy.engine.Engine:base.py:1848 [generated in 0.00032s] ('prod-con-1', 'comp-inv-con1', 'br-inv-con1')
INFO     sqlalchemy.engine.Engine:base.py:1848 SELECT product_barcodes.product_id AS product_barcodes_product_id, product_barcodes.barcode AS product_barcodes_barcode, product_barcodes.is_primary AS product_barcodes_is_primary, product_barcodes.id AS product_barcodes_id, product_barcodes.uuid AS product_barcodes_uuid, product_barcodes.tenant_id AS product_barcodes_tenant_id, product_barcodes.company_id AS product_barcodes_company_id, product_barcodes.branch_id AS product_barcodes_branch_id, product_barcodes.created_at AS product_barcodes_created_at, product_barcodes.modified_at AS product_barcodes_modified_at, product_barcodes.created_by AS product_barcodes_created_by, product_barcodes.updated_by AS product_barcodes_updated_by, product_barcodes.is_active AS product_barcodes_is_active, product_barcodes.is_deleted AS product_barcodes_is_deleted, product_barcodes.deleted_at AS product_barcodes_deleted_at, product_barcodes.deleted_by AS product_barcodes_deleted_by, product_barcodes.version AS product_barcodes_version, product_barcodes.workflow_status AS product_barcodes_workflow_status, product_barcodes.document_number AS product_barcodes_document_number 
FROM product_barcodes 
WHERE product_barcodes.product_id IN ($1::VARCHAR)
INFO     sqlalchemy.engine.Engine:base.py:1848 [generated in 0.00034s] ('prod-con-1',)
INFO     sqlalchemy.engine.Engine:base.py:2712 BEGIN (implicit)
INFO     sqlalchemy.engine.Engine:base.py:1848 SELECT stock_movements.product_id, stock_movements.product_name, stock_movements.sku, stock_movements.quantity, stock_movements.movement_type, stock_movements.reference_doc_type, stock_movements.reference_doc_id, stock_movements.warehouse, stock_movements.bin, stock_movements.batch, stock_movements.serial, stock_movements.unit_cost, stock_movements.remarks, stock_movements."user", stock_movements.device, stock_movements.branch, stock_movements.source_module, stock_movements.approval, stock_movements.id, stock_movements.uuid, stock_movements.tenant_id, stock_movements.company_id, stock_movements.branch_id, stock_movements.created_at, stock_movements.modified_at, stock_movements.created_by, stock_movements.updated_by, stock_movements.is_active, stock_movements.is_deleted, stock_movements.deleted_at, stock_movements.deleted_by, stock_movements.version, stock_movements.workflow_status, stock_movements.document_number 
FROM stock_movements 
WHERE stock_movements.product_id = $1::VARCHAR AND stock_movements.reference_doc_id = $2::VARCHAR AND stock_movements.reference_doc_type = $3::VARCHAR AND stock_movements.is_deleted IS false
INFO     sqlalchemy.engine.Engine:base.py:1848 [cached since 0.06523s ago] ('prod-con-1', 'SO-CON-002', 'SO')
INFO     sqlalchemy.engine.Engine:base.py:1848 SELECT product_vendors.product_id AS product_vendors_product_id, product_vendors.supplier_id AS product_vendors_supplier_id, product_vendors.supplier_product_code AS product_vendors_supplier_product_code, product_vendors.supplier_barcode AS product_vendors_supplier_barcode, product_vendors.purchase_uom_id AS product_vendors_purchase_uom_id, product_vendors.currency_id AS product_vendors_currency_id, product_vendors.cost_price AS product_vendors_cost_price, product_vendors.last_purchase_price AS product_vendors_last_purchase_price, product_vendors.last_purchase_date AS product_vendors_last_purchase_date, product_vendors.discount_percentage AS product_vendors_discount_percentage, product_vendors.tax_inclusive AS product_vendors_tax_inclusive, product_vendors.minimum_order_qty AS product_vendors_minimum_order_qty, product_vendors.maximum_order_qty AS product_vendors_maximum_order_qty, product_vendors.lead_time_days AS product_vendors_lead_time_days, product_vendors.supplier_warranty_days AS product_vendors_supplier_warranty_days, product_vendors.priority AS product_vendors_priority, product_vendors.is_preferred AS product_vendors_is_preferred, product_vendors.approval_status AS product_vendors_approval_status, product_vendors.id AS product_vendors_id, product_vendors.uuid AS product_vendors_uuid, product_vendors.tenant_id AS product_vendors_tenant_id, product_vendors.company_id AS product_vendors_company_id, product_vendors.branch_id AS product_vendors_branch_id, product_vendors.created_at AS product_vendors_created_at, product_vendors.modified_at AS product_vendors_modified_at, product_vendors.created_by AS product_vendors_created_by, product_vendors.updated_by AS product_vendors_updated_by, product_vendors.is_active AS product_vendors_is_active, product_vendors.is_deleted AS product_vendors_is_deleted, product_vendors.deleted_at AS product_vendors_deleted_at, product_vendors.deleted_by AS product_vendors_deleted_by, product_vendors.version AS product_vendors_version, product_vendors.workflow_status AS product_vendors_workflow_status, product_vendors.document_number AS product_vendors_document_number 
FROM product_vendors 
WHERE product_vendors.product_id IN ($1::VARCHAR)
INFO     sqlalchemy.engine.Engine:base.py:1848 [generated in 0.00035s] ('prod-con-1',)
INFO     sqlalchemy.engine.Engine:base.py:1848 SELECT products.code, products.name, products.price, products.stock, products.reserved_stock, products.category, products.is_favorite, products.barcode, products.brand, products.color, products.size, products.mrp, products.gst_percentage, products.style_code, products.cost_price, products.sku, products.hsn_code, products.pricing_mode, products.tracking_mode, products.variant_template_id, products.size_scale_id, products.sourcing_mode_override, products.weight_grams, products.attributes, products.primary_image_url, products.gallery_images, products.id, products.uuid, products.tenant_id, products.company_id, products.branch_id, products.created_at, products.modified_at, products.created_by, products.updated_by, products.is_active, products.is_deleted, products.deleted_at, products.deleted_by, products.version, products.workflow_status, products.document_number 
FROM products 
WHERE products.id = $1::VARCHAR AND products.is_deleted IS false AND products.company_id = $2::VARCHAR AND products.branch_id = $3::VARCHAR FOR UPDATE
INFO     sqlalchemy.engine.Engine:base.py:1848 [cached since 0.06392s ago] ('prod-con-1', 'comp-inv-con1', 'br-inv-con1')
INFO     sqlalchemy.engine.Engine:base.py:1848 SELECT product_tax_profiles.product_id AS product_tax_profiles_product_id, product_tax_profiles.hsn_code AS product_tax_profiles_hsn_code, product_tax_profiles.gst_rate AS product_tax_profiles_gst_rate, product_tax_profiles.cess_rate AS product_tax_profiles_cess_rate, product_tax_profiles.is_inclusive_tax AS product_tax_profiles_is_inclusive_tax, product_tax_profiles.tax_group_id AS product_tax_profiles_tax_group_id, product_tax_profiles.effective_from AS product_tax_profiles_effective_from, product_tax_profiles.effective_to AS product_tax_profiles_effective_to, product_tax_profiles.id AS product_tax_profiles_id, product_tax_profiles.uuid AS product_tax_profiles_uuid, product_tax_profiles.tenant_id AS product_tax_profiles_tenant_id, product_tax_profiles.company_id AS product_tax_profiles_company_id, product_tax_profiles.branch_id AS product_tax_profiles_branch_id, product_tax_profiles.created_at AS product_tax_profiles_created_at, product_tax_profiles.modified_at AS product_tax_profiles_modified_at, product_tax_profiles.created_by AS product_tax_profiles_created_by, product_tax_profiles.updated_by AS product_tax_profiles_updated_by, product_tax_profiles.is_active AS product_tax_profiles_is_active, product_tax_profiles.is_deleted AS product_tax_profiles_is_deleted, product_tax_profiles.deleted_at AS product_tax_profiles_deleted_at, product_tax_profiles.deleted_by AS product_tax_profiles_deleted_by, product_tax_profiles.version AS product_tax_profiles_version, product_tax_profiles.workflow_status AS product_tax_profiles_workflow_status, product_tax_profiles.document_number AS product_tax_profiles_document_number 
FROM product_tax_profiles 
WHERE product_tax_profiles.product_id IN ($1::VARCHAR) ORDER BY product_tax_profiles.effective_from DESC
INFO     sqlalchemy.engine.Engine:base.py:1848 [generated in 0.00027s] ('prod-con-1',)
INFO     sqlalchemy.engine.Engine:base.py:1848 SELECT product_inventory_policies.product_id AS product_inventory_policies_product_id, product_inventory_policies.is_batch_tracked AS product_inventory_policies_is_batch_tracked, product_inventory_policies.is_serial_tracked AS product_inventory_policies_is_serial_tracked, product_inventory_policies.is_expiry_required AS product_inventory_policies_is_expiry_required, product_inventory_policies.is_qc_required AS product_inventory_policies_is_qc_required, product_inventory_policies.allow_negative_stock AS product_inventory_policies_allow_negative_stock, product_inventory_policies.id AS product_inventory_policies_id, product_inventory_policies.uuid AS product_inventory_policies_uuid, product_inventory_policies.tenant_id AS product_inventory_policies_tenant_id, product_inventory_policies.company_id AS product_inventory_policies_company_id, product_inventory_policies.branch_id AS product_inventory_policies_branch_id, product_inventory_policies.created_at AS product_inventory_policies_created_at, product_inventory_policies.modified_at AS product_inventory_policies_modified_at, product_inventory_policies.created_by AS product_inventory_policies_created_by, product_inventory_policies.updated_by AS product_inventory_policies_updated_by, product_inventory_policies.is_active AS product_inventory_policies_is_active, product_inventory_policies.is_deleted AS product_inventory_policies_is_deleted, product_inventory_policies.deleted_at AS product_inventory_policies_deleted_at, product_inventory_policies.deleted_by AS product_inventory_policies_deleted_by, product_inventory_policies.version AS product_inventory_policies_version, product_inventory_policies.workflow_status AS product_inventory_policies_workflow_status, product_inventory_policies.document_number AS product_inventory_policies_document_number 
FROM product_inventory_policies 
WHERE product_inventory_policies.product_id IN ($1::VARCHAR)
INFO     sqlalchemy.engine.Engine:base.py:1848 [generated in 0.00040s] ('prod-con-1',)
INFO     sqlalchemy.engine.Engine:base.py:1848 SELECT products.code, products.name, products.price, products.stock, products.reserved_stock, products.category, products.is_favorite, products.barcode, products.brand, products.color, products.size, products.mrp, products.gst_percentage, products.style_code, products.cost_price, products.sku, products.hsn_code, products.pricing_mode, products.tracking_mode, products.variant_template_id, products.size_scale_id, products.sourcing_mode_override, products.weight_grams, products.attributes, products.primary_image_url, products.gallery_images, products.id, products.uuid, products.tenant_id, products.company_id, products.branch_id, products.created_at, products.modified_at, products.created_by, products.updated_by, products.is_active, products.is_deleted, products.deleted_at, products.deleted_by, products.version, products.workflow_status, products.document_number 
FROM products 
WHERE products.id = $1::VARCHAR AND products.is_deleted IS false AND products.company_id = $2::VARCHAR AND products.branch_id = $3::VARCHAR
INFO     sqlalchemy.engine.Engine:base.py:1848 [generated in 0.00023s] ('prod-con-1', 'comp-inv-con1', 'br-inv-con1')
INFO     sqlalchemy.engine.Engine:base.py:1848 SELECT product_barcodes.product_id AS product_barcodes_product_id, product_barcodes.barcode AS product_barcodes_barcode, product_barcodes.is_primary AS product_barcodes_is_primary, product_barcodes.id AS product_barcodes_id, product_barcodes.uuid AS product_barcodes_uuid, product_barcodes.tenant_id AS product_barcodes_tenant_id, product_barcodes.company_id AS product_barcodes_company_id, product_barcodes.branch_id AS product_barcodes_branch_id, product_barcodes.created_at AS product_barcodes_created_at, product_barcodes.modified_at AS product_barcodes_modified_at, product_barcodes.created_by AS product_barcodes_created_by, product_barcodes.updated_by AS product_barcodes_updated_by, product_barcodes.is_active AS product_barcodes_is_active, product_barcodes.is_deleted AS product_barcodes_is_deleted, product_barcodes.deleted_at AS product_barcodes_deleted_at, product_barcodes.deleted_by AS product_barcodes_deleted_by, product_barcodes.version AS product_barcodes_version, product_barcodes.workflow_status AS product_barcodes_workflow_status, product_barcodes.document_number AS product_barcodes_document_number 
FROM product_barcodes 
WHERE product_barcodes.product_id IN ($1::VARCHAR)
INFO     sqlalchemy.engine.Engine:base.py:1848 [cached since 0.03501s ago] ('prod-con-1',)
INFO     sqlalchemy.engine.Engine:base.py:1848 SELECT product_vendors.product_id AS product_vendors_product_id, product_vendors.supplier_id AS product_vendors_supplier_id, product_vendors.supplier_product_code AS product_vendors_supplier_product_code, product_vendors.supplier_barcode AS product_vendors_supplier_barcode, product_vendors.purchase_uom_id AS product_vendors_purchase_uom_id, product_vendors.currency_id AS product_vendors_currency_id, product_vendors.cost_price AS product_vendors_cost_price, product_vendors.last_purchase_price AS product_vendors_last_purchase_price, product_vendors.last_purchase_date AS product_vendors_last_purchase_date, product_vendors.discount_percentage AS product_vendors_discount_percentage, product_vendors.tax_inclusive AS product_vendors_tax_inclusive, product_vendors.minimum_order_qty AS product_vendors_minimum_order_qty, product_vendors.maximum_order_qty AS product_vendors_maximum_order_qty, product_vendors.lead_time_days AS product_vendors_lead_time_days, product_vendors.supplier_warranty_days AS product_vendors_supplier_warranty_days, product_vendors.priority AS product_vendors_priority, product_vendors.is_preferred AS product_vendors_is_preferred, product_vendors.approval_status AS product_vendors_approval_status, product_vendors.id AS product_vendors_id, product_vendors.uuid AS product_vendors_uuid, product_vendors.tenant_id AS product_vendors_tenant_id, product_vendors.company_id AS product_vendors_company_id, product_vendors.branch_id AS product_vendors_branch_id, product_vendors.created_at AS product_vendors_created_at, product_vendors.modified_at AS product_vendors_modified_at, product_vendors.created_by AS product_vendors_created_by, product_vendors.updated_by AS product_vendors_updated_by, product_vendors.is_active AS product_vendors_is_active, product_vendors.is_deleted AS product_vendors_is_deleted, product_vendors.deleted_at AS product_vendors_deleted_at, product_vendors.deleted_by AS product_vendors_deleted_by, product_vendors.version AS product_vendors_version, product_vendors.workflow_status AS product_vendors_workflow_status, product_vendors.document_number AS product_vendors_document_number 
FROM product_vendors 
WHERE product_vendors.product_id IN ($1::VARCHAR)
INFO     sqlalchemy.engine.Engine:base.py:1848 [cached since 0.02815s ago] ('prod-con-1',)
INFO     sqlalchemy.engine.Engine:base.py:1848 SELECT product_tax_profiles.product_id AS product_tax_profiles_product_id, product_tax_profiles.hsn_code AS product_tax_profiles_hsn_code, product_tax_profiles.gst_rate AS product_tax_profiles_gst_rate, product_tax_profiles.cess_rate AS product_tax_profiles_cess_rate, product_tax_profiles.is_inclusive_tax AS product_tax_profiles_is_inclusive_tax, product_tax_profiles.tax_group_id AS product_tax_profiles_tax_group_id, product_tax_profiles.effective_from AS product_tax_profiles_effective_from, product_tax_profiles.effective_to AS product_tax_profiles_effective_to, product_tax_profiles.id AS product_tax_profiles_id, product_tax_profiles.uuid AS product_tax_profiles_uuid, product_tax_profiles.tenant_id AS product_tax_profiles_tenant_id, product_tax_profiles.company_id AS product_tax_profiles_company_id, product_tax_profiles.branch_id AS product_tax_profiles_branch_id, product_tax_profiles.created_at AS product_tax_profiles_created_at, product_tax_profiles.modified_at AS product_tax_profiles_modified_at, product_tax_profiles.created_by AS product_tax_profiles_created_by, product_tax_profiles.updated_by AS product_tax_profiles_updated_by, product_tax_profiles.is_active AS product_tax_profiles_is_active, product_tax_profiles.is_deleted AS product_tax_profiles_is_deleted, product_tax_profiles.deleted_at AS product_tax_profiles_deleted_at, product_tax_profiles.deleted_by AS product_tax_profiles_deleted_by, product_tax_profiles.version AS product_tax_profiles_version, product_tax_profiles.workflow_status AS product_tax_profiles_workflow_status, product_tax_profiles.document_number AS product_tax_profiles_document_number 
FROM product_tax_profiles 
WHERE product_tax_profiles.product_id IN ($1::VARCHAR) ORDER BY product_tax_profiles.effective_from DESC
INFO     sqlalchemy.engine.Engine:base.py:1848 [cached since 0.02277s ago] ('prod-con-1',)
INFO     sqlalchemy.engine.Engine:base.py:1848 SELECT product_inventory_policies.product_id AS product_inventory_policies_product_id, product_inventory_policies.is_batch_tracked AS product_inventory_policies_is_batch_tracked, product_inventory_policies.is_serial_tracked AS product_inventory_policies_is_serial_tracked, product_inventory_policies.is_expiry_required AS product_inventory_policies_is_expiry_required, product_inventory_policies.is_qc_required AS product_inventory_policies_is_qc_required, product_inventory_policies.allow_negative_stock AS product_inventory_policies_allow_negative_stock, product_inventory_policies.id AS product_inventory_policies_id, product_inventory_policies.uuid AS product_inventory_policies_uuid, product_inventory_policies.tenant_id AS product_inventory_policies_tenant_id, product_inventory_policies.company_id AS product_inventory_policies_company_id, product_inventory_policies.branch_id AS product_inventory_policies_branch_id, product_inventory_policies.created_at AS product_inventory_policies_created_at, product_inventory_policies.modified_at AS product_inventory_policies_modified_at, product_inventory_policies.created_by AS product_inventory_policies_created_by, product_inventory_policies.updated_by AS product_inventory_policies_updated_by, product_inventory_policies.is_active AS product_inventory_policies_is_active, product_inventory_policies.is_deleted AS product_inventory_policies_is_deleted, product_inventory_policies.deleted_at AS product_inventory_policies_deleted_at, product_inventory_policies.deleted_by AS product_inventory_policies_deleted_by, product_inventory_policies.version AS product_inventory_policies_version, product_inventory_policies.workflow_status AS product_inventory_policies_workflow_status, product_inventory_policies.document_number AS product_inventory_policies_document_number 
FROM product_inventory_policies 
WHERE product_inventory_policies.product_id IN ($1::VARCHAR)
INFO     sqlalchemy.engine.Engine:base.py:1848 [cached since 0.01754s ago] ('prod-con-1',)
INFO     sqlalchemy.engine.Engine:base.py:1848 SELECT stock_movements.product_id, stock_movements.product_name, stock_movements.sku, stock_movements.quantity, stock_movements.movement_type, stock_movements.reference_doc_type, stock_movements.reference_doc_id, stock_movements.warehouse, stock_movements.bin, stock_movements.batch, stock_movements.serial, stock_movements.unit_cost, stock_movements.remarks, stock_movements."user", stock_movements.device, stock_movements.branch, stock_movements.source_module, stock_movements.approval, stock_movements.id, stock_movements.uuid, stock_movements.tenant_id, stock_movements.company_id, stock_movements.branch_id, stock_movements.created_at, stock_movements.modified_at, stock_movements.created_by, stock_movements.updated_by, stock_movements.is_active, stock_movements.is_deleted, stock_movements.deleted_at, stock_movements.deleted_by, stock_movements.version, stock_movements.workflow_status, stock_movements.document_number 
FROM stock_movements 
WHERE stock_movements.product_id = $1::VARCHAR AND stock_movements.company_id = $2::VARCHAR AND stock_movements.branch_id = $3::VARCHAR ORDER BY stock_movements.created_at DESC
INFO     sqlalchemy.engine.Engine:base.py:1848 [generated in 0.00022s] ('prod-con-1', 'comp-inv-con1', 'br-inv-con1')
INFO     sqlalchemy.engine.Engine:base.py:1848 INSERT INTO stock_movements (product_id, product_name, sku, quantity, movement_type, reference_doc_type, reference_doc_id, warehouse, bin, batch, serial, unit_cost, remarks, "user", device, branch, source_module, approval, id, uuid, tenant_id, company_id, branch_id, created_at, modified_at, created_by, updated_by, is_active, is_deleted, deleted_at, deleted_by, version, workflow_status, document_number) VALUES ($1::VARCHAR, $2::VARCHAR, $3::VARCHAR, $4::NUMERIC(10, 2), $5::VARCHAR, $6::VARCHAR, $7::VARCHAR, $8::VARCHAR, $9::VARCHAR, $10::VARCHAR, $11::VARCHAR, $12::NUMERIC(15, 2), $13::VARCHAR, $14::VARCHAR, $15::VARCHAR, $16::VARCHAR, $17::VARCHAR, $18::VARCHAR, $19::VARCHAR, $20::VARCHAR, $21::VARCHAR, $22::VARCHAR, $23::VARCHAR, $24::TIMESTAMP WITH TIME ZONE, $25::TIMESTAMP WITH TIME ZONE, $26::VARCHAR, $27::VARCHAR, $28::BOOLEAN, $29::BOOLEAN, $30::TIMESTAMP WITH TIME ZONE, $31::VARCHAR, $32::INTEGER, $33::VARCHAR, $34::VARCHAR)
INFO     sqlalchemy.engine.Engine:base.py:1848 [generated in 0.00041s] ('prod-con-1', 'Concurrent Reservation Product', 'PROD-CON-1', Decimal('10'), 'RESERVE', 'SO', 'SO-CON-001', None, None, None, None, None, None, None, None, None, 'reservation', None, '8aee97ab-3e26-4eee-a9b8-ea2a2ade9000', 'ea9a795c-0849-4242-b24c-81cfb58794e9', None, 'comp-inv-con1', 'br-inv-con1', datetime.datetime(2026, 8, 2, 9, 32, 26, 95721, tzinfo=datetime.timezone.utc), datetime.datetime(2026, 8, 2, 9, 32, 26, 95724, tzinfo=datetime.timezone.utc), None, None, True, False, None, None, 1, None, None)
INFO     sqlalchemy.engine.Engine:base.py:1848 UPDATE products SET reserved_stock=$1::NUMERIC(12, 4), modified_at=$2::TIMESTAMP WITH TIME ZONE WHERE products.id = $3::VARCHAR
INFO     sqlalchemy.engine.Engine:base.py:1848 [generated in 0.00028s] (Decimal('10'), datetime.datetime(2026, 8, 2, 9, 32, 26, 105529, tzinfo=datetime.timezone.utc), 'prod-con-1')
INFO     sqlalchemy.engine.Engine:base.py:2718 COMMIT
INFO     sqlalchemy.engine.Engine:base.py:2712 BEGIN (implicit)
INFO     sqlalchemy.engine.Engine:base.py:1848 SELECT products.code, products.name, products.price, products.stock, products.reserved_stock, products.category, products.is_favorite, products.barcode, products.brand, products.color, products.size, products.mrp, products.gst_percentage, products.style_code, products.cost_price, products.sku, products.hsn_code, products.pricing_mode, products.tracking_mode, products.variant_template_id, products.size_scale_id, products.sourcing_mode_override, products.weight_grams, products.attributes, products.primary_image_url, products.gallery_images, products.id, products.uuid, products.tenant_id, products.company_id, products.branch_id, products.created_at, products.modified_at, products.created_by, products.updated_by, products.is_active, products.is_deleted, products.deleted_at, products.deleted_by, products.version, products.workflow_status, products.document_number 
FROM products 
WHERE products.id = $1::VARCHAR
INFO     sqlalchemy.engine.Engine:base.py:1848 [generated in 0.00021s] ('prod-con-1',)
INFO     sqlalchemy.engine.Engine:base.py:1848 SELECT product_barcodes.product_id AS product_barcodes_product_id, product_barcodes.barcode AS product_barcodes_barcode, product_barcodes.is_primary AS product_barcodes_is_primary, product_barcodes.id AS product_barcodes_id, product_barcodes.uuid AS product_barcodes_uuid, product_barcodes.tenant_id AS product_barcodes_tenant_id, product_barcodes.company_id AS product_barcodes_company_id, product_barcodes.branch_id AS product_barcodes_branch_id, product_barcodes.created_at AS product_barcodes_created_at, product_barcodes.modified_at AS product_barcodes_modified_at, product_barcodes.created_by AS product_barcodes_created_by, product_barcodes.updated_by AS product_barcodes_updated_by, product_barcodes.is_active AS product_barcodes_is_active, product_barcodes.is_deleted AS product_barcodes_is_deleted, product_barcodes.deleted_at AS product_barcodes_deleted_at, product_barcodes.deleted_by AS product_barcodes_deleted_by, product_barcodes.version AS product_barcodes_version, product_barcodes.workflow_status AS product_barcodes_workflow_status, product_barcodes.document_number AS product_barcodes_document_number 
FROM product_barcodes 
WHERE product_barcodes.product_id IN ($1::VARCHAR)
INFO     sqlalchemy.engine.Engine:base.py:1848 [cached since 0.06936s ago] ('prod-con-1',)
INFO     sqlalchemy.engine.Engine:base.py:1848 SELECT product_barcodes.product_id AS product_barcodes_product_id, product_barcodes.barcode AS product_barcodes_barcode, product_barcodes.is_primary AS product_barcodes_is_primary, product_barcodes.id AS product_barcodes_id, product_barcodes.uuid AS product_barcodes_uuid, product_barcodes.tenant_id AS product_barcodes_tenant_id, product_barcodes.company_id AS product_barcodes_company_id, product_barcodes.branch_id AS product_barcodes_branch_id, product_barcodes.created_at AS product_barcodes_created_at, product_barcodes.modified_at AS product_barcodes_modified_at, product_barcodes.created_by AS product_barcodes_created_by, product_barcodes.updated_by AS product_barcodes_updated_by, product_barcodes.is_active AS product_barcodes_is_active, product_barcodes.is_deleted AS product_barcodes_is_deleted, product_barcodes.deleted_at AS product_barcodes_deleted_at, product_barcodes.deleted_by AS product_barcodes_deleted_by, product_barcodes.version AS product_barcodes_version, product_barcodes.workflow_status AS product_barcodes_workflow_status, product_barcodes.document_number AS product_barcodes_document_number 
FROM product_barcodes 
WHERE $1::VARCHAR = product_barcodes.product_id
INFO     sqlalchemy.engine.Engine:base.py:1848 [generated in 0.00026s] ('prod-con-1',)
INFO     sqlalchemy.engine.Engine:base.py:1848 SELECT product_vendors.product_id AS product_vendors_product_id, product_vendors.supplier_id AS product_vendors_supplier_id, product_vendors.supplier_product_code AS product_vendors_supplier_product_code, product_vendors.supplier_barcode AS product_vendors_supplier_barcode, product_vendors.purchase_uom_id AS product_vendors_purchase_uom_id, product_vendors.currency_id AS product_vendors_currency_id, product_vendors.cost_price AS product_vendors_cost_price, product_vendors.last_purchase_price AS product_vendors_last_purchase_price, product_vendors.last_purchase_date AS product_vendors_last_purchase_date, product_vendors.discount_percentage AS product_vendors_discount_percentage, product_vendors.tax_inclusive AS product_vendors_tax_inclusive, product_vendors.minimum_order_qty AS product_vendors_minimum_order_qty, product_vendors.maximum_order_qty AS product_vendors_maximum_order_qty, product_vendors.lead_time_days AS product_vendors_lead_time_days, product_vendors.supplier_warranty_days AS product_vendors_supplier_warranty_days, product_vendors.priority AS product_vendors_priority, product_vendors.is_preferred AS product_vendors_is_preferred, product_vendors.approval_status AS product_vendors_approval_status, product_vendors.id AS product_vendors_id, product_vendors.uuid AS product_vendors_uuid, product_vendors.tenant_id AS product_vendors_tenant_id, product_vendors.company_id AS product_vendors_company_id, product_vendors.branch_id AS product_vendors_branch_id, product_vendors.created_at AS product_vendors_created_at, product_vendors.modified_at AS product_vendors_modified_at, product_vendors.created_by AS product_vendors_created_by, product_vendors.updated_by AS product_vendors_updated_by, product_vendors.is_active AS product_vendors_is_active, product_vendors.is_deleted AS product_vendors_is_deleted, product_vendors.deleted_at AS product_vendors_deleted_at, product_vendors.deleted_by AS product_vendors_deleted_by, product_vendors.version AS product_vendors_version, product_vendors.workflow_status AS product_vendors_workflow_status, product_vendors.document_number AS product_vendors_document_number 
FROM product_vendors 
WHERE product_vendors.product_id IN ($1::VARCHAR)
INFO     sqlalchemy.engine.Engine:base.py:1848 [cached since 0.0678s ago] ('prod-con-1',)
INFO     sqlalchemy.engine.Engine:base.py:1848 SELECT product_vendors.product_id AS product_vendors_product_id, product_vendors.supplier_id AS product_vendors_supplier_id, product_vendors.supplier_product_code AS product_vendors_supplier_product_code, product_vendors.supplier_barcode AS product_vendors_supplier_barcode, product_vendors.purchase_uom_id AS product_vendors_purchase_uom_id, product_vendors.currency_id AS product_vendors_currency_id, product_vendors.cost_price AS product_vendors_cost_price, product_vendors.last_purchase_price AS product_vendors_last_purchase_price, product_vendors.last_purchase_date AS product_vendors_last_purchase_date, product_vendors.discount_percentage AS product_vendors_discount_percentage, product_vendors.tax_inclusive AS product_vendors_tax_inclusive, product_vendors.minimum_order_qty AS product_vendors_minimum_order_qty, product_vendors.maximum_order_qty AS product_vendors_maximum_order_qty, product_vendors.lead_time_days AS product_vendors_lead_time_days, product_vendors.supplier_warranty_days AS product_vendors_supplier_warranty_days, product_vendors.priority AS product_vendors_priority, product_vendors.is_preferred AS product_vendors_is_preferred, product_vendors.approval_status AS product_vendors_approval_status, product_vendors.id AS product_vendors_id, product_vendors.uuid AS product_vendors_uuid, product_vendors.tenant_id AS product_vendors_tenant_id, product_vendors.company_id AS product_vendors_company_id, product_vendors.branch_id AS product_vendors_branch_id, product_vendors.created_at AS product_vendors_created_at, product_vendors.modified_at AS product_vendors_modified_at, product_vendors.created_by AS product_vendors_created_by, product_vendors.updated_by AS product_vendors_updated_by, product_vendors.is_active AS product_vendors_is_active, product_vendors.is_deleted AS product_vendors_is_deleted, product_vendors.deleted_at AS product_vendors_deleted_at, product_vendors.deleted_by AS product_vendors_deleted_by, product_vendors.version AS product_vendors_version, product_vendors.workflow_status AS product_vendors_workflow_status, product_vendors.document_number AS product_vendors_document_number 
FROM product_vendors 
WHERE $1::VARCHAR = product_vendors.product_id
INFO     sqlalchemy.engine.Engine:base.py:1848 [generated in 0.00024s] ('prod-con-1',)
INFO     sqlalchemy.engine.Engine:base.py:1848 SELECT product_tax_profiles.product_id AS product_tax_profiles_product_id, product_tax_profiles.hsn_code AS product_tax_profiles_hsn_code, product_tax_profiles.gst_rate AS product_tax_profiles_gst_rate, product_tax_profiles.cess_rate AS product_tax_profiles_cess_rate, product_tax_profiles.is_inclusive_tax AS product_tax_profiles_is_inclusive_tax, product_tax_profiles.tax_group_id AS product_tax_profiles_tax_group_id, product_tax_profiles.effective_from AS product_tax_profiles_effective_from, product_tax_profiles.effective_to AS product_tax_profiles_effective_to, product_tax_profiles.id AS product_tax_profiles_id, product_tax_profiles.uuid AS product_tax_profiles_uuid, product_tax_profiles.tenant_id AS product_tax_profiles_tenant_id, product_tax_profiles.company_id AS product_tax_profiles_company_id, product_tax_profiles.branch_id AS product_tax_profiles_branch_id, product_tax_profiles.created_at AS product_tax_profiles_created_at, product_tax_profiles.modified_at AS product_tax_profiles_modified_at, product_tax_profiles.created_by AS product_tax_profiles_created_by, product_tax_profiles.updated_by AS product_tax_profiles_updated_by, product_tax_profiles.is_active AS product_tax_profiles_is_active, product_tax_profiles.is_deleted AS product_tax_profiles_is_deleted, product_tax_profiles.deleted_at AS product_tax_profiles_deleted_at, product_tax_profiles.deleted_by AS product_tax_profiles_deleted_by, product_tax_profiles.version AS product_tax_profiles_version, product_tax_profiles.workflow_status AS product_tax_profiles_workflow_status, product_tax_profiles.document_number AS product_tax_profiles_document_number 
FROM product_tax_profiles 
WHERE product_tax_profiles.product_id IN ($1::VARCHAR) ORDER BY product_tax_profiles.effective_from DESC
INFO     sqlalchemy.engine.Engine:base.py:1848 [cached since 0.06456s ago] ('prod-con-1',)
INFO     sqlalchemy.engine.Engine:base.py:1848 SELECT product_tax_profiles.product_id AS product_tax_profiles_product_id, product_tax_profiles.hsn_code AS product_tax_profiles_hsn_code, product_tax_profiles.gst_rate AS product_tax_profiles_gst_rate, product_tax_profiles.cess_rate AS product_tax_profiles_cess_rate, product_tax_profiles.is_inclusive_tax AS product_tax_profiles_is_inclusive_tax, product_tax_profiles.tax_group_id AS product_tax_profiles_tax_group_id, product_tax_profiles.effective_from AS product_tax_profiles_effective_from, product_tax_profiles.effective_to AS product_tax_profiles_effective_to, product_tax_profiles.id AS product_tax_profiles_id, product_tax_profiles.uuid AS product_tax_profiles_uuid, product_tax_profiles.tenant_id AS product_tax_profiles_tenant_id, product_tax_profiles.company_id AS product_tax_profiles_company_id, product_tax_profiles.branch_id AS product_tax_profiles_branch_id, product_tax_profiles.created_at AS product_tax_profiles_created_at, product_tax_profiles.modified_at AS product_tax_profiles_modified_at, product_tax_profiles.created_by AS product_tax_profiles_created_by, product_tax_profiles.updated_by AS product_tax_profiles_updated_by, product_tax_profiles.is_active AS product_tax_profiles_is_active, product_tax_profiles.is_deleted AS product_tax_profiles_is_deleted, product_tax_profiles.deleted_at AS product_tax_profiles_deleted_at, product_tax_profiles.deleted_by AS product_tax_profiles_deleted_by, product_tax_profiles.version AS product_tax_profiles_version, product_tax_profiles.workflow_status AS product_tax_profiles_workflow_status, product_tax_profiles.document_number AS product_tax_profiles_document_number 
FROM product_tax_profiles 
WHERE $1::VARCHAR = product_tax_profiles.product_id ORDER BY product_tax_profiles.effective_from DESC
INFO     sqlalchemy.engine.Engine:base.py:1848 [generated in 0.00024s] ('prod-con-1',)
INFO     sqlalchemy.engine.Engine:base.py:1848 SELECT product_inventory_policies.product_id AS product_inventory_policies_product_id, product_inventory_policies.is_batch_tracked AS product_inventory_policies_is_batch_tracked, product_inventory_policies.is_serial_tracked AS product_inventory_policies_is_serial_tracked, product_inventory_policies.is_expiry_required AS product_inventory_policies_is_expiry_required, product_inventory_policies.is_qc_required AS product_inventory_policies_is_qc_required, product_inventory_policies.allow_negative_stock AS product_inventory_policies_allow_negative_stock, product_inventory_policies.id AS product_inventory_policies_id, product_inventory_policies.uuid AS product_inventory_policies_uuid, product_inventory_policies.tenant_id AS product_inventory_policies_tenant_id, product_inventory_policies.company_id AS product_inventory_policies_company_id, product_inventory_policies.branch_id AS product_inventory_policies_branch_id, product_inventory_policies.created_at AS product_inventory_policies_created_at, product_inventory_policies.modified_at AS product_inventory_policies_modified_at, product_inventory_policies.created_by AS product_inventory_policies_created_by, product_inventory_policies.updated_by AS product_inventory_policies_updated_by, product_inventory_policies.is_active AS product_inventory_policies_is_active, product_inventory_policies.is_deleted AS product_inventory_policies_is_deleted, product_inventory_policies.deleted_at AS product_inventory_policies_deleted_at, product_inventory_policies.deleted_by AS product_inventory_policies_deleted_by, product_inventory_policies.version AS product_inventory_policies_version, product_inventory_policies.workflow_status AS product_inventory_policies_workflow_status, product_inventory_policies.document_number AS product_inventory_policies_document_number 
FROM product_inventory_policies 
WHERE $1::VARCHAR = product_inventory_policies.product_id
INFO     sqlalchemy.engine.Engine:base.py:1848 [generated in 0.00027s] ('prod-con-1',)
INFO     sqlalchemy.engine.Engine:base.py:1848 SELECT product_inventory_policies.product_id AS product_inventory_policies_product_id, product_inventory_policies.is_batch_tracked AS product_inventory_policies_is_batch_tracked, product_inventory_policies.is_serial_tracked AS product_inventory_policies_is_serial_tracked, product_inventory_policies.is_expiry_required AS product_inventory_policies_is_expiry_required, product_inventory_policies.is_qc_required AS product_inventory_policies_is_qc_required, product_inventory_policies.allow_negative_stock AS product_inventory_policies_allow_negative_stock, product_inventory_policies.id AS product_inventory_policies_id, product_inventory_policies.uuid AS product_inventory_policies_uuid, product_inventory_policies.tenant_id AS product_inventory_policies_tenant_id, product_inventory_policies.company_id AS product_inventory_policies_company_id, product_inventory_policies.branch_id AS product_inventory_policies_branch_id, product_inventory_policies.created_at AS product_inventory_policies_created_at, product_inventory_policies.modified_at AS product_inventory_policies_modified_at, product_inventory_policies.created_by AS product_inventory_policies_created_by, product_inventory_policies.updated_by AS product_inventory_policies_updated_by, product_inventory_policies.is_active AS product_inventory_policies_is_active, product_inventory_policies.is_deleted AS product_inventory_policies_is_deleted, product_inventory_policies.deleted_at AS product_inventory_policies_deleted_at, product_inventory_policies.deleted_by AS product_inventory_policies_deleted_by, product_inventory_policies.version AS product_inventory_policies_version, product_inventory_policies.workflow_status AS product_inventory_policies_workflow_status, product_inventory_policies.document_number AS product_inventory_policies_document_number 
FROM product_inventory_policies 
WHERE product_inventory_policies.product_id IN ($1::VARCHAR)
INFO     sqlalchemy.engine.Engine:base.py:1848 [cached since 0.06639s ago] ('prod-con-1',)
INFO     sqlalchemy.engine.Engine:base.py:1848 SELECT products.code, products.name, products.price, products.stock, products.reserved_stock, products.category, products.is_favorite, products.barcode, products.brand, products.color, products.size, products.mrp, products.gst_percentage, products.style_code, products.cost_price, products.sku, products.hsn_code, products.pricing_mode, products.tracking_mode, products.variant_template_id, products.size_scale_id, products.sourcing_mode_override, products.weight_grams, products.attributes, products.primary_image_url, products.gallery_images, products.id, products.uuid, products.tenant_id, products.company_id, products.branch_id, products.created_at, products.modified_at, products.created_by, products.updated_by, products.is_active, products.is_deleted, products.deleted_at, products.deleted_by, products.version, products.workflow_status, products.document_number 
FROM products 
WHERE products.id = $1::VARCHAR AND products.is_deleted IS false AND products.company_id = $2::VARCHAR AND products.branch_id = $3::VARCHAR
INFO     sqlalchemy.engine.Engine:base.py:1848 [cached since 0.0626s ago] ('prod-con-1', 'comp-inv-con1', 'br-inv-con1')
INFO     sqlalchemy.engine.Engine:base.py:1848 SELECT product_barcodes.product_id AS product_barcodes_product_id, product_barcodes.barcode AS product_barcodes_barcode, product_barcodes.is_primary AS product_barcodes_is_primary, product_barcodes.id AS product_barcodes_id, product_barcodes.uuid AS product_barcodes_uuid, product_barcodes.tenant_id AS product_barcodes_tenant_id, product_barcodes.company_id AS product_barcodes_company_id, product_barcodes.branch_id AS product_barcodes_branch_id, product_barcodes.created_at AS product_barcodes_created_at, product_barcodes.modified_at AS product_barcodes_modified_at, product_barcodes.created_by AS product_barcodes_created_by, product_barcodes.updated_by AS product_barcodes_updated_by, product_barcodes.is_active AS product_barcodes_is_active, product_barcodes.is_deleted AS product_barcodes_is_deleted, product_barcodes.deleted_at AS product_barcodes_deleted_at, product_barcodes.deleted_by AS product_barcodes_deleted_by, product_barcodes.version AS product_barcodes_version, product_barcodes.workflow_status AS product_barcodes_workflow_status, product_barcodes.document_number AS product_barcodes_document_number 
FROM product_barcodes 
WHERE product_barcodes.product_id IN ($1::VARCHAR)
INFO     sqlalchemy.engine.Engine:base.py:1848 [cached since 0.09598s ago] ('prod-con-1',)
INFO     sqlalchemy.engine.Engine:base.py:1848 SELECT products.code, products.name, products.price, products.stock, products.reserved_stock, products.category, products.is_favorite, products.barcode, products.brand, products.color, products.size, products.mrp, products.gst_percentage, products.style_code, products.cost_price, products.sku, products.hsn_code, products.pricing_mode, products.tracking_mode, products.variant_template_id, products.size_scale_id, products.sourcing_mode_override, products.weight_grams, products.attributes, products.primary_image_url, products.gallery_images, products.id, products.uuid, products.tenant_id, products.company_id, products.branch_id, products.created_at, products.modified_at, products.created_by, products.updated_by, products.is_active, products.is_deleted, products.deleted_at, products.deleted_by, products.version, products.workflow_status, products.document_number 
FROM products 
WHERE products.id = $1::VARCHAR AND products.is_deleted IS false AND products.company_id = $2::VARCHAR AND products.branch_id = $3::VARCHAR
INFO     sqlalchemy.engine.Engine:base.py:1848 [cached since 0.06599s ago] ('prod-con-1', 'comp-inv-con1', 'br-inv-con1')
INFO     sqlalchemy.engine.Engine:base.py:1848 SELECT product_vendors.product_id AS product_vendors_product_id, product_vendors.supplier_id AS product_vendors_supplier_id, product_vendors.supplier_product_code AS product_vendors_supplier_product_code, product_vendors.supplier_barcode AS product_vendors_supplier_barcode, product_vendors.purchase_uom_id AS product_vendors_purchase_uom_id, product_vendors.currency_id AS product_vendors_currency_id, product_vendors.cost_price AS product_vendors_cost_price, product_vendors.last_purchase_price AS product_vendors_last_purchase_price, product_vendors.last_purchase_date AS product_vendors_last_purchase_date, product_vendors.discount_percentage AS product_vendors_discount_percentage, product_vendors.tax_inclusive AS product_vendors_tax_inclusive, product_vendors.minimum_order_qty AS product_vendors_minimum_order_qty, product_vendors.maximum_order_qty AS product_vendors_maximum_order_qty, product_vendors.lead_time_days AS product_vendors_lead_time_days, product_vendors.supplier_warranty_days AS product_vendors_supplier_warranty_days, product_vendors.priority AS product_vendors_priority, product_vendors.is_preferred AS product_vendors_is_preferred, product_vendors.approval_status AS product_vendors_approval_status, product_vendors.id AS product_vendors_id, product_vendors.uuid AS product_vendors_uuid, product_vendors.tenant_id AS product_vendors_tenant_id, product_vendors.company_id AS product_vendors_company_id, product_vendors.branch_id AS product_vendors_branch_id, product_vendors.created_at AS product_vendors_created_at, product_vendors.modified_at AS product_vendors_modified_at, product_vendors.created_by AS product_vendors_created_by, product_vendors.updated_by AS product_vendors_updated_by, product_vendors.is_active AS product_vendors_is_active, product_vendors.is_deleted AS product_vendors_is_deleted, product_vendors.deleted_at AS product_vendors_deleted_at, product_vendors.deleted_by AS product_vendors_deleted_by, product_vendors.version AS product_vendors_version, product_vendors.workflow_status AS product_vendors_workflow_status, product_vendors.document_number AS product_vendors_document_number 
FROM product_vendors 
WHERE product_vendors.product_id IN ($1::VARCHAR)
INFO     sqlalchemy.engine.Engine:base.py:1848 [cached since 0.08974s ago] ('prod-con-1',)
INFO     sqlalchemy.engine.Engine:base.py:1848 SELECT product_tax_profiles.product_id AS product_tax_profiles_product_id, product_tax_profiles.hsn_code AS product_tax_profiles_hsn_code, product_tax_profiles.gst_rate AS product_tax_profiles_gst_rate, product_tax_profiles.cess_rate AS product_tax_profiles_cess_rate, product_tax_profiles.is_inclusive_tax AS product_tax_profiles_is_inclusive_tax, product_tax_profiles.tax_group_id AS product_tax_profiles_tax_group_id, product_tax_profiles.effective_from AS product_tax_profiles_effective_from, product_tax_profiles.effective_to AS product_tax_profiles_effective_to, product_tax_profiles.id AS product_tax_profiles_id, product_tax_profiles.uuid AS product_tax_profiles_uuid, product_tax_profiles.tenant_id AS product_tax_profiles_tenant_id, product_tax_profiles.company_id AS product_tax_profiles_company_id, product_tax_profiles.branch_id AS product_tax_profiles_branch_id, product_tax_profiles.created_at AS product_tax_profiles_created_at, product_tax_profiles.modified_at AS product_tax_profiles_modified_at, product_tax_profiles.created_by AS product_tax_profiles_created_by, product_tax_profiles.updated_by AS product_tax_profiles_updated_by, product_tax_profiles.is_active AS product_tax_profiles_is_active, product_tax_profiles.is_deleted AS product_tax_profiles_is_deleted, product_tax_profiles.deleted_at AS product_tax_profiles_deleted_at, product_tax_profiles.deleted_by AS product_tax_profiles_deleted_by, product_tax_profiles.version AS product_tax_profiles_version, product_tax_profiles.workflow_status AS product_tax_profiles_workflow_status, product_tax_profiles.document_number AS product_tax_profiles_document_number 
FROM product_tax_profiles 
WHERE product_tax_profiles.product_id IN ($1::VARCHAR) ORDER BY product_tax_profiles.effective_from DESC
INFO     sqlalchemy.engine.Engine:base.py:1848 [cached since 0.0832s ago] ('prod-con-1',)
INFO     sqlalchemy.engine.Engine:base.py:1848 SELECT product_barcodes.product_id AS product_barcodes_product_id, product_barcodes.barcode AS product_barcodes_barcode, product_barcodes.is_primary AS product_barcodes_is_primary, product_barcodes.id AS product_barcodes_id, product_barcodes.uuid AS product_barcodes_uuid, product_barcodes.tenant_id AS product_barcodes_tenant_id, product_barcodes.company_id AS product_barcodes_company_id, product_barcodes.branch_id AS product_barcodes_branch_id, product_barcodes.created_at AS product_barcodes_created_at, product_barcodes.modified_at AS product_barcodes_modified_at, product_barcodes.created_by AS product_barcodes_created_by, product_barcodes.updated_by AS product_barcodes_updated_by, product_barcodes.is_active AS product_barcodes_is_active, product_barcodes.is_deleted AS product_barcodes_is_deleted, product_barcodes.deleted_at AS product_barcodes_deleted_at, product_barcodes.deleted_by AS product_barcodes_deleted_by, product_barcodes.version AS product_barcodes_version, product_barcodes.workflow_status AS product_barcodes_workflow_status, product_barcodes.document_number AS product_barcodes_document_number 
FROM product_barcodes 
WHERE product_barcodes.product_id IN ($1::VARCHAR)
INFO     sqlalchemy.engine.Engine:base.py:1848 [cached since 0.1013s ago] ('prod-con-1',)
INFO     sqlalchemy.engine.Engine:base.py:1848 SELECT product_inventory_policies.product_id AS product_inventory_policies_product_id, product_inventory_policies.is_batch_tracked AS product_inventory_policies_is_batch_tracked, product_inventory_policies.is_serial_tracked AS product_inventory_policies_is_serial_tracked, product_inventory_policies.is_expiry_required AS product_inventory_policies_is_expiry_required, product_inventory_policies.is_qc_required AS product_inventory_policies_is_qc_required, product_inventory_policies.allow_negative_stock AS product_inventory_policies_allow_negative_stock, product_inventory_policies.id AS product_inventory_policies_id, product_inventory_policies.uuid AS product_inventory_policies_uuid, product_inventory_policies.tenant_id AS product_inventory_policies_tenant_id, product_inventory_policies.company_id AS product_inventory_policies_company_id, product_inventory_policies.branch_id AS product_inventory_policies_branch_id, product_inventory_policies.created_at AS product_inventory_policies_created_at, product_inventory_policies.modified_at AS product_inventory_policies_modified_at, product_inventory_policies.created_by AS product_inventory_policies_created_by, product_inventory_policies.updated_by AS product_inventory_policies_updated_by, product_inventory_policies.is_active AS product_inventory_policies_is_active, product_inventory_policies.is_deleted AS product_inventory_policies_is_deleted, product_inventory_policies.deleted_at AS product_inventory_policies_deleted_at, product_inventory_policies.deleted_by AS product_inventory_policies_deleted_by, product_inventory_policies.version AS product_inventory_policies_version, product_inventory_policies.workflow_status AS product_inventory_policies_workflow_status, product_inventory_policies.document_number AS product_inventory_policies_document_number 
FROM product_inventory_policies 
WHERE product_inventory_policies.product_id IN ($1::VARCHAR)
INFO     sqlalchemy.engine.Engine:base.py:1848 [cached since 0.07732s ago] ('prod-con-1',)
INFO     sqlalchemy.engine.Engine:base.py:1848 SELECT product_vendors.product_id AS product_vendors_product_id, product_vendors.supplier_id AS product_vendors_supplier_id, product_vendors.supplier_product_code AS product_vendors_supplier_product_code, product_vendors.supplier_barcode AS product_vendors_supplier_barcode, product_vendors.purchase_uom_id AS product_vendors_purchase_uom_id, product_vendors.currency_id AS product_vendors_currency_id, product_vendors.cost_price AS product_vendors_cost_price, product_vendors.last_purchase_price AS product_vendors_last_purchase_price, product_vendors.last_purchase_date AS product_vendors_last_purchase_date, product_vendors.discount_percentage AS product_vendors_discount_percentage, product_vendors.tax_inclusive AS product_vendors_tax_inclusive, product_vendors.minimum_order_qty AS product_vendors_minimum_order_qty, product_vendors.maximum_order_qty AS product_vendors_maximum_order_qty, product_vendors.lead_time_days AS product_vendors_lead_time_days, product_vendors.supplier_warranty_days AS product_vendors_supplier_warranty_days, product_vendors.priority AS product_vendors_priority, product_vendors.is_preferred AS product_vendors_is_preferred, product_vendors.approval_status AS product_vendors_approval_status, product_vendors.id AS product_vendors_id, product_vendors.uuid AS product_vendors_uuid, product_vendors.tenant_id AS product_vendors_tenant_id, product_vendors.company_id AS product_vendors_company_id, product_vendors.branch_id AS product_vendors_branch_id, product_vendors.created_at AS product_vendors_created_at, product_vendors.modified_at AS product_vendors_modified_at, product_vendors.created_by AS product_vendors_created_by, product_vendors.updated_by AS product_vendors_updated_by, product_vendors.is_active AS product_vendors_is_active, product_vendors.is_deleted AS product_vendors_is_deleted, product_vendors.deleted_at AS product_vendors_deleted_at, product_vendors.deleted_by AS product_vendors_deleted_by, product_vendors.version AS product_vendors_version, product_vendors.workflow_status AS product_vendors_workflow_status, product_vendors.document_number AS product_vendors_document_number 
FROM product_vendors 
WHERE product_vendors.product_id IN ($1::VARCHAR)
INFO     sqlalchemy.engine.Engine:base.py:1848 [cached since 0.09474s ago] ('prod-con-1',)
INFO     sqlalchemy.engine.Engine:base.py:1848 SELECT stock_movements.product_id, stock_movements.product_name, stock_movements.sku, stock_movements.quantity, stock_movements.movement_type, stock_movements.reference_doc_type, stock_movements.reference_doc_id, stock_movements.warehouse, stock_movements.bin, stock_movements.batch, stock_movements.serial, stock_movements.unit_cost, stock_movements.remarks, stock_movements."user", stock_movements.device, stock_movements.branch, stock_movements.source_module, stock_movements.approval, stock_movements.id, stock_movements.uuid, stock_movements.tenant_id, stock_movements.company_id, stock_movements.branch_id, stock_movements.created_at, stock_movements.modified_at, stock_movements.created_by, stock_movements.updated_by, stock_movements.is_active, stock_movements.is_deleted, stock_movements.deleted_at, stock_movements.deleted_by, stock_movements.version, stock_movements.workflow_status, stock_movements.document_number 
FROM stock_movements 
WHERE stock_movements.product_id = $1::VARCHAR AND stock_movements.company_id = $2::VARCHAR AND stock_movements.branch_id = $3::VARCHAR ORDER BY stock_movements.created_at DESC
INFO     sqlalchemy.engine.Engine:base.py:1848 [cached since 0.06085s ago] ('prod-con-1', 'comp-inv-con1', 'br-inv-con1')
INFO     sqlalchemy.engine.Engine:base.py:1848 SELECT product_tax_profiles.product_id AS product_tax_profiles_product_id, product_tax_profiles.hsn_code AS product_tax_profiles_hsn_code, product_tax_profiles.gst_rate AS product_tax_profiles_gst_rate, product_tax_profiles.cess_rate AS product_tax_profiles_cess_rate, product_tax_profiles.is_inclusive_tax AS product_tax_profiles_is_inclusive_tax, product_tax_profiles.tax_group_id AS product_tax_profiles_tax_group_id, product_tax_profiles.effective_from AS product_tax_profiles_effective_from, product_tax_profiles.effective_to AS product_tax_profiles_effective_to, product_tax_profiles.id AS product_tax_profiles_id, product_tax_profiles.uuid AS product_tax_profiles_uuid, product_tax_profiles.tenant_id AS product_tax_profiles_tenant_id, product_tax_profiles.company_id AS product_tax_profiles_company_id, product_tax_profiles.branch_id AS product_tax_profiles_branch_id, product_tax_profiles.created_at AS product_tax_profiles_created_at, product_tax_profiles.modified_at AS product_tax_profiles_modified_at, product_tax_profiles.created_by AS product_tax_profiles_created_by, product_tax_profiles.updated_by AS product_tax_profiles_updated_by, product_tax_profiles.is_active AS product_tax_profiles_is_active, product_tax_profiles.is_deleted AS product_tax_profiles_is_deleted, product_tax_profiles.deleted_at AS product_tax_profiles_deleted_at, product_tax_profiles.deleted_by AS product_tax_profiles_deleted_by, product_tax_profiles.version AS product_tax_profiles_version, product_tax_profiles.workflow_status AS product_tax_profiles_workflow_status, product_tax_profiles.document_number AS product_tax_profiles_document_number 
FROM product_tax_profiles 
WHERE product_tax_profiles.product_id IN ($1::VARCHAR) ORDER BY product_tax_profiles.effective_from DESC
INFO     sqlalchemy.engine.Engine:base.py:1848 [cached since 0.09156s ago] ('prod-con-1',)
INFO     sqlalchemy.engine.Engine:base.py:2715 ROLLBACK
INFO     sqlalchemy.engine.Engine:base.py:1848 SELECT product_inventory_policies.product_id AS product_inventory_policies_product_id, product_inventory_policies.is_batch_tracked AS product_inventory_policies_is_batch_tracked, product_inventory_policies.is_serial_tracked AS product_inventory_policies_is_serial_tracked, product_inventory_policies.is_expiry_required AS product_inventory_policies_is_expiry_required, product_inventory_policies.is_qc_required AS product_inventory_policies_is_qc_required, product_inventory_policies.allow_negative_stock AS product_inventory_policies_allow_negative_stock, product_inventory_policies.id AS product_inventory_policies_id, product_inventory_policies.uuid AS product_inventory_policies_uuid, product_inventory_policies.tenant_id AS product_inventory_policies_tenant_id, product_inventory_policies.company_id AS product_inventory_policies_company_id, product_inventory_policies.branch_id AS product_inventory_policies_branch_id, product_inventory_policies.created_at AS product_inventory_policies_created_at, product_inventory_policies.modified_at AS product_inventory_policies_modified_at, product_inventory_policies.created_by AS product_inventory_policies_created_by, product_inventory_policies.updated_by AS product_inventory_policies_updated_by, product_inventory_policies.is_active AS product_inventory_policies_is_active, product_inventory_policies.is_deleted AS product_inventory_policies_is_deleted, product_inventory_policies.deleted_at AS product_inventory_policies_deleted_at, product_inventory_policies.deleted_by AS product_inventory_policies_deleted_by, product_inventory_policies.version AS product_inventory_policies_version, product_inventory_policies.workflow_status AS product_inventory_policies_workflow_status, product_inventory_policies.document_number AS product_inventory_policies_document_number 
FROM product_inventory_policies 
WHERE product_inventory_policies.product_id IN ($1::VARCHAR)
INFO     sqlalchemy.engine.Engine:base.py:1848 [cached since 0.08617s ago] ('prod-con-1',)
INFO     sqlalchemy.engine.Engine:base.py:1848 SELECT stock_movements.product_id, stock_movements.product_name, stock_movements.sku, stock_movements.quantity, stock_movements.movement_type, stock_movements.reference_doc_type, stock_movements.reference_doc_id, stock_movements.warehouse, stock_movements.bin, stock_movements.batch, stock_movements.serial, stock_movements.unit_cost, stock_movements.remarks, stock_movements."user", stock_movements.device, stock_movements.branch, stock_movements.source_module, stock_movements.approval, stock_movements.id, stock_movements.uuid, stock_movements.tenant_id, stock_movements.company_id, stock_movements.branch_id, stock_movements.created_at, stock_movements.modified_at, stock_movements.created_by, stock_movements.updated_by, stock_movements.is_active, stock_movements.is_deleted, stock_movements.deleted_at, stock_movements.deleted_by, stock_movements.version, stock_movements.workflow_status, stock_movements.document_number 
FROM stock_movements 
WHERE stock_movements.product_id = $1::VARCHAR AND stock_movements.company_id = $2::VARCHAR AND stock_movements.branch_id = $3::VARCHAR ORDER BY stock_movements.created_at DESC
INFO     sqlalchemy.engine.Engine:base.py:1848 [cached since 0.06817s ago] ('prod-con-1', 'comp-inv-con1', 'br-inv-con1')
INFO     sqlalchemy.engine.Engine:base.py:1848 INSERT INTO stock_movements (product_id, product_name, sku, quantity, movement_type, reference_doc_type, reference_doc_id, warehouse, bin, batch, serial, unit_cost, remarks, "user", device, branch, source_module, approval, id, uuid, tenant_id, company_id, branch_id, created_at, modified_at, created_by, updated_by, is_active, is_deleted, deleted_at, deleted_by, version, workflow_status, document_number) VALUES ($1::VARCHAR, $2::VARCHAR, $3::VARCHAR, $4::NUMERIC(10, 2), $5::VARCHAR, $6::VARCHAR, $7::VARCHAR, $8::VARCHAR, $9::VARCHAR, $10::VARCHAR, $11::VARCHAR, $12::NUMERIC(15, 2), $13::VARCHAR, $14::VARCHAR, $15::VARCHAR, $16::VARCHAR, $17::VARCHAR, $18::VARCHAR, $19::VARCHAR, $20::VARCHAR, $21::VARCHAR, $22::VARCHAR, $23::VARCHAR, $24::TIMESTAMP WITH TIME ZONE, $25::TIMESTAMP WITH TIME ZONE, $26::VARCHAR, $27::VARCHAR, $28::BOOLEAN, $29::BOOLEAN, $30::TIMESTAMP WITH TIME ZONE, $31::VARCHAR, $32::INTEGER, $33::VARCHAR, $34::VARCHAR)
INFO     sqlalchemy.engine.Engine:base.py:1848 [cached since 0.06708s ago] ('prod-con-1', 'Concurrent Reservation Product', 'PROD-CON-1', Decimal('10'), 'RESERVE', 'SO', 'SO-CON-002', None, None, None, None, None, None, None, None, None, 'reservation', None, 'ff85ec21-cbc4-4759-9e03-5fe95b20f659', '823d0d5c-f59a-4edd-97e9-55e781321309', None, 'comp-inv-con1', 'br-inv-con1', datetime.datetime(2026, 8, 2, 9, 32, 26, 162464, tzinfo=datetime.timezone.utc), datetime.datetime(2026, 8, 2, 9, 32, 26, 162467, tzinfo=datetime.timezone.utc), None, None, True, False, None, None, 1, None, None)
INFO     sqlalchemy.engine.Engine:base.py:1848 UPDATE products SET reserved_stock=$1::NUMERIC(12, 4), modified_at=$2::TIMESTAMP WITH TIME ZONE WHERE products.id = $3::VARCHAR
INFO     sqlalchemy.engine.Engine:base.py:1848 [cached since 0.06774s ago] (Decimal('20.0000'), datetime.datetime(2026, 8, 2, 9, 32, 26, 173003, tzinfo=datetime.timezone.utc), 'prod-con-1')
INFO     sqlalchemy.engine.Engine:base.py:2718 COMMIT
INFO     sqlalchemy.engine.Engine:base.py:2712 BEGIN (implicit)
INFO     sqlalchemy.engine.Engine:base.py:1848 SELECT products.code, products.name, products.price, products.stock, products.reserved_stock, products.category, products.is_favorite, products.barcode, products.brand, products.color, products.size, products.mrp, products.gst_percentage, products.style_code, products.cost_price, products.sku, products.hsn_code, products.pricing_mode, products.tracking_mode, products.variant_template_id, products.size_scale_id, products.sourcing_mode_override, products.weight_grams, products.attributes, products.primary_image_url, products.gallery_images, products.id, products.uuid, products.tenant_id, products.company_id, products.branch_id, products.created_at, products.modified_at, products.created_by, products.updated_by, products.is_active, products.is_deleted, products.deleted_at, products.deleted_by, products.version, products.workflow_status, products.document_number 
FROM products 
WHERE products.id = $1::VARCHAR
INFO     sqlalchemy.engine.Engine:base.py:1848 [cached since 0.06546s ago] ('prod-con-1',)
INFO     sqlalchemy.engine.Engine:base.py:1848 SELECT product_barcodes.product_id AS product_barcodes_product_id, product_barcodes.barcode AS product_barcodes_barcode, product_barcodes.is_primary AS product_barcodes_is_primary, product_barcodes.id AS product_barcodes_id, product_barcodes.uuid AS product_barcodes_uuid, product_barcodes.tenant_id AS product_barcodes_tenant_id, product_barcodes.company_id AS product_barcodes_company_id, product_barcodes.branch_id AS product_barcodes_branch_id, product_barcodes.created_at AS product_barcodes_created_at, product_barcodes.modified_at AS product_barcodes_modified_at, product_barcodes.created_by AS product_barcodes_created_by, product_barcodes.updated_by AS product_barcodes_updated_by, product_barcodes.is_active AS product_barcodes_is_active, product_barcodes.is_deleted AS product_barcodes_is_deleted, product_barcodes.deleted_at AS product_barcodes_deleted_at, product_barcodes.deleted_by AS product_barcodes_deleted_by, product_barcodes.version AS product_barcodes_version, product_barcodes.workflow_status AS product_barcodes_workflow_status, product_barcodes.document_number AS product_barcodes_document_number 
FROM product_barcodes 
WHERE $1::VARCHAR = product_barcodes.product_id
INFO     sqlalchemy.engine.Engine:base.py:1848 [cached since 0.06081s ago] ('prod-con-1',)
INFO     sqlalchemy.engine.Engine:base.py:1848 SELECT product_vendors.product_id AS product_vendors_product_id, product_vendors.supplier_id AS product_vendors_supplier_id, product_vendors.supplier_product_code AS product_vendors_supplier_product_code, product_vendors.supplier_barcode AS product_vendors_supplier_barcode, product_vendors.purchase_uom_id AS product_vendors_purchase_uom_id, product_vendors.currency_id AS product_vendors_currency_id, product_vendors.cost_price AS product_vendors_cost_price, product_vendors.last_purchase_price AS product_vendors_last_purchase_price, product_vendors.last_purchase_date AS product_vendors_last_purchase_date, product_vendors.discount_percentage AS product_vendors_discount_percentage, product_vendors.tax_inclusive AS product_vendors_tax_inclusive, product_vendors.minimum_order_qty AS product_vendors_minimum_order_qty, product_vendors.maximum_order_qty AS product_vendors_maximum_order_qty, product_vendors.lead_time_days AS product_vendors_lead_time_days, product_vendors.supplier_warranty_days AS product_vendors_supplier_warranty_days, product_vendors.priority AS product_vendors_priority, product_vendors.is_preferred AS product_vendors_is_preferred, product_vendors.approval_status AS product_vendors_approval_status, product_vendors.id AS product_vendors_id, product_vendors.uuid AS product_vendors_uuid, product_vendors.tenant_id AS product_vendors_tenant_id, product_vendors.company_id AS product_vendors_company_id, product_vendors.branch_id AS product_vendors_branch_id, product_vendors.created_at AS product_vendors_created_at, product_vendors.modified_at AS product_vendors_modified_at, product_vendors.created_by AS product_vendors_created_by, product_vendors.updated_by AS product_vendors_updated_by, product_vendors.is_active AS product_vendors_is_active, product_vendors.is_deleted AS product_vendors_is_deleted, product_vendors.deleted_at AS product_vendors_deleted_at, product_vendors.deleted_by AS product_vendors_deleted_by, product_vendors.version AS product_vendors_version, product_vendors.workflow_status AS product_vendors_workflow_status, product_vendors.document_number AS product_vendors_document_number 
FROM product_vendors 
WHERE $1::VARCHAR = product_vendors.product_id
INFO     sqlalchemy.engine.Engine:base.py:1848 [cached since 0.05802s ago] ('prod-con-1',)
INFO     sqlalchemy.engine.Engine:base.py:1848 SELECT product_tax_profiles.product_id AS product_tax_profiles_product_id, product_tax_profiles.hsn_code AS product_tax_profiles_hsn_code, product_tax_profiles.gst_rate AS product_tax_profiles_gst_rate, product_tax_profiles.cess_rate AS product_tax_profiles_cess_rate, product_tax_profiles.is_inclusive_tax AS product_tax_profiles_is_inclusive_tax, product_tax_profiles.tax_group_id AS product_tax_profiles_tax_group_id, product_tax_profiles.effective_from AS product_tax_profiles_effective_from, product_tax_profiles.effective_to AS product_tax_profiles_effective_to, product_tax_profiles.id AS product_tax_profiles_id, product_tax_profiles.uuid AS product_tax_profiles_uuid, product_tax_profiles.tenant_id AS product_tax_profiles_tenant_id, product_tax_profiles.company_id AS product_tax_profiles_company_id, product_tax_profiles.branch_id AS product_tax_profiles_branch_id, product_tax_profiles.created_at AS product_tax_profiles_created_at, product_tax_profiles.modified_at AS product_tax_profiles_modified_at, product_tax_profiles.created_by AS product_tax_profiles_created_by, product_tax_profiles.updated_by AS product_tax_profiles_updated_by, product_tax_profiles.is_active AS product_tax_profiles_is_active, product_tax_profiles.is_deleted AS product_tax_profiles_is_deleted, product_tax_profiles.deleted_at AS product_tax_profiles_deleted_at, product_tax_profiles.deleted_by AS product_tax_profiles_deleted_by, product_tax_profiles.version AS product_tax_profiles_version, product_tax_profiles.workflow_status AS product_tax_profiles_workflow_status, product_tax_profiles.document_number AS product_tax_profiles_document_number 
FROM product_tax_profiles 
WHERE $1::VARCHAR = product_tax_profiles.product_id ORDER BY product_tax_profiles.effective_from DESC
INFO     sqlalchemy.engine.Engine:base.py:1848 [cached since 0.05563s ago] ('prod-con-1',)
INFO     sqlalchemy.engine.Engine:base.py:1848 SELECT product_inventory_policies.product_id AS product_inventory_policies_product_id, product_inventory_policies.is_batch_tracked AS product_inventory_policies_is_batch_tracked, product_inventory_policies.is_serial_tracked AS product_inventory_policies_is_serial_tracked, product_inventory_policies.is_expiry_required AS product_inventory_policies_is_expiry_required, product_inventory_policies.is_qc_required AS product_inventory_policies_is_qc_required, product_inventory_policies.allow_negative_stock AS product_inventory_policies_allow_negative_stock, product_inventory_policies.id AS product_inventory_policies_id, product_inventory_policies.uuid AS product_inventory_policies_uuid, product_inventory_policies.tenant_id AS product_inventory_policies_tenant_id, product_inventory_policies.company_id AS product_inventory_policies_company_id, product_inventory_policies.branch_id AS product_inventory_policies_branch_id, product_inventory_policies.created_at AS product_inventory_policies_created_at, product_inventory_policies.modified_at AS product_inventory_policies_modified_at, product_inventory_policies.created_by AS product_inventory_policies_created_by, product_inventory_policies.updated_by AS product_inventory_policies_updated_by, product_inventory_policies.is_active AS product_inventory_policies_is_active, product_inventory_policies.is_deleted AS product_inventory_policies_is_deleted, product_inventory_policies.deleted_at AS product_inventory_policies_deleted_at, product_inventory_policies.deleted_by AS product_inventory_policies_deleted_by, product_inventory_policies.version AS product_inventory_policies_version, product_inventory_policies.workflow_status AS product_inventory_policies_workflow_status, product_inventory_policies.document_number AS product_inventory_policies_document_number 
FROM product_inventory_policies 
WHERE $1::VARCHAR = product_inventory_policies.product_id
INFO     sqlalchemy.engine.Engine:base.py:1848 [cached since 0.053s ago] ('prod-con-1',)
INFO     sqlalchemy.engine.Engine:base.py:1848 SELECT products.code, products.name, products.price, products.stock, products.reserved_stock, products.category, products.is_favorite, products.barcode, products.brand, products.color, products.size, products.mrp, products.gst_percentage, products.style_code, products.cost_price, products.sku, products.hsn_code, products.pricing_mode, products.tracking_mode, products.variant_template_id, products.size_scale_id, products.sourcing_mode_override, products.weight_grams, products.attributes, products.primary_image_url, products.gallery_images, products.id, products.uuid, products.tenant_id, products.company_id, products.branch_id, products.created_at, products.modified_at, products.created_by, products.updated_by, products.is_active, products.is_deleted, products.deleted_at, products.deleted_by, products.version, products.workflow_status, products.document_number 
FROM products 
WHERE products.id = $1::VARCHAR AND products.is_deleted IS false AND products.company_id = $2::VARCHAR AND products.branch_id = $3::VARCHAR
INFO     sqlalchemy.engine.Engine:base.py:1848 [cached since 0.1128s ago] ('prod-con-1', 'comp-inv-con1', 'br-inv-con1')
INFO     sqlalchemy.engine.Engine:base.py:1848 SELECT product_barcodes.product_id AS product_barcodes_product_id, product_barcodes.barcode AS product_barcodes_barcode, product_barcodes.is_primary AS product_barcodes_is_primary, product_barcodes.id AS product_barcodes_id, product_barcodes.uuid AS product_barcodes_uuid, product_barcodes.tenant_id AS product_barcodes_tenant_id, product_barcodes.company_id AS product_barcodes_company_id, product_barcodes.branch_id AS product_barcodes_branch_id, product_barcodes.created_at AS product_barcodes_created_at, product_barcodes.modified_at AS product_barcodes_modified_at, product_barcodes.created_by AS product_barcodes_created_by, product_barcodes.updated_by AS product_barcodes_updated_by, product_barcodes.is_active AS product_barcodes_is_active, product_barcodes.is_deleted AS product_barcodes_is_deleted, product_barcodes.deleted_at AS product_barcodes_deleted_at, product_barcodes.deleted_by AS product_barcodes_deleted_by, product_barcodes.version AS product_barcodes_version, product_barcodes.workflow_status AS product_barcodes_workflow_status, product_barcodes.document_number AS product_barcodes_document_number 
FROM product_barcodes 
WHERE product_barcodes.product_id IN ($1::VARCHAR)
INFO     sqlalchemy.engine.Engine:base.py:1848 [cached since 0.1461s ago] ('prod-con-1',)
INFO     sqlalchemy.engine.Engine:base.py:1848 SELECT product_vendors.product_id AS product_vendors_product_id, product_vendors.supplier_id AS product_vendors_supplier_id, product_vendors.supplier_product_code AS product_vendors_supplier_product_code, product_vendors.supplier_barcode AS product_vendors_supplier_barcode, product_vendors.purchase_uom_id AS product_vendors_purchase_uom_id, product_vendors.currency_id AS product_vendors_currency_id, product_vendors.cost_price AS product_vendors_cost_price, product_vendors.last_purchase_price AS product_vendors_last_purchase_price, product_vendors.last_purchase_date AS product_vendors_last_purchase_date, product_vendors.discount_percentage AS product_vendors_discount_percentage, product_vendors.tax_inclusive AS product_vendors_tax_inclusive, product_vendors.minimum_order_qty AS product_vendors_minimum_order_qty, product_vendors.maximum_order_qty AS product_vendors_maximum_order_qty, product_vendors.lead_time_days AS product_vendors_lead_time_days, product_vendors.supplier_warranty_days AS product_vendors_supplier_warranty_days, product_vendors.priority AS product_vendors_priority, product_vendors.is_preferred AS product_vendors_is_preferred, product_vendors.approval_status AS product_vendors_approval_status, product_vendors.id AS product_vendors_id, product_vendors.uuid AS product_vendors_uuid, product_vendors.tenant_id AS product_vendors_tenant_id, product_vendors.company_id AS product_vendors_company_id, product_vendors.branch_id AS product_vendors_branch_id, product_vendors.created_at AS product_vendors_created_at, product_vendors.modified_at AS product_vendors_modified_at, product_vendors.created_by AS product_vendors_created_by, product_vendors.updated_by AS product_vendors_updated_by, product_vendors.is_active AS product_vendors_is_active, product_vendors.is_deleted AS product_vendors_is_deleted, product_vendors.deleted_at AS product_vendors_deleted_at, product_vendors.deleted_by AS product_vendors_deleted_by, product_vendors.version AS product_vendors_version, product_vendors.workflow_status AS product_vendors_workflow_status, product_vendors.document_number AS product_vendors_document_number 
FROM product_vendors 
WHERE product_vendors.product_id IN ($1::VARCHAR)
INFO     sqlalchemy.engine.Engine:base.py:1848 [cached since 0.1391s ago] ('prod-con-1',)
INFO     sqlalchemy.engine.Engine:base.py:1848 SELECT product_tax_profiles.product_id AS product_tax_profiles_product_id, product_tax_profiles.hsn_code AS product_tax_profiles_hsn_code, product_tax_profiles.gst_rate AS product_tax_profiles_gst_rate, product_tax_profiles.cess_rate AS product_tax_profiles_cess_rate, product_tax_profiles.is_inclusive_tax AS product_tax_profiles_is_inclusive_tax, product_tax_profiles.tax_group_id AS product_tax_profiles_tax_group_id, product_tax_profiles.effective_from AS product_tax_profiles_effective_from, product_tax_profiles.effective_to AS product_tax_profiles_effective_to, product_tax_profiles.id AS product_tax_profiles_id, product_tax_profiles.uuid AS product_tax_profiles_uuid, product_tax_profiles.tenant_id AS product_tax_profiles_tenant_id, product_tax_profiles.company_id AS product_tax_profiles_company_id, product_tax_profiles.branch_id AS product_tax_profiles_branch_id, product_tax_profiles.created_at AS product_tax_profiles_created_at, product_tax_profiles.modified_at AS product_tax_profiles_modified_at, product_tax_profiles.created_by AS product_tax_profiles_created_by, product_tax_profiles.updated_by AS product_tax_profiles_updated_by, product_tax_profiles.is_active AS product_tax_profiles_is_active, product_tax_profiles.is_deleted AS product_tax_profiles_is_deleted, product_tax_profiles.deleted_at AS product_tax_profiles_deleted_at, product_tax_profiles.deleted_by AS product_tax_profiles_deleted_by, product_tax_profiles.version AS product_tax_profiles_version, product_tax_profiles.workflow_status AS product_tax_profiles_workflow_status, product_tax_profiles.document_number AS product_tax_profiles_document_number 
FROM product_tax_profiles 
WHERE product_tax_profiles.product_id IN ($1::VARCHAR) ORDER BY product_tax_profiles.effective_from DESC
INFO     sqlalchemy.engine.Engine:base.py:1848 [cached since 0.1325s ago] ('prod-con-1',)
INFO     sqlalchemy.engine.Engine:base.py:1848 SELECT product_inventory_policies.product_id AS product_inventory_policies_product_id, product_inventory_policies.is_batch_tracked AS product_inventory_policies_is_batch_tracked, product_inventory_policies.is_serial_tracked AS product_inventory_policies_is_serial_tracked, product_inventory_policies.is_expiry_required AS product_inventory_policies_is_expiry_required, product_inventory_policies.is_qc_required AS product_inventory_policies_is_qc_required, product_inventory_policies.allow_negative_stock AS product_inventory_policies_allow_negative_stock, product_inventory_policies.id AS product_inventory_policies_id, product_inventory_policies.uuid AS product_inventory_policies_uuid, product_inventory_policies.tenant_id AS product_inventory_policies_tenant_id, product_inventory_policies.company_id AS product_inventory_policies_company_id, product_inventory_policies.branch_id AS product_inventory_policies_branch_id, product_inventory_policies.created_at AS product_inventory_policies_created_at, product_inventory_policies.modified_at AS product_inventory_policies_modified_at, product_inventory_policies.created_by AS product_inventory_policies_created_by, product_inventory_policies.updated_by AS product_inventory_policies_updated_by, product_inventory_policies.is_active AS product_inventory_policies_is_active, product_inventory_policies.is_deleted AS product_inventory_policies_is_deleted, product_inventory_policies.deleted_at AS product_inventory_policies_deleted_at, product_inventory_policies.deleted_by AS product_inventory_policies_deleted_by, product_inventory_policies.version AS product_inventory_policies_version, product_inventory_policies.workflow_status AS product_inventory_policies_workflow_status, product_inventory_policies.document_number AS product_inventory_policies_document_number 
FROM product_inventory_policies 
WHERE product_inventory_policies.product_id IN ($1::VARCHAR)
INFO     sqlalchemy.engine.Engine:base.py:1848 [cached since 0.1262s ago] ('prod-con-1',)
INFO     sqlalchemy.engine.Engine:base.py:1848 SELECT stock_movements.product_id, stock_movements.product_name, stock_movements.sku, stock_movements.quantity, stock_movements.movement_type, stock_movements.reference_doc_type, stock_movements.reference_doc_id, stock_movements.warehouse, stock_movements.bin, stock_movements.batch, stock_movements.serial, stock_movements.unit_cost, stock_movements.remarks, stock_movements."user", stock_movements.device, stock_movements.branch, stock_movements.source_module, stock_movements.approval, stock_movements.id, stock_movements.uuid, stock_movements.tenant_id, stock_movements.company_id, stock_movements.branch_id, stock_movements.created_at, stock_movements.modified_at, stock_movements.created_by, stock_movements.updated_by, stock_movements.is_active, stock_movements.is_deleted, stock_movements.deleted_at, stock_movements.deleted_by, stock_movements.version, stock_movements.workflow_status, stock_movements.document_number 
FROM stock_movements 
WHERE stock_movements.product_id = $1::VARCHAR AND stock_movements.company_id = $2::VARCHAR AND stock_movements.branch_id = $3::VARCHAR ORDER BY stock_movements.created_at DESC
INFO     sqlalchemy.engine.Engine:base.py:1848 [cached since 0.1078s ago] ('prod-con-1', 'comp-inv-con1', 'br-inv-con1')
INFO     sqlalchemy.engine.Engine:base.py:2715 ROLLBACK
-------------------------- Captured stdout teardown ---------------------------
2026-08-02 15:02:26,624 INFO sqlalchemy.engine.Engine BEGIN (implicit)
2026-08-02 15:02:26,625 INFO sqlalchemy.engine.Engine SELECT tablename FROM pg_tables WHERE schemaname = 'public'
2026-08-02 15:02:26,625 INFO sqlalchemy.engine.Engine [cached since 5.639s ago] ()
2026-08-02 15:02:26,632 INFO sqlalchemy.engine.Engine TRUNCATE TABLE stores, barcode_layouts, size_conversions, smriti_approval_requests, stock_movements, supplier_contacts, suppliers, master_values, customers, customer_contacts, customer_groups, smriti_api_key_permission_sets, supplier_bank_details, identity_rules, system_configs, smriti_identity_rules, smriti_approval_conditions, gstr_filing_records, gst_reconciliation_records, system_bootstrap_states, sales_quotations, variant_templates, smriti_permission_set_permissions, product_identities, smriti_approval_histories, smriti_universal_identities, sales_quotation_items, product_inventory_policies, barcode_providers, refresh_token_blacklist, tally_configs, customer_tax_profiles, smriti_roles, branches, approval_workflow_logs, size_values, purchase_receipt_items, smriti_approval_comments, terms_clauses, workflow_events, sales_invoices, purchase_jurisdiction_configs, smriti_approval_assignments, sales_invoice_items, smriti_approval_policies, shifts, cash_registers, attribute_groups, user_store_assignments, user_branch_assignments, customer_addresses, size_scales, terms_snapshots, psv_sku_tracking, supplier_tax_profiles, product_tax_profiles, numbering_audit_logs, data_exchange_tasks, supplier_addresses, gstr_outbox_logs, smriti_approval_escalations, smriti_approval_delegations, report_schedules, smriti_api_keys, sales_order_items, terms_defaults, warehouses, customer_credit_profiles, psv_parties, roles, document_series, stock_transfer_order_items, user_company_assignments, master_types, smriti_approval_actions, purchase_receipts, smriti_approval_steps, purchase_order_items, stock_rebalancing_recommendations, data_exchange_field_mappings, sales_orders, smriti_identity_outbox, products, smriti_approval_matrices, pricing_groups, product_vendors, stock_transfer_orders, supplier_credit_profiles, purchase_orders, screen_layout_templates, smriti_permissions, sales_returns, supplier_compliance_profiles, print_profiles, smriti_menus, users, purchase_reorder_configs, smriti_permission_sets, supplier_payments, category_attribute_group_mappings, smriti_service_accounts, sales_return_items, companies, smriti_user_roles, smriti_security_audits, print_histories, attribute_definitions, supplier_payment_profiles, smriti_approval_outbox, smriti_api_key_logs, smriti_identity_rule_versions, customer_channel_preferences, smriti_role_permission_sets, print_templates RESTART IDENTITY CASCADE
2026-08-02 15:02:26,632 INFO sqlalchemy.engine.Engine [cached since 5.631s ago] ()
2026-08-02 15:02:30,645 INFO sqlalchemy.engine.Engine COMMIT
2026-08-02 15:02:30,835 INFO sqlalchemy.engine.Engine BEGIN (implicit)
2026-08-02 15:02:30,835 INFO sqlalchemy.engine.Engine INSERT INTO companies (id, uuid, name, gst_number, is_active, is_deleted, created_at, modified_at) VALUES ('comp-default', $1, 'Default Company', '27ABCDE1234F1Z5', true, false, now(), now()) ON CONFLICT (id) DO NOTHING
2026-08-02 15:02:30,835 INFO sqlalchemy.engine.Engine [cached since 5.635s ago] ('970980c7-1d46-48af-a4ca-ff781d40d812',)
2026-08-02 15:02:30,843 INFO sqlalchemy.engine.Engine INSERT INTO branches (id, uuid, company_id, name, code, is_active, is_deleted, created_at, modified_at) VALUES ('br-default', $1, 'comp-default', 'Default Branch', 'BR-DFT', true, false, now(), now()) ON CONFLICT (id) DO NOTHING
2026-08-02 15:02:30,843 INFO sqlalchemy.engine.Engine [cached since 5.633s ago] ('63ffdda1-7674-45e8-83d6-18718e0fe92e',)
2026-08-02 15:02:30,849 INFO sqlalchemy.engine.Engine INSERT INTO smriti_roles (id, uuid, code, name, description, is_system_role, is_active, is_deleted, created_at, modified_at) VALUES ($1, $2, $3, $4, 'SMRITI default system role.', true, true, false, now(), now()) ON CONFLICT (id) DO NOTHING
2026-08-02 15:02:30,849 INFO sqlalchemy.engine.Engine [cached since 5.632s ago] [('role-sysadmin', '43289f98-f1a6-407e-aa2b-64fd270012af', 'SYSADMIN', 'System Administrator'), ('role-administrator', '3adf3acd-6664-41fd-a4b3-ef169c802b3c', 'ADMINISTRATOR', 'Platform Administrator'), ('role-owner', '45e2414b-50bc-4bf0-8324-264b556ac4a2', 'OWNER', 'Company Owner'), ('role-company-admin', 'ee4cd640-5d61-4e14-b15e-1deac860378c', 'COMPANY_ADMIN', 'Company Administrator'), ('role-branch-admin', '741c308d-401c-4c6f-a9b2-3403d496aedb', 'BRANCH_ADMIN', 'Branch Administrator'), ('role-manager', '8cf30b90-b40d-4604-ab9b-8a1ad11a6282', 'MANAGER', 'Branch Manager'), ('role-supervisor', '9ffeeeb1-42a6-4631-bd97-4e53cc4beec3', 'SUPERVISOR', 'Supervisor'), ('role-staff', '7ab58532-ee52-40c1-8a48-455cb68c7e22', 'STAFF', 'Staff User')  ... displaying 10 of 11 total bound parameter sets ...  ('role-reporter', 'a4b4cddf-60b9-4908-928b-c13a740547c5', 'REPORT_USER', 'Reports Portal User'), ('role-viewer', '2a97e51f-4358-4928-9d45-31b5e16083e2', 'VIEWER', 'Read Only Viewer')]
2026-08-02 15:02:30,853 INFO sqlalchemy.engine.Engine INSERT INTO smriti_permissions (id, uuid, code, resource, action, scope, module, description, is_active, is_deleted, created_at, modified_at) VALUES ($1, $2, $3, $4, $5, $6, $7, $8, true, false, now(), now()) ON CONFLICT (id) DO NOTHING
2026-08-02 15:02:30,854 INFO sqlalchemy.engine.Engine [cached since 5.629s ago] [('perm-system-config', 'cc32823b-bb13-4faf-9065-6674d23068f1', 'SYSTEM.CONFIG', 'Configuration', 'Manage', 'GLOBAL', 'System', 'Allows editing global system parameters and configurations'), ('perm-license-manage', '24e33406-0786-4226-a080-d465e91b2862', 'LICENSE.MANAGE', 'License', 'Manage', 'GLOBAL', 'System', 'Allows managing product licensing and activation keys'), ('perm-developer-debug', 'b7ae86b3-cbdd-48fc-a9ae-897884647153', 'DEVELOPER.DEBUG', 'DeveloperTools', 'Access', 'GLOBAL', 'System', 'Allows access to developer/debugging tools'), ('perm-api-manage', '1427b312-8810-4bda-acef-0276fcf0029a', 'API.MANAGE', 'APIKey', 'Manage', 'GLOBAL', 'System', 'Allows managing external API access credentials'), ('perm-security-manage_roles', '94986134-1769-472f-a6e5-83f91fdc46d6', 'SECURITY.MANAGE_ROLES', 'Role', 'Manage', 'GLOBAL', 'Security', 'Allows creating, modifying, and deleting system roles'), ('perm-security-manage_policies', '98a91dbf-f75b-4610-ae62-9dd0ea880bb4', 'SECURITY.MANAGE_POLICIES', 'Policy', 'Manage', 'GLOBAL', 'Security', 'Allows creating, modifying, and deleting access policies'), ('perm-security-view_settings', 'b69db019-b20c-4f2a-ba01-2c87fdecd123', 'SECURITY.VIEW_SETTINGS', 'Settings', 'View', 'OWN_BRANCH', 'Security', 'Allows viewing security settings and auditing logs'), ('perm-sales-create', 'a64a1dbc-f968-46bb-860c-92258bd6ede9', 'SALES.CREATE', 'Invoice', 'Create', 'OWN_BRANCH', 'Sales', 'Allows creating sales invoices')  ... displaying 10 of 60 total bound parameter sets ...  ('perm-settings-view', '7eb179ad-cfeb-41d8-a46e-45d50e6811e3', 'SETTINGS.VIEW', 'Settings', 'View', 'OWN_BRANCH', 'Core', 'Allows viewing general application settings'), ('perm-audit-view', 'e1132267-cedf-49f8-8062-d9839a9e25dd', 'AUDIT.VIEW', 'AuditLog', 'View', 'COMPANY', 'Security', 'Allows viewing immutable audit trail logs')]
2026-08-02 15:02:30,865 INFO sqlalchemy.engine.Engine INSERT INTO smriti_permission_sets (id, uuid, code, name, description, is_active, is_deleted, created_at, modified_at) VALUES ($1, $2, $3, $4, $5, true, false, now(), now()) ON CONFLICT (id) DO NOTHING
2026-08-02 15:02:30,866 INFO sqlalchemy.engine.Engine [cached since 5.63s ago] [('pol-sales-mgmt', 'b4e409c8-1171-46c3-821c-629697c59b86', 'POL-SALES-MGMT', 'Sales Management Policy', 'Sales Management Policy'), ('pol-sales-ops', '93a56995-7737-4b20-a0db-56dce7643a21', 'POL-SALES-OPS', 'Sales Operations Policy', 'Sales Operations Policy'), ('pol-inventory-mgmt', '9fcea351-4cba-45da-80ba-b4ae937c7ae4', 'POL-INVENTORY-MGMT', 'Inventory Management Policy', 'Inventory Management Policy'), ('pol-crm-mgmt', '71ea0f6f-899e-49e3-b609-210c73b4c56c', 'POL-CRM-MGMT', 'CRM Management Policy', 'CRM Management Policy'), ('pol-purchase-mgmt', 'd9811b5b-4729-4c12-bbf1-86ac6e7fd024', 'POL-PURCHASE-MGMT', 'Purchase Management Policy', 'Purchase Management Policy'), ('pol-reporting', 'cdc8c822-679e-4e6a-8ef4-1790ca341e1e', 'POL-REPORTING', 'Reporting Policy', 'Reporting Policy'), ('pol-security-admin', '2f7def9c-1a1b-43f7-8045-18c64ae93d74', 'POL-SECURITY-ADMIN', 'Security Administration Policy', 'Security Administration Policy'), ('pol-core-view', '3fb8843f-1de2-44f1-a53a-cf1ca5d00b6b', 'POL-CORE-VIEW', 'Core View Policy', 'Core View Policy')]
2026-08-02 15:02:30,869 INFO sqlalchemy.engine.Engine SELECT id, code FROM smriti_permission_sets
2026-08-02 15:02:30,869 INFO sqlalchemy.engine.Engine [cached since 5.629s ago] ()
2026-08-02 15:02:30,871 INFO sqlalchemy.engine.Engine SELECT id, code FROM smriti_permissions
2026-08-02 15:02:30,871 INFO sqlalchemy.engine.Engine [cached since 5.628s ago] ()
2026-08-02 15:02:30,875 INFO sqlalchemy.engine.Engine INSERT INTO smriti_permission_set_permissions (id, uuid, permission_set_id, permission_id, permission_type, created_at, modified_at) VALUES ($1, $2, $3, $4, 'ALLOW', now(), now()) ON CONFLICT DO NOTHING
2026-08-02 15:02:30,876 INFO sqlalchemy.engine.Engine [cached since 5.629s ago] [('9b817b92-110f-46ad-8bfb-492cf652da64', '6c2f13b7-604a-4c03-83df-3296027791e6', 'pol-sales-mgmt', 'perm-sales-create'), ('0187d014-5829-45a2-9c48-3877769d6ca9', 'd3df65cf-cbbd-4f73-b762-49787868563f', 'pol-sales-mgmt', 'perm-sales-update'), ('69d7f282-20eb-4fb0-86e6-2d8c559d55a4', '47a0f563-72e8-4633-bf1c-5c7d5b584730', 'pol-sales-mgmt', 'perm-sales-approve'), ('806a574c-3e66-4b71-a0fe-1d27520b0186', 'cd75d54e-0946-4beb-abbf-04331fbea06b', 'pol-sales-mgmt', 'perm-sales-view'), ('bacad3be-c921-47b4-b97e-280950325838', '57520e10-e49c-4eaf-a2f8-6c2eb9e851d7', 'pol-sales-mgmt', 'perm-sales-delete'), ('106688d9-6c4c-41de-80d7-6546bfa3848f', 'd728712b-5e09-45df-9210-a0794f7bd5f7', 'pol-sales-mgmt', 'perm-pos-checkout'), ('c994cb99-db9b-4380-9b6d-72cf2f6ba138', '9ff23ec7-ab33-4d3e-8792-7c23d177c493', 'pol-sales-mgmt', 'perm-pos-open_shift'), ('3dae2862-73c2-4585-8dc6-b4f0de5e582c', '99ca728d-89b6-4c6d-bfa3-4e307679fe48', 'pol-sales-mgmt', 'perm-pos-close_shift')  ... displaying 10 of 34 total bound parameter sets ...  ('451466ad-1328-49be-92fe-e188040277a9', '1e008632-9cb0-4072-8255-7ed5e0585576', 'pol-core-view', 'perm-item-view'), ('1d89778e-fb71-48fa-894f-bedef95db572', '362a9366-9236-4ad3-8fa5-5cfcdc4b57b6', 'pol-core-view', 'perm-report-view')]
2026-08-02 15:02:30,887 INFO sqlalchemy.engine.Engine SELECT id, code FROM smriti_roles
2026-08-02 15:02:30,887 INFO sqlalchemy.engine.Engine [cached since 5.629s ago] ()
2026-08-02 15:02:30,893 INFO sqlalchemy.engine.Engine INSERT INTO smriti_role_permission_sets (id, uuid, role_id, permission_set_id, created_at, modified_at) VALUES ($1, $2, $3, $4, now(), now()) ON CONFLICT DO NOTHING
2026-08-02 15:02:30,893 INFO sqlalchemy.engine.Engine [cached since 5.631s ago] [('c011bba8-d2c8-4a54-b8a8-ac3258ec3e5d', 'ac6398a1-6d56-4ae8-bfc9-3a96f0cdceb1', 'role-sysadmin', 'pol-sales-mgmt'), ('ff193b9d-41dc-4741-adac-f2a3898ac031', 'f44a40e4-3846-4ed4-8daf-ebbfc5699cde', 'role-sysadmin', 'pol-inventory-mgmt'), ('0a9f3eec-f4af-4cde-8006-48d382f4bf50', '4b41fc29-9737-4029-b36a-35fec3b1e61c', 'role-sysadmin', 'pol-crm-mgmt'), ('fa6fe1f8-ace2-49c1-b77c-c07022f5d45b', '0f435a40-5e2a-414d-9333-bf3c4ad6f825', 'role-sysadmin', 'pol-purchase-mgmt'), ('4d03fa6b-4662-4de6-a6f5-d8b13fd06281', '7de6f449-64e0-4559-b19b-8940b43176c4', 'role-sysadmin', 'pol-reporting'), ('ce45352f-d469-47f9-ba05-f4d46a1e66b8', 'd31a1314-c28d-45af-ba15-fa265736ba03', 'role-sysadmin', 'pol-security-admin'), ('6bd7c443-121c-486d-b7b1-ac94090dcf0d', 'b036dcbc-20d2-40fb-96b7-4206124d9dda', 'role-administrator', 'pol-sales-mgmt'), ('b4d15daa-d259-40e3-8268-a1f5ebb3ec17', 'c91d78f0-f601-4fef-acf9-a5f5d5c4f7b9', 'role-administrator', 'pol-inventory-mgmt')  ... displaying 10 of 39 total bound parameter sets ...  ('06ea73f7-3cfc-4a08-b30f-a1a04ec04089', '08cc8353-49b4-4954-a29c-449116a2b4b9', 'role-reporter', 'pol-reporting'), ('9383624f-7a99-4308-9c92-cb80eee9a4e9', '09edc97c-36ea-4e2f-a722-fd3ab23480b1', 'role-viewer', 'pol-core-view')]
2026-08-02 15:02:30,904 INFO sqlalchemy.engine.Engine COMMIT
---------------------------- Captured log teardown ----------------------------
INFO     sqlalchemy.engine.Engine:base.py:2712 BEGIN (implicit)
INFO     sqlalchemy.engine.Engine:base.py:1848 SELECT tablename FROM pg_tables WHERE schemaname = 'public'
INFO     sqlalchemy.engine.Engine:base.py:1848 [cached since 5.639s ago] ()
INFO     sqlalchemy.engine.Engine:base.py:1848 TRUNCATE TABLE stores, barcode_layouts, size_conversions, smriti_approval_requests, stock_movements, supplier_contacts, suppliers, master_values, customers, customer_contacts, customer_groups, smriti_api_key_permission_sets, supplier_bank_details, identity_rules, system_configs, smriti_identity_rules, smriti_approval_conditions, gstr_filing_records, gst_reconciliation_records, system_bootstrap_states, sales_quotations, variant_templates, smriti_permission_set_permissions, product_identities, smriti_approval_histories, smriti_universal_identities, sales_quotation_items, product_inventory_policies, barcode_providers, refresh_token_blacklist, tally_configs, customer_tax_profiles, smriti_roles, branches, approval_workflow_logs, size_values, purchase_receipt_items, smriti_approval_comments, terms_clauses, workflow_events, sales_invoices, purchase_jurisdiction_configs, smriti_approval_assignments, sales_invoice_items, smriti_approval_policies, shifts, cash_registers, attribute_groups, user_store_assignments, user_branch_assignments, customer_addresses, size_scales, terms_snapshots, psv_sku_tracking, supplier_tax_profiles, product_tax_profiles, numbering_audit_logs, data_exchange_tasks, supplier_addresses, gstr_outbox_logs, smriti_approval_escalations, smriti_approval_delegations, report_schedules, smriti_api_keys, sales_order_items, terms_defaults, warehouses, customer_credit_profiles, psv_parties, roles, document_series, stock_transfer_order_items, user_company_assignments, master_types, smriti_approval_actions, purchase_receipts, smriti_approval_steps, purchase_order_items, stock_rebalancing_recommendations, data_exchange_field_mappings, sales_orders, smriti_identity_outbox, products, smriti_approval_matrices, pricing_groups, product_vendors, stock_transfer_orders, supplier_credit_profiles, purchase_orders, screen_layout_templates, smriti_permissions, sales_returns, supplier_compliance_profiles, print_profiles, smriti_menus, users, purchase_reorder_configs, smriti_permission_sets, supplier_payments, category_attribute_group_mappings, smriti_service_accounts, sales_return_items, companies, smriti_user_roles, smriti_security_audits, print_histories, attribute_definitions, supplier_payment_profiles, smriti_approval_outbox, smriti_api_key_logs, smriti_identity_rule_versions, customer_channel_preferences, smriti_role_permission_sets, print_templates RESTART IDENTITY CASCADE
INFO     sqlalchemy.engine.Engine:base.py:1848 [cached since 5.631s ago] ()
INFO     sqlalchemy.engine.Engine:base.py:2718 COMMIT
INFO     sqlalchemy.engine.Engine:base.py:2712 BEGIN (implicit)
INFO     sqlalchemy.engine.Engine:base.py:1848 INSERT INTO companies (id, uuid, name, gst_number, is_active, is_deleted, created_at, modified_at) VALUES ('comp-default', $1, 'Default Company', '27ABCDE1234F1Z5', true, false, now(), now()) ON CONFLICT (id) DO NOTHING
INFO     sqlalchemy.engine.Engine:base.py:1848 [cached since 5.635s ago] ('970980c7-1d46-48af-a4ca-ff781d40d812',)
INFO     sqlalchemy.engine.Engine:base.py:1848 INSERT INTO branches (id, uuid, company_id, name, code, is_active, is_deleted, created_at, modified_at) VALUES ('br-default', $1, 'comp-default', 'Default Branch', 'BR-DFT', true, false, now(), now()) ON CONFLICT (id) DO NOTHING
INFO     sqlalchemy.engine.Engine:base.py:1848 [cached since 5.633s ago] ('63ffdda1-7674-45e8-83d6-18718e0fe92e',)
INFO     sqlalchemy.engine.Engine:base.py:1848 INSERT INTO smriti_roles (id, uuid, code, name, description, is_system_role, is_active, is_deleted, created_at, modified_at) VALUES ($1, $2, $3, $4, 'SMRITI default system role.', true, true, false, now(), now()) ON CONFLICT (id) DO NOTHING
INFO     sqlalchemy.engine.Engine:base.py:1848 [cached since 5.632s ago] [('role-sysadmin', '43289f98-f1a6-407e-aa2b-64fd270012af', 'SYSADMIN', 'System Administrator'), ('role-administrator', '3adf3acd-6664-41fd-a4b3-ef169c802b3c', 'ADMINISTRATOR', 'Platform Administrator'), ('role-owner', '45e2414b-50bc-4bf0-8324-264b556ac4a2', 'OWNER', 'Company Owner'), ('role-company-admin', 'ee4cd640-5d61-4e14-b15e-1deac860378c', 'COMPANY_ADMIN', 'Company Administrator'), ('role-branch-admin', '741c308d-401c-4c6f-a9b2-3403d496aedb', 'BRANCH_ADMIN', 'Branch Administrator'), ('role-manager', '8cf30b90-b40d-4604-ab9b-8a1ad11a6282', 'MANAGER', 'Branch Manager'), ('role-supervisor', '9ffeeeb1-42a6-4631-bd97-4e53cc4beec3', 'SUPERVISOR', 'Supervisor'), ('role-staff', '7ab58532-ee52-40c1-8a48-455cb68c7e22', 'STAFF', 'Staff User')  ... displaying 10 of 11 total bound parameter sets ...  ('role-reporter', 'a4b4cddf-60b9-4908-928b-c13a740547c5', 'REPORT_USER', 'Reports Portal User'), ('role-viewer', '2a97e51f-4358-4928-9d45-31b5e16083e2', 'VIEWER', 'Read Only Viewer')]
INFO     sqlalchemy.engine.Engine:base.py:1848 INSERT INTO smriti_permissions (id, uuid, code, resource, action, scope, module, description, is_active, is_deleted, created_at, modified_at) VALUES ($1, $2, $3, $4, $5, $6, $7, $8, true, false, now(), now()) ON CONFLICT (id) DO NOTHING
INFO     sqlalchemy.engine.Engine:base.py:1848 [cached since 5.629s ago] [('perm-system-config', 'cc32823b-bb13-4faf-9065-6674d23068f1', 'SYSTEM.CONFIG', 'Configuration', 'Manage', 'GLOBAL', 'System', 'Allows editing global system parameters and configurations'), ('perm-license-manage', '24e33406-0786-4226-a080-d465e91b2862', 'LICENSE.MANAGE', 'License', 'Manage', 'GLOBAL', 'System', 'Allows managing product licensing and activation keys'), ('perm-developer-debug', 'b7ae86b3-cbdd-48fc-a9ae-897884647153', 'DEVELOPER.DEBUG', 'DeveloperTools', 'Access', 'GLOBAL', 'System', 'Allows access to developer/debugging tools'), ('perm-api-manage', '1427b312-8810-4bda-acef-0276fcf0029a', 'API.MANAGE', 'APIKey', 'Manage', 'GLOBAL', 'System', 'Allows managing external API access credentials'), ('perm-security-manage_roles', '94986134-1769-472f-a6e5-83f91fdc46d6', 'SECURITY.MANAGE_ROLES', 'Role', 'Manage', 'GLOBAL', 'Security', 'Allows creating, modifying, and deleting system roles'), ('perm-security-manage_policies', '98a91dbf-f75b-4610-ae62-9dd0ea880bb4', 'SECURITY.MANAGE_POLICIES', 'Policy', 'Manage', 'GLOBAL', 'Security', 'Allows creating, modifying, and deleting access policies'), ('perm-security-view_settings', 'b69db019-b20c-4f2a-ba01-2c87fdecd123', 'SECURITY.VIEW_SETTINGS', 'Settings', 'View', 'OWN_BRANCH', 'Security', 'Allows viewing security settings and auditing logs'), ('perm-sales-create', 'a64a1dbc-f968-46bb-860c-92258bd6ede9', 'SALES.CREATE', 'Invoice', 'Create', 'OWN_BRANCH', 'Sales', 'Allows creating sales invoices')  ... displaying 10 of 60 total bound parameter sets ...  ('perm-settings-view', '7eb179ad-cfeb-41d8-a46e-45d50e6811e3', 'SETTINGS.VIEW', 'Settings', 'View', 'OWN_BRANCH', 'Core', 'Allows viewing general application settings'), ('perm-audit-view', 'e1132267-cedf-49f8-8062-d9839a9e25dd', 'AUDIT.VIEW', 'AuditLog', 'View', 'COMPANY', 'Security', 'Allows viewing immutable audit trail logs')]
INFO     sqlalchemy.engine.Engine:base.py:1848 INSERT INTO smriti_permission_sets (id, uuid, code, name, description, is_active, is_deleted, created_at, modified_at) VALUES ($1, $2, $3, $4, $5, true, false, now(), now()) ON CONFLICT (id) DO NOTHING
INFO     sqlalchemy.engine.Engine:base.py:1848 [cached since 5.63s ago] [('pol-sales-mgmt', 'b4e409c8-1171-46c3-821c-629697c59b86', 'POL-SALES-MGMT', 'Sales Management Policy', 'Sales Management Policy'), ('pol-sales-ops', '93a56995-7737-4b20-a0db-56dce7643a21', 'POL-SALES-OPS', 'Sales Operations Policy', 'Sales Operations Policy'), ('pol-inventory-mgmt', '9fcea351-4cba-45da-80ba-b4ae937c7ae4', 'POL-INVENTORY-MGMT', 'Inventory Management Policy', 'Inventory Management Policy'), ('pol-crm-mgmt', '71ea0f6f-899e-49e3-b609-210c73b4c56c', 'POL-CRM-MGMT', 'CRM Management Policy', 'CRM Management Policy'), ('pol-purchase-mgmt', 'd9811b5b-4729-4c12-bbf1-86ac6e7fd024', 'POL-PURCHASE-MGMT', 'Purchase Management Policy', 'Purchase Management Policy'), ('pol-reporting', 'cdc8c822-679e-4e6a-8ef4-1790ca341e1e', 'POL-REPORTING', 'Reporting Policy', 'Reporting Policy'), ('pol-security-admin', '2f7def9c-1a1b-43f7-8045-18c64ae93d74', 'POL-SECURITY-ADMIN', 'Security Administration Policy', 'Security Administration Policy'), ('pol-core-view', '3fb8843f-1de2-44f1-a53a-cf1ca5d00b6b', 'POL-CORE-VIEW', 'Core View Policy', 'Core View Policy')]
INFO     sqlalchemy.engine.Engine:base.py:1848 SELECT id, code FROM smriti_permission_sets
INFO     sqlalchemy.engine.Engine:base.py:1848 [cached since 5.629s ago] ()
INFO     sqlalchemy.engine.Engine:base.py:1848 SELECT id, code FROM smriti_permissions
INFO     sqlalchemy.engine.Engine:base.py:1848 [cached since 5.628s ago] ()
INFO     sqlalchemy.engine.Engine:base.py:1848 INSERT INTO smriti_permission_set_permissions (id, uuid, permission_set_id, permission_id, permission_type, created_at, modified_at) VALUES ($1, $2, $3, $4, 'ALLOW', now(), now()) ON CONFLICT DO NOTHING
INFO     sqlalchemy.engine.Engine:base.py:1848 [cached since 5.629s ago] [('9b817b92-110f-46ad-8bfb-492cf652da64', '6c2f13b7-604a-4c03-83df-3296027791e6', 'pol-sales-mgmt', 'perm-sales-create'), ('0187d014-5829-45a2-9c48-3877769d6ca9', 'd3df65cf-cbbd-4f73-b762-49787868563f', 'pol-sales-mgmt', 'perm-sales-update'), ('69d7f282-20eb-4fb0-86e6-2d8c559d55a4', '47a0f563-72e8-4633-bf1c-5c7d5b584730', 'pol-sales-mgmt', 'perm-sales-approve'), ('806a574c-3e66-4b71-a0fe-1d27520b0186', 'cd75d54e-0946-4beb-abbf-04331fbea06b', 'pol-sales-mgmt', 'perm-sales-view'), ('bacad3be-c921-47b4-b97e-280950325838', '57520e10-e49c-4eaf-a2f8-6c2eb9e851d7', 'pol-sales-mgmt', 'perm-sales-delete'), ('106688d9-6c4c-41de-80d7-6546bfa3848f', 'd728712b-5e09-45df-9210-a0794f7bd5f7', 'pol-sales-mgmt', 'perm-pos-checkout'), ('c994cb99-db9b-4380-9b6d-72cf2f6ba138', '9ff23ec7-ab33-4d3e-8792-7c23d177c493', 'pol-sales-mgmt', 'perm-pos-open_shift'), ('3dae2862-73c2-4585-8dc6-b4f0de5e582c', '99ca728d-89b6-4c6d-bfa3-4e307679fe48', 'pol-sales-mgmt', 'perm-pos-close_shift')  ... displaying 10 of 34 total bound parameter sets ...  ('451466ad-1328-49be-92fe-e188040277a9', '1e008632-9cb0-4072-8255-7ed5e0585576', 'pol-core-view', 'perm-item-view'), ('1d89778e-fb71-48fa-894f-bedef95db572', '362a9366-9236-4ad3-8fa5-5cfcdc4b57b6', 'pol-core-view', 'perm-report-view')]
INFO     sqlalchemy.engine.Engine:base.py:1848 SELECT id, code FROM smriti_roles
INFO     sqlalchemy.engine.Engine:base.py:1848 [cached since 5.629s ago] ()
INFO     sqlalchemy.engine.Engine:base.py:1848 INSERT INTO smriti_role_permission_sets (id, uuid, role_id, permission_set_id, created_at, modified_at) VALUES ($1, $2, $3, $4, now(), now()) ON CONFLICT DO NOTHING
INFO     sqlalchemy.engine.Engine:base.py:1848 [cached since 5.631s ago] [('c011bba8-d2c8-4a54-b8a8-ac3258ec3e5d', 'ac6398a1-6d56-4ae8-bfc9-3a96f0cdceb1', 'role-sysadmin', 'pol-sales-mgmt'), ('ff193b9d-41dc-4741-adac-f2a3898ac031', 'f44a40e4-3846-4ed4-8daf-ebbfc5699cde', 'role-sysadmin', 'pol-inventory-mgmt'), ('0a9f3eec-f4af-4cde-8006-48d382f4bf50', '4b41fc29-9737-4029-b36a-35fec3b1e61c', 'role-sysadmin', 'pol-crm-mgmt'), ('fa6fe1f8-ace2-49c1-b77c-c07022f5d45b', '0f435a40-5e2a-414d-9333-bf3c4ad6f825', 'role-sysadmin', 'pol-purchase-mgmt'), ('4d03fa6b-4662-4de6-a6f5-d8b13fd06281', '7de6f449-64e0-4559-b19b-8940b43176c4', 'role-sysadmin', 'pol-reporting'), ('ce45352f-d469-47f9-ba05-f4d46a1e66b8', 'd31a1314-c28d-45af-ba15-fa265736ba03', 'role-sysadmin', 'pol-security-admin'), ('6bd7c443-121c-486d-b7b1-ac94090dcf0d', 'b036dcbc-20d2-40fb-96b7-4206124d9dda', 'role-administrator', 'pol-sales-mgmt'), ('b4d15daa-d259-40e3-8268-a1f5ebb3ec17', 'c91d78f0-f601-4fef-acf9-a5f5d5c4f7b9', 'role-administrator', 'pol-inventory-mgmt')  ... displaying 10 of 39 total bound parameter sets ...  ('06ea73f7-3cfc-4a08-b30f-a1a04ec04089', '08cc8353-49b4-4954-a29c-449116a2b4b9', 'role-reporter', 'pol-reporting'), ('9383624f-7a99-4308-9c92-cb80eee9a4e9', '09edc97c-36ea-4e2f-a722-fd3ab23480b1', 'role-viewer', 'pol-core-view')]
INFO     sqlalchemy.engine.Engine:base.py:2718 COMMIT
============================== warnings summary ===============================
backend\app\schemas\accounting.py:78
  F:\SMRITRretailNXmgrt\backend\app\schemas\accounting.py:78: PydanticDeprecatedSince20: `min_items` is deprecated and will be removed, use `min_length` instead. Deprecated in Pydantic V2.0 to be removed in V3.0. See Pydantic V2 Migration Guide at https://errors.pydantic.dev/2.13/migration/
    entries: List[JournalLedgerEntrySchema] = Field(..., min_items=2)

backend\app\api\v1\nic_gst.py:27
  F:\SMRITRretailNXmgrt\backend\app\api\v1\nic_gst.py:27: PydanticDeprecatedSince20: Using extra keyword arguments on `Field` is deprecated and will be removed. Use `json_schema_extra` instead. (Extra keys: 'example'). Deprecated in Pydantic V2.0 to be removed in V3.0. See Pydantic V2 Migration Guide at https://errors.pydantic.dev/2.13/migration/
    supplier_gstin: str = Field(..., example="09AAACS1234A1Z1")

backend\app\api\v1\nic_gst.py:28
  F:\SMRITRretailNXmgrt\backend\app\api\v1\nic_gst.py:28: PydanticDeprecatedSince20: Using extra keyword arguments on `Field` is deprecated and will be removed. Use `json_schema_extra` instead. (Extra keys: 'example'). Deprecated in Pydantic V2.0 to be removed in V3.0. See Pydantic V2 Migration Guide at https://errors.pydantic.dev/2.13/migration/
    customer_gstin: str = Field(..., example="27AABCU9603R1ZM")

backend\app\api\v1\nic_gst.py:29
  F:\SMRITRretailNXmgrt\backend\app\api\v1\nic_gst.py:29: PydanticDeprecatedSince20: Using extra keyword arguments on `Field` is deprecated and will be removed. Use `json_schema_extra` instead. (Extra keys: 'example'). Deprecated in Pydantic V2.0 to be removed in V3.0. See Pydantic V2 Migration Guide at https://errors.pydantic.dev/2.13/migration/
    invoice_no: str = Field(..., example="INV-2026-001")

backend\app\api\v1\nic_gst.py:30
  F:\SMRITRretailNXmgrt\backend\app\api\v1\nic_gst.py:30: PydanticDeprecatedSince20: Using extra keyword arguments on `Field` is deprecated and will be removed. Use `json_schema_extra` instead. (Extra keys: 'example'). Deprecated in Pydantic V2.0 to be removed in V3.0. See Pydantic V2 Migration Guide at https://errors.pydantic.dev/2.13/migration/
    invoice_date: str = Field(..., example="28/07/2026")

backend\app\services\approval_resolver.py:90
  F:\SMRITRretailNXmgrt\backend\app\services\approval_resolver.py:90: DeprecationWarning: ast.Num is deprecated and will be removed in Python 3.14; use ast.Constant instead
    def visit_Num(self, node: ast.Num) -> Any:  # Py <3.8 fallback compatibility

backend\app\services\approval_resolver.py:93
  F:\SMRITRretailNXmgrt\backend\app\services\approval_resolver.py:93: DeprecationWarning: ast.Str is deprecated and will be removed in Python 3.14; use ast.Constant instead
    def visit_Str(self, node: ast.Str) -> Any:

app/tests/test_inventory.py::test_inventory_concurrent_reservations_against_final_available_quantity
app/tests/test_inventory.py::test_inventory_concurrent_reservations_against_final_available_quantity
app/tests/test_inventory.py::test_inventory_concurrent_reservations_against_final_available_quantity
app/tests/test_inventory.py::test_inventory_concurrent_reservations_against_final_available_quantity
  C:\Users\netma\AppData\Local\Programs\Python\Python313\Lib\site-packages\sqlalchemy\sql\schema.py:3623: DeprecationWarning: datetime.datetime.utcnow() is deprecated and scheduled for removal in a future version. Use timezone-aware objects to represent datetimes in UTC: datetime.datetime.now(datetime.UTC).
    return util.wrap_callable(lambda ctx: fn(), fn)  # type: ignore

C:\Users\netma\AppData\Local\Programs\Python\Python313\Lib\site-packages\_pytest\cacheprovider.py:469
  C:\Users\netma\AppData\Local\Programs\Python\Python313\Lib\site-packages\_pytest\cacheprovider.py:469: PytestCacheWarning: could not create cache path F:\SMRITRretailNXmgrt\backend\.pytest_cache\v\cache\nodeids: [WinError 5] Access is denied: 'F:\\SMRITRretailNXmgrt\\backend\\.pytest_cache\\v\\cache'
    config.cache.set("cache/nodeids", sorted(self.cached_nodeids))

C:\Users\netma\AppData\Local\Programs\Python\Python313\Lib\site-packages\_pytest\cacheprovider.py:423
  C:\Users\netma\AppData\Local\Programs\Python\Python313\Lib\site-packages\_pytest\cacheprovider.py:423: PytestCacheWarning: could not create cache path F:\SMRITRretailNXmgrt\backend\.pytest_cache\v\cache\lastfailed: [WinError 5] Access is denied: 'F:\\SMRITRretailNXmgrt\\backend\\.pytest_cache\\v\\cache'
    config.cache.set("cache/lastfailed", self.lastfailed)

-- Docs: https://docs.pytest.org/en/stable/how-to/capture-warnings.html
=========================== short test summary info ===========================
FAILED backend\app\tests\test_inventory.py::test_inventory_concurrent_reservations_against_final_available_quantity
1 failed, 14 deselected, 13 warnings in 13.59s
