F                                                                        [100%]
================================== FAILURES ===================================
__________________ test_create_barcode_provider_and_identity __________________

db_session = <sqlalchemy.orm.session.AsyncSession object at 0x0000018B21A17CB0>

    @pytest.mark.asyncio
    async def test_create_barcode_provider_and_identity(db_session):
        comp, br = await _make_tenant(db_session, "001")
        manager = await _make_user(db_session, "mgr", comp.id, br.id, role=UserRole.MANAGER)
        headers = _bearer(manager, comp.id, br.id)
        _set_tenant(comp.id, br.id)
    
        product = Product(
            id="prod-pie-001",
            code="PIE-001",
            name="PIE Product 001",
            price=100.0,
            stock=10,
            category="Footwear",
            barcode="0001112223334",
            company_id=comp.id,
            branch_id=br.id,
            is_deleted=False,
        )
        db_session.add(product)
        await db_session.commit()
    
        async with AsyncClient(transport=ASGITransport(app=app), base_url="http://test") as ac:
            provider_req = {
                "name": "GS1-IN",
                "providerType": "GS1",
                "poolCode": "EAN13-33",
                "priority": 10,
                "config": {"prefix": "890"},
                "description": "Test GS1 pool",
                "isActive": True,
            }
>           res = await ac.post("/api/v1/product-identity/providers", json=provider_req, headers=headers)
                  ^^^^^^^^^^^^^^^^^^^^^^^^^^^^^^^^^^^^^^^^^^^^^^^^^^^^^^^^^^^^^^^^^^^^^^^^^^^^^^^^^^^^^^^

app\tests\test_product_identity.py:107: 
_ _ _ _ _ _ _ _ _ _ _ _ _ _ _ _ _ _ _ _ _ _ _ _ _ _ _ _ _ _ _ _ _ _ _ _ _ _ _ _
C:\Users\netma\AppData\Roaming\Python\Python314\site-packages\httpx\_client.py:1859: in post
    return await self.request(
C:\Users\netma\AppData\Roaming\Python\Python314\site-packages\httpx\_client.py:1540: in request
    return await self.send(request, auth=auth, follow_redirects=follow_redirects)
           ^^^^^^^^^^^^^^^^^^^^^^^^^^^^^^^^^^^^^^^^^^^^^^^^^^^^^^^^^^^^^^^^^^^^^^
C:\Users\netma\AppData\Roaming\Python\Python314\site-packages\httpx\_client.py:1629: in send
    response = await self._send_handling_auth(
C:\Users\netma\AppData\Roaming\Python\Python314\site-packages\httpx\_client.py:1657: in _send_handling_auth
    response = await self._send_handling_redirects(
C:\Users\netma\AppData\Roaming\Python\Python314\site-packages\httpx\_client.py:1694: in _send_handling_redirects
    response = await self._send_single_request(request)
               ^^^^^^^^^^^^^^^^^^^^^^^^^^^^^^^^^^^^^^^^
C:\Users\netma\AppData\Roaming\Python\Python314\site-packages\httpx\_client.py:1730: in _send_single_request
    response = await transport.handle_async_request(request)
               ^^^^^^^^^^^^^^^^^^^^^^^^^^^^^^^^^^^^^^^^^^^^^
C:\Users\netma\AppData\Roaming\Python\Python314\site-packages\httpx\_transports\asgi.py:170: in handle_async_request
    await self.app(scope, receive, send)
C:\Users\netma\AppData\Roaming\Python\Python314\site-packages\fastapi\applications.py:1159: in __call__
    await super().__call__(scope, receive, send)
C:\Users\netma\AppData\Roaming\Python\Python314\site-packages\starlette\applications.py:90: in __call__
    await self.middleware_stack(scope, receive, send)
C:\Users\netma\AppData\Roaming\Python\Python314\site-packages\starlette\middleware\errors.py:186: in __call__
    raise exc
C:\Users\netma\AppData\Roaming\Python\Python314\site-packages\starlette\middleware\errors.py:164: in __call__
    await self.app(scope, receive, _send)
C:\Users\netma\AppData\Roaming\Python\Python314\site-packages\starlette\middleware\base.py:191: in __call__
    with recv_stream, send_stream, collapse_excgroups():
                                   ^^^^^^^^^^^^^^^^^^^^
C:\Python314\Lib\contextlib.py:162: in __exit__
    self.gen.throw(value)
C:\Users\netma\AppData\Roaming\Python\Python314\site-packages\starlette\_utils.py:87: in collapse_excgroups
    raise exc
C:\Users\netma\AppData\Roaming\Python\Python314\site-packages\starlette\middleware\base.py:193: in __call__
    response = await self.dispatch_func(request, call_next)
               ^^^^^^^^^^^^^^^^^^^^^^^^^^^^^^^^^^^^^^^^^^^^
app\middleware\request_logger.py:41: in dispatch
    response: Response = await call_next(request)
                         ^^^^^^^^^^^^^^^^^^^^^^^^
C:\Users\netma\AppData\Roaming\Python\Python314\site-packages\starlette\middleware\base.py:168: in call_next
    raise app_exc from app_exc.__cause__ or app_exc.__context__
C:\Users\netma\AppData\Roaming\Python\Python314\site-packages\starlette\middleware\base.py:144: in coro
    await self.app(scope, receive_or_disconnect, send_no_error)
C:\Users\netma\AppData\Roaming\Python\Python314\site-packages\starlette\middleware\cors.py:88: in __call__
    await self.app(scope, receive, send)
C:\Users\netma\AppData\Roaming\Python\Python314\site-packages\starlette\middleware\exceptions.py:63: in __call__
    await wrap_app_handling_exceptions(self.app, conn)(scope, receive, send)
C:\Users\netma\AppData\Roaming\Python\Python314\site-packages\starlette\_exception_handler.py:53: in wrapped_app
    raise exc
C:\Users\netma\AppData\Roaming\Python\Python314\site-packages\starlette\_exception_handler.py:42: in wrapped_app
    await app(scope, receive, sender)
C:\Users\netma\AppData\Roaming\Python\Python314\site-packages\fastapi\middleware\asyncexitstack.py:18: in __call__
    await self.app(scope, receive, send)
C:\Users\netma\AppData\Roaming\Python\Python314\site-packages\starlette\routing.py:660: in __call__
    await self.middleware_stack(scope, receive, send)
C:\Users\netma\AppData\Roaming\Python\Python314\site-packages\starlette\routing.py:680: in app
    await route.handle(scope, receive, send)
C:\Users\netma\AppData\Roaming\Python\Python314\site-packages\starlette\routing.py:276: in handle
    await self.app(scope, receive, send)
C:\Users\netma\AppData\Roaming\Python\Python314\site-packages\fastapi\routing.py:134: in app
    await wrap_app_handling_exceptions(app, request)(scope, receive, send)
C:\Users\netma\AppData\Roaming\Python\Python314\site-packages\starlette\_exception_handler.py:53: in wrapped_app
    raise exc
C:\Users\netma\AppData\Roaming\Python\Python314\site-packages\starlette\_exception_handler.py:42: in wrapped_app
    await app(scope, receive, sender)
C:\Users\netma\AppData\Roaming\Python\Python314\site-packages\fastapi\routing.py:120: in app
    response = await f(request)
               ^^^^^^^^^^^^^^^^
C:\Users\netma\AppData\Roaming\Python\Python314\site-packages\fastapi\routing.py:695: in app
    content = await serialize_response(
_ _ _ _ _ _ _ _ _ _ _ _ _ _ _ _ _ _ _ _ _ _ _ _ _ _ _ _ _ _ _ _ _ _ _ _ _ _ _ _

    async def serialize_response(
        *,
        field: ModelField | None = None,
        response_content: Any,
        include: IncEx | None = None,
        exclude: IncEx | None = None,
        by_alias: bool = True,
        exclude_unset: bool = False,
        exclude_defaults: bool = False,
        exclude_none: bool = False,
        is_coroutine: bool = True,
        endpoint_ctx: EndpointContext | None = None,
        dump_json: bool = False,
    ) -> Any:
        if field:
            if is_coroutine:
                value, errors = field.validate(response_content, {}, loc=("response",))
            else:
                value, errors = await run_in_threadpool(
                    field.validate, response_content, {}, loc=("response",)
                )
            if errors:
                ctx = endpoint_ctx or EndpointContext()
>               raise ResponseValidationError(
                    errors=errors,
                    body=response_content,
                    endpoint_ctx=ctx,
                )
E               fastapi.exceptions.ResponseValidationError: 5 validation errors:
E                 {'type': 'missing', 'loc': ('response', 'providerType'), 'msg': 'Field required', 'input': <app.models.product_identity.BarcodeProvider object at 0x0000018B222E02F0>}
E                 {'type': 'missing', 'loc': ('response', 'isActive'), 'msg': 'Field required', 'input': <app.models.product_identity.BarcodeProvider object at 0x0000018B222E02F0>}
E                 {'type': 'missing', 'loc': ('response', 'createdAt'), 'msg': 'Field required', 'input': <app.models.product_identity.BarcodeProvider object at 0x0000018B222E02F0>}
E                 {'type': 'missing', 'loc': ('response', 'modifiedAt'), 'msg': 'Field required', 'input': <app.models.product_identity.BarcodeProvider object at 0x0000018B222E02F0>}
E                 {'type': 'missing', 'loc': ('response', 'isDeleted'), 'msg': 'Field required', 'input': <app.models.product_identity.BarcodeProvider object at 0x0000018B222E02F0>}
E               
E                 File "F:\SMRITRretailNXmgrt\backend\app\api\v1\product_identity.py", line 34, in create_provider
E                   POST /api/v1/product-identity/providers

C:\Users\netma\AppData\Roaming\Python\Python314\site-packages\fastapi\routing.py:300: ResponseValidationError
------------------------------ Captured log call ------------------------------
WARNING  passlib.handlers.bcrypt:bcrypt.py:622 (trapped) error reading bcrypt version
Traceback (most recent call last):
  File "F:\SMRITRretailNXmgrt\backend\app\core\security.py", line 49, in hash_password
    return pwd_context.hash(password)
           ~~~~~~~~~~~~~~~~^^^^^^^^^^
  File "C:\Users\netma\AppData\Roaming\Python\Python314\site-packages\passlib\context.py", line 2258, in hash
    return record.hash(secret, **kwds)
           ~~~~~~~~~~~^^^^^^^^^^^^^^^^
  File "C:\Users\netma\AppData\Roaming\Python\Python314\site-packages\passlib\handlers\argon2.py", line 664, in hash
    cls._stub_requires_backend()
    ~~~~~~~~~~~~~~~~~~~~~~~~~~^^
  File "C:\Users\netma\AppData\Roaming\Python\Python314\site-packages\passlib\utils\handlers.py", line 2254, in _stub_requires_backend
    cls.set_backend()
    ~~~~~~~~~~~~~~~^^
  File "C:\Users\netma\AppData\Roaming\Python\Python314\site-packages\passlib\utils\handlers.py", line 2156, in set_backend
    return owner.set_backend(name, dryrun=dryrun)
           ~~~~~~~~~~~~~~~~~^^^^^^^^^^^^^^^^^^^^^
  File "C:\Users\netma\AppData\Roaming\Python\Python314\site-packages\passlib\utils\handlers.py", line 2176, in set_backend
    raise default_error
passlib.exc.MissingBackendError: argon2: no backends available -- recommend you install one (e.g. 'pip install argon2_cffi')

During handling of the above exception, another exception occurred:

Traceback (most recent call last):
  File "C:\Users\netma\AppData\Roaming\Python\Python314\site-packages\passlib\handlers\bcrypt.py", line 620, in _load_backend_mixin
    version = _bcrypt.__about__.__version__
              ^^^^^^^^^^^^^^^^^
AttributeError: module 'bcrypt' has no attribute '__about__'
============================== warnings summary ===============================
app\tests\conftest.py:25
  F:\SMRITRretailNXmgrt\backend\app\tests\conftest.py:25: DeprecationWarning: 'asyncio.WindowsSelectorEventLoopPolicy' is deprecated and slated for removal in Python 3.16
    asyncio.set_event_loop_policy(asyncio.WindowsSelectorEventLoopPolicy())

app\tests\conftest.py:25
  F:\SMRITRretailNXmgrt\backend\app\tests\conftest.py:25: DeprecationWarning: 'asyncio.set_event_loop_policy' is deprecated and slated for removal in Python 3.16
    asyncio.set_event_loop_policy(asyncio.WindowsSelectorEventLoopPolicy())

app/tests/test_product_identity.py::test_create_barcode_provider_and_identity
app/tests/test_product_identity.py::test_create_barcode_provider_and_identity
app/tests/test_product_identity.py::test_create_barcode_provider_and_identity
app/tests/test_product_identity.py::test_create_barcode_provider_and_identity
  C:\Users\netma\AppData\Roaming\Python\Python314\site-packages\sqlalchemy\sql\schema.py:3624: DeprecationWarning: datetime.datetime.utcnow() is deprecated and scheduled for removal in a future version. Use timezone-aware objects to represent datetimes in UTC: datetime.datetime.now(datetime.UTC).
    return util.wrap_callable(lambda ctx: fn(), fn)  # type: ignore

app/tests/test_product_identity.py::test_create_barcode_provider_and_identity
  C:\Users\netma\AppData\Roaming\Python\Python314\site-packages\jose\jwt.py:311: DeprecationWarning: datetime.datetime.utcnow() is deprecated and scheduled for removal in a future version. Use timezone-aware objects to represent datetimes in UTC: datetime.datetime.now(datetime.UTC).
    now = timegm(datetime.utcnow().utctimetuple())

-- Docs: https://docs.pytest.org/en/stable/how-to/capture-warnings.html
=========================== short test summary info ===========================
FAILED app/tests/test_product_identity.py::test_create_barcode_provider_and_identity
1 failed, 7 warnings in 4.29s
